Component: ARM Compiler 5.06 update 7 (build 960) Tool: armlink [4d3601]

==============================================================================

Section Cross References

    startup_stm32f427xx.o(RESET) refers to startup_stm32f427xx.o(STACK) for __initial_sp
    startup_stm32f427xx.o(RESET) refers to startup_stm32f427xx.o(.text) for Reset_Handler
    startup_stm32f427xx.o(RESET) refers to stm32f4xx_it.o(i.NMI_Handler) for NMI_Handler
    startup_stm32f427xx.o(RESET) refers to stm32f4xx_it.o(i.HardFault_Handler) for HardFault_Handler
    startup_stm32f427xx.o(RESET) refers to stm32f4xx_it.o(i.MemManage_Handler) for MemManage_Handler
    startup_stm32f427xx.o(RESET) refers to stm32f4xx_it.o(i.BusFault_Handler) for BusFault_Handler
    startup_stm32f427xx.o(RESET) refers to stm32f4xx_it.o(i.UsageFault_Handler) for UsageFault_Handler
    startup_stm32f427xx.o(RESET) refers to port.o(.emb_text) for SVC_Handler
    startup_stm32f427xx.o(RESET) refers to stm32f4xx_it.o(i.DebugMon_Handler) for DebugMon_Handler
    startup_stm32f427xx.o(RESET) refers to port.o(i.SysTick_Handler) for SysTick_Handler
    startup_stm32f427xx.o(RESET) refers to stm32f4xx_it.o(i.DMA1_Stream5_IRQHandler) for DMA1_Stream5_IRQHandler
    startup_stm32f427xx.o(RESET) refers to stm32f4xx_it.o(i.CAN1_TX_IRQHandler) for CAN1_TX_IRQHandler
    startup_stm32f427xx.o(RESET) refers to stm32f4xx_it.o(i.CAN1_RX0_IRQHandler) for CAN1_RX0_IRQHandler
    startup_stm32f427xx.o(RESET) refers to stm32f4xx_it.o(i.USART1_IRQHandler) for USART1_IRQHandler
    startup_stm32f427xx.o(RESET) refers to stm32f4xx_it.o(i.USART2_IRQHandler) for USART2_IRQHandler
    startup_stm32f427xx.o(RESET) refers to stm32f4xx_it.o(i.TIM8_TRG_COM_TIM14_IRQHandler) for TIM8_TRG_COM_TIM14_IRQHandler
    startup_stm32f427xx.o(RESET) refers to stm32f4xx_it.o(i.DMA2_Stream1_IRQHandler) for DMA2_Stream1_IRQHandler
    startup_stm32f427xx.o(RESET) refers to stm32f4xx_it.o(i.DMA2_Stream2_IRQHandler) for DMA2_Stream2_IRQHandler
    startup_stm32f427xx.o(RESET) refers to stm32f4xx_it.o(i.CAN2_TX_IRQHandler) for CAN2_TX_IRQHandler
    startup_stm32f427xx.o(RESET) refers to stm32f4xx_it.o(i.CAN2_RX0_IRQHandler) for CAN2_RX0_IRQHandler
    startup_stm32f427xx.o(RESET) refers to stm32f4xx_it.o(i.USART6_IRQHandler) for USART6_IRQHandler
    startup_stm32f427xx.o(RESET) refers to stm32f4xx_it.o(i.UART7_IRQHandler) for UART7_IRQHandler
    startup_stm32f427xx.o(RESET) refers to stm32f4xx_it.o(i.UART8_IRQHandler) for UART8_IRQHandler
    startup_stm32f427xx.o(.text) refers to system_stm32f4xx.o(i.SystemInit) for SystemInit
    startup_stm32f427xx.o(.text) refers to entry.o(.ARM.Collect$$$$00000000) for __main
    main.o(i.HAL_TIM_PeriodElapsedCallback) refers to stm32f4xx_hal.o(i.HAL_IncTick) for HAL_IncTick
    main.o(i.SystemClock_Config) refers to memseta.o(.text) for __aeabi_memclr4
    main.o(i.SystemClock_Config) refers to stm32f4xx_hal_rcc.o(i.HAL_RCC_OscConfig) for HAL_RCC_OscConfig
    main.o(i.SystemClock_Config) refers to stm32f4xx_hal_pwr_ex.o(i.HAL_PWREx_EnableOverDrive) for HAL_PWREx_EnableOverDrive
    main.o(i.SystemClock_Config) refers to stm32f4xx_hal_rcc.o(i.HAL_RCC_ClockConfig) for HAL_RCC_ClockConfig
    main.o(i.fputc) refers to stm32f4xx_hal_uart.o(i.HAL_UART_Transmit) for HAL_UART_Transmit
    main.o(i.fputc) refers to usart.o(.bss) for huart6
    main.o(i.main) refers to stm32f4xx_hal.o(i.HAL_Init) for HAL_Init
    main.o(i.main) refers to main.o(i.SystemClock_Config) for SystemClock_Config
    main.o(i.main) refers to gpio.o(i.MX_GPIO_Init) for MX_GPIO_Init
    main.o(i.main) refers to dma.o(i.MX_DMA_Init) for MX_DMA_Init
    main.o(i.main) refers to can.o(i.MX_CAN1_Init) for MX_CAN1_Init
    main.o(i.main) refers to can.o(i.MX_CAN2_Init) for MX_CAN2_Init
    main.o(i.main) refers to spi.o(i.MX_SPI4_Init) for MX_SPI4_Init
    main.o(i.main) refers to usart.o(i.MX_USART1_UART_Init) for MX_USART1_UART_Init
    main.o(i.main) refers to usart.o(i.MX_USART2_UART_Init) for MX_USART2_UART_Init
    main.o(i.main) refers to usart.o(i.MX_USART3_UART_Init) for MX_USART3_UART_Init
    main.o(i.main) refers to usart.o(i.MX_USART6_UART_Init) for MX_USART6_UART_Init
    main.o(i.main) refers to usart.o(i.MX_UART7_Init) for MX_UART7_Init
    main.o(i.main) refers to usart.o(i.MX_UART8_Init) for MX_UART8_Init
    main.o(i.main) refers to tim.o(i.MX_TIM4_Init) for MX_TIM4_Init
    main.o(i.main) refers to tim.o(i.MX_TIM8_Init) for MX_TIM8_Init
    main.o(i.main) refers to bsp_sbus.o(i.dbus_uart_init) for dbus_uart_init
    main.o(i.main) refers to stm32f4xx_hal_tim.o(i.HAL_TIM_PWM_Start) for HAL_TIM_PWM_Start
    main.o(i.main) refers to shell_port.o(i.userShellInit) for userShellInit
    main.o(i.main) refers to bsp_can.o(i.my_can_filter_init_recv_all) for my_can_filter_init_recv_all
    main.o(i.main) refers to bsp_can.o(i.can_filter_recv_special) for can_filter_recv_special
[...]
    shellCommandhelp                         0x08011108   Data          16  shell.o(shellCommand)
    shellCommandusers                        0x08011118   Data          16  shell.o(shellCommand)
    shellCommandcmds                         0x08011128   Data          16  shell.o(shellCommand)
    shellCommandvars                         0x08011138   Data          16  shell.o(shellCommand)
    shellCommandkeys                         0x08011148   Data          16  shell.o(shellCommand)
    shellCommandclear                        0x08011158   Data          16  shell.o(shellCommand)
    shellCommandlogSetLevel                  0x08011168   Data          16  log.o(shellCommand)
    shellCommandhexdump                      0x08011178   Data          16  log.o(shellCommand)
    shellKey0x04000000                       0x08011188   Data          16  log.o(shellCommand)
    shellCommanddata                         0x08011198   Data          16  commend.o(shellCommand)
    shellCommandvar                          0x080111a8   Data          16  commend.o(shellCommand)
    shellCommandkp                           0x080111b8   Data          16  test_task.o(shellCommand)
    shellCommandki                           0x080111c8   Data          16  test_task.o(shellCommand)
    shellCommandkd                           0x080111d8   Data          16  test_task.o(shellCommand)
    shellCommandt                            0x080111e8   Data          16  test_task.o(shellCommand)
    shellCommand$$Limit                      0x080111f8   Number         0  test_task.o(shellCommand)
    pos_x                                    0x2000005c   Data           4  main.o(.data)
    pos_y                                    0x20000060   Data           4  main.o(.data)
    zangle                                   0x20000064   Data           4  main.o(.data)
    xangle                                   0x20000068   Data           4  main.o(.data)
    yangle                                   0x2000006c   Data           4  main.o(.data)
    w_z                                      0x20000070   Data           4  main.o(.data)
    Rx_len_Huart2                            0x20000074   Data           1  main.o(.data)
    testTaskHandle                           0x20000078   Data           4  freertos.o(.data)
    chassisTaskHandle                        0x2000007c   Data           4  freertos.o(.data)
    ledTaskHandle                            0x20000080   Data           4  freertos.o(.data)
    solenoidTaskHandle                       0x20000084   Data           4  freertos.o(.data)
    shellMutexHandle                         0x20000088   Data           4  freertos.o(.data)
    uwTickFreq                               0x20000094   Data           1  stm32f4xx_hal.o(.data)
    uwTickPrio                               0x20000098   Data           4  stm32f4xx_hal.o(.data)
    uwTick                                   0x2000009c   Data           4  stm32f4xx_hal.o(.data)
    SystemCoreClock                          0x200000a0   Data           4  system_stm32f4xx.o(.data)
    pxCurrentTCB                             0x200000a4   Data           4  tasks.o(.data)
    shelldata                                0x20000160   Data           1  shell_port.o(.data)
    uartLog                                  0x20000164   Data          12  shell_port.o(.data)
    b                                        0x20000170   Data           1  commend.o(.data)
    _var_begin                               0x20000174   Data           4  commend.o(.data)
    a                                        0x20000178   Data           4  commend.o(.data)
    a1                                       0x2000017c   Data           4  commend.o(.data)
    d                                        0x20000180   Data           4  commend.o(.data)
    c                                        0x20000188   Data           8  commend.o(.data)
    command                                  0x20000190   Data           2  bsp_as5048.o(.data)
    angleValue                               0x20000192   Data           2  bsp_as5048.o(.data)
    rx_data_0                                0x20000194   Data           1  bsp_vesc.o(.data)
    is_send_uart7                            0x20000195   Data           1  bsp_vesc.o(.data)
    is_send_uart8                            0x20000196   Data           1  bsp_vesc.o(.data)
    Chassis_Behaviour_Mode                   0x20000197   Data           1  chassis_behaviour.o(.data)
    target                                   0x20000198   Data           4  test_task.o(.data)
    sigan_speed                              0x2000019c   Data           4  test_task.o(.data)
    simple_rc_ctrl                           0x200001a0   Data           1  solenoid_task.o(.data)
    send_func                                0x200001a8   Data           4  bldc_interface.o(.data)
    __stdout                                 0x20000230   Data           4  stdout.o(.data)
    __microlib_freelist                      0x20000234   Data           4  mvars.o(.data)
    __microlib_freelist_initialised          0x20000238   Data           4  mvars.o(.data)
    kvdb                                     0x20000240   Data         748  main.o(.bss)
    ReceiveBuff_Huart2                       0x2000052c   Data         255  main.o(.bss)
    Read_init_AS5048A                        0x2000062c   Data          16  main.o(.bss)
    hcan1                                    0x20000890   Data          40  can.o(.bss)
    hcan2                                    0x200008b8   Data          40  can.o(.bss)
    hspi4                                    0x200008e0   Data          88  spi.o(.bss)
    htim4                                    0x20000938   Data          72  tim.o(.bss)
    htim8                                    0x20000980   Data          72  tim.o(.bss)
    huart7                                   0x200009e0   Data          68  usart.o(.bss)
    huart8                                   0x20000a24   Data          68  usart.o(.bss)
    huart1                                   0x20000a68   Data          68  usart.o(.bss)
    huart2                                   0x20000aac   Data          68  usart.o(.bss)
    huart3                                   0x20000af0   Data          68  usart.o(.bss)
    huart6                                   0x20000b34   Data          68  usart.o(.bss)
    hdma_usart1_rx                           0x20000b78   Data          96  usart.o(.bss)
    hdma_usart2_rx                           0x20000bd8   Data          96  usart.o(.bss)
    hdma_usart6_rx                           0x20000c38   Data          96  usart.o(.bss)
    htim14                                   0x20000cb0   Data          72  stm32f4xx_hal_timebase_tim.o(.bss)
    pFlash                                   0x20000cf8   Data          32  stm32f4xx_hal_flash.o(.bss)
    logList                                  0x20004a28   Data          20  log.o(.bss)
    shell                                    0x20004bbc   Data         120  shell_port.o(.bss)
    shellBuffer                              0x20004c34   Data         512  shell_port.o(.bss)
    shell_rxfifo                             0x20004e34   Data          16  shell_port.o(.bss)
    motor_can1                               0x20004e44   Data         416  bsp_can.o(.bss)
    motor_can2                               0x20004fe4   Data         416  bsp_can.o(.bss)
    dbus_buf                                 0x20005184   Data          25  bsp_sbus.o(.bss)
    rc                                       0x2000519d   Data          34  bsp_sbus.o(.bss)
    Chassis_Move                             0x200051c0   Data        2132  chassis_task.o(.bss)
    TripodHead_Position_pid                  0x20005a14   Data         108  test_task.o(.bss)
    SiGan_Speed_pid                          0x20005a80   Data         108  test_task.o(.bss)
    __heap_base                              0x200065a0   Data           0  startup_stm32f427xx.o(HEAP)
    __heap_limit                             0x200068a0   Data           0  startup_stm32f427xx.o(HEAP)
    __initial_sp                             0x20006ca0   Data           0  startup_stm32f427xx.o(STACK)



==============================================================================

Memory Map of the image

  Image Entry point : 0x080001ad

  Load Region LR_IROM1 (Base: 0x08000000, Size: 0x00011438, Max: 0x00200000, ABSOLUTE, COMPRESSED[0x0001128c])

    Execution Region ER_IROM1 (Exec base: 0x08000000, Load base: 0x08000000, Size: 0x000111f8, Max: 0x00200000, ABSOLUTE)

    Exec Addr    Load Addr    Size         Type   Attr      Idx    E Section Name        Object

    0x08000000   0x08000000   0x000001ac   Data   RO            3    RESET               startup_stm32f427xx.o
    0x080001ac   0x080001ac   0x00000000   Code   RO         8575  * .ARM.Collect$$$$00000000  mc_w.l(entry.o)
    0x080001ac   0x080001ac   0x00000004   Code   RO         8965    .ARM.Collect$$$$00000001  mc_w.l(entry2.o)
    0x080001b0   0x080001b0   0x00000004   Code   RO         8968    .ARM.Collect$$$$00000004  mc_w.l(entry5.o)
    0x080001b4   0x080001b4   0x00000000   Code   RO         8970    .ARM.Collect$$$$00000008  mc_w.l(entry7b.o)
    0x080001b4   0x080001b4   0x00000000   Code   RO         8972    .ARM.Collect$$$$0000000A  mc_w.l(entry8b.o)
    0x080001b4   0x080001b4   0x00000008   Code   RO         8973    .ARM.Collect$$$$0000000B  mc_w.l(entry9a.o)
    0x080001bc   0x080001bc   0x00000004   Code   RO         8980    .ARM.Collect$$$$0000000E  mc_w.l(entry12b.o)
    0x080001c0   0x080001c0   0x00000000   Code   RO         8975    .ARM.Collect$$$$0000000F  mc_w.l(entry10a.o)
    0x080001c0   0x080001c0   0x00000000   Code   RO         8977    .ARM.Collect$$$$00000011  mc_w.l(entry11a.o)
    0x080001c0   0x080001c0   0x00000004   Code   RO         8966    .ARM.Collect$$$$00002712  mc_w.l(entry2.o)
    0x080001c4   0x080001c4   0x000000be   Code   RO         5377    .emb_text           port.o
    0x08000282   0x08000282   0x00000002   PAD
    0x08000284   0x08000284   0x00000024   Code   RO            4    .text               startup_stm32f427xx.o
    0x080002a8   0x080002a8   0x00000062   Code   RO         8578    .text               mc_w.l(uldiv.o)
    0x0800030a   0x0800030a   0x00000024   Code   RO         8583    .text               mc_w.l(memcpya.o)
    0x0800032e   0x0800032e   0x00000024   Code   RO         8587    .text               mc_w.l(memseta.o)
    0x08000352   0x08000352   0x00000018   Code   RO         8589    .text               mc_w.l(strncpy.o)
    0x0800036a   0x0800036a   0x0000000e   Code   RO         8591    .text               mc_w.l(strlen.o)
    0x08000378   0x08000378   0x0000001c   Code   RO         8593    .text               mc_w.l(strcmp.o)
    0x08000394   0x08000394   0x00000012   Code   RO         8595    .text               mc_w.l(strcpy.o)
    0x080003a6   0x080003a6   0x0000001e   Code   RO         8597    .text               mc_w.l(strncmp.o)
    0x080003c4   0x080003c4   0x0000001a   Code   RO         8892    .text               mc_w.l(atoi.o)
    0x080003de   0x080003de   0x0000014e   Code   RO         8894    .text               mf_w.l(dadd.o)
    0x0800052c   0x0800052c   0x000000e4   Code   RO         8896    .text               mf_w.l(dmul.o)
    0x08000610   0x08000610   0x000000de   Code   RO         8898    .text               mf_w.l(ddiv.o)
    0x080006ee   0x080006ee   0x00000022   Code   RO         8900    .text               mf_w.l(dflti.o)
    0x08000710   0x08000710   0x0000001a   Code   RO         8902    .text               mf_w.l(dfltui.o)
    0x0800072a   0x0800072a   0x00000026   Code   RO         8908    .text               mf_w.l(f2d.o)
    0x08000750   0x08000750   0x00000038   Code   RO         8910    .text               mf_w.l(d2f.o)
    0x08000788   0x08000788   0x0000002c   Code   RO         8982    .text               mc_w.l(uidiv.o)
    0x080007b4   0x080007b4   0x0000001e   Code   RO         8984    .text               mc_w.l(llshl.o)
    0x080007d2   0x080007d2   0x00000020   Code   RO         8986    .text               mc_w.l(llushr.o)
    0x080007f2   0x080007f2   0x00000024   Code   RO         8988    .text               mc_w.l(llsshr.o)
    0x08000816   0x08000816   0x00000002   PAD
    0x08000818   0x08000818   0x00000360   Code   RO         9011    .text               mc_w.l(scanf_fp.o)
    0x08000b78   0x08000b78   0x00000040   Code   RO         9017    .text               mc_w.l(_sgetc.o)
    0x08000bb8   0x08000bb8   0x0000009c   Code   RO         9019    .text               mc_w.l(strtod.o)
    0x08000c54   0x08000c54   0x00000070   Code   RO         9021    .text               mc_w.l(strtol.o)
    0x08000cc4   0x08000cc4   0x00000000   Code   RO         9023    .text               mc_w.l(iusefp.o)
    0x08000cc4   0x08000cc4   0x0000006e   Code   RO         9024    .text               mf_w.l(fepilogue.o)
    0x08000d32   0x08000d32   0x00000018   Code   RO         9026    .text               mf_w.l(fscalb.o)
    0x08000d4a   0x08000d4a   0x000000ba   Code   RO         9028    .text               mf_w.l(depilogue.o)
    0x08000e04   0x08000e04   0x0000002e   Code   RO         9032    .text               mf_w.l(dscalb.o)
    0x08000e32   0x08000e32   0x000000a2   Code   RO         9034    .text               mf_w.l(dsqrt.o)
    0x08000ed4   0x08000ed4   0x00000030   Code   RO         9036    .text               mf_w.l(dfixul.o)
    0x08000f04   0x08000f04   0x00000030   Code   RO         9038    .text               mf_w.l(cdcmple.o)
    0x08000f34   0x08000f34   0x00000030   Code   RO         9040    .text               mf_w.l(cdrcmple.o)
    0x08000f64   0x08000f64   0x00000024   Code   RO         9044    .text               mc_w.l(init.o)
    0x08000f88   0x08000f88   0x00000008   Code   RO         9048    .text               mc_w.l(ctype_o.o)
    0x08000f90   0x08000f90   0x00000012   Code   RO         9070    .text               mc_w.l(isspace_o.o)
    0x08000fa2   0x08000fa2   0x0000001c   Code   RO         9076    .text               mc_w.l(_chval.o)
    0x08000fbe   0x08000fbe   0x0000009e   Code   RO         9080    .text               mc_w.l(_strtoul.o)
    0x0800105c   0x0800105c   0x00000018   Code   RO         9082    .text               mf_w.l(dfltul.o)
    0x08001074   0x08001074   0x00000056   Code   RO         9095    .text               mc_w.l(__dczerorl2.o)
    0x080010ca   0x080010ca   0x00000002   Code   RO          812    i.BusFault_Handler  stm32f4xx_it.o
    0x080010cc   0x080010cc   0x0000000c   Code   RO          813    i.CAN1_RX0_IRQHandler  stm32f4xx_it.o
    0x080010d8   0x080010d8   0x0000000c   Code   RO          814    i.CAN1_TX_IRQHandler  stm32f4xx_it.o
    0x080010e4   0x080010e4   0x0000000c   Code   RO          815    i.CAN2_RX0_IRQHandler  stm32f4xx_it.o
    0x080010f0   0x080010f0   0x0000000c   Code   RO          816    i.CAN2_TX_IRQHandler  stm32f4xx_it.o
    0x080010fc   0x080010fc   0x00000050   Code   RO         6247    i.Can_TxMessage     bsp_can.o
    0x0800114c   0x0800114c   0x0000000c   Code   RO          817    i.DMA1_Stream5_IRQHandler  stm32f4xx_it.o
    0x08001158   0x08001158   0x0000000c   Code   RO          818    i.DMA2_Stream1_IRQHandler  stm32f4xx_it.o
    0x08001164   0x08001164   0x0000000c   Code   RO          819    i.DMA2_Stream2_IRQHandler  stm32f4xx_it.o
    0x08001170   0x08001170   0x00000028   Code   RO         1767    i.DMA_CalcBaseAndBitshift  stm32f4xx_hal_dma.o
    0x08001198   0x08001198   0x00000054   Code   RO         1768    i.DMA_CheckFifoParam  stm32f4xx_hal_dma.o
    0x080011ec   0x080011ec   0x00000028   Code   RO         1769    i.DMA_SetConfig     stm32f4xx_hal_dma.o
    0x08001214   0x08001214   0x00000002   Code   RO          820    i.DebugMon_Handler  stm32f4xx_it.o
    0x08001216   0x08001216   0x00000004   Code   RO           13    i.Error_Handler     main.o
    0x0800121a   0x0800121a   0x00000002   PAD
    0x0800121c   0x0800121c   0x00000054   Code   RO         1542    i.FLASH_Erase_Sector  stm32f4xx_hal_flash_ex.o
    0x08001270   0x08001270   0x00000054   Code   RO         1543    i.FLASH_FlushCaches  stm32f4xx_hal_flash_ex.o
    0x080012c4   0x080012c4   0x00000040   Code   RO         1544    i.FLASH_MassErase   stm32f4xx_hal_flash_ex.o
    0x08001304   0x08001304   0x00000020   Code   RO         1424    i.FLASH_Program_Byte  stm32f4xx_hal_flash.o
    0x08001324   0x08001324   0x0000002c   Code   RO         1425    i.FLASH_Program_DoubleWord  stm32f4xx_hal_flash.o
    0x08001350   0x08001350   0x00000024   Code   RO         1426    i.FLASH_Program_HalfWord  stm32f4xx_hal_flash.o
    0x08001374   0x08001374   0x00000024   Code   RO         1427    i.FLASH_Program_Word  stm32f4xx_hal_flash.o
    0x08001398   0x08001398   0x0000007c   Code   RO         1428    i.FLASH_SetErrorCode  stm32f4xx_hal_flash.o
    0x08001414   0x08001414   0x00000050   Code   RO         1429    i.FLASH_WaitForLastOperation  stm32f4xx_hal_flash.o
    0x08001464   0x08001464   0x00000018   Code   RO         6955    i.Fetch_ring        solenoid_task.o
    0x0800147c   0x0800147c   0x00000038   Code   RO         6231    i.GET_AS5048A_ANGLE  bsp_as5048.o
    0x080014b4   0x080014b4   0x00000024   Code   RO         1023    i.HAL_CAN_ActivateNotification  stm32f4xx_hal_can.o
    0x080014d8   0x080014d8   0x000000dc   Code   RO         1024    i.HAL_CAN_AddTxMessage  stm32f4xx_hal_can.o
    0x080015b4   0x080015b4   0x0000010c   Code   RO         1025    i.HAL_CAN_ConfigFilter  stm32f4xx_hal_can.o
    0x080016c0   0x080016c0   0x00000002   Code   RO         1028    i.HAL_CAN_ErrorCallback  stm32f4xx_hal_can.o
    0x080016c2   0x080016c2   0x000000e8   Code   RO         1031    i.HAL_CAN_GetRxMessage  stm32f4xx_hal_can.o
    0x080017aa   0x080017aa   0x0000002c   Code   RO         1033    i.HAL_CAN_GetTxMailboxesFreeLevel  stm32f4xx_hal_can.o
    0x080017d6   0x080017d6   0x000001fc   Code   RO         1035    i.HAL_CAN_IRQHandler  stm32f4xx_hal_can.o
    0x080019d2   0x080019d2   0x0000011a   Code   RO         1036    i.HAL_CAN_Init      stm32f4xx_hal_can.o
    0x08001aec   0x08001aec   0x0000011c   Code   RO          526    i.HAL_CAN_MspInit   can.o
    0x08001c08   0x08001c08   0x00000002   Code   RO         1043    i.HAL_CAN_RxFifo0FullCallback  stm32f4xx_hal_can.o
    0x08001c0a   0x08001c0a   0x00000002   PAD
    0x08001c0c   0x08001c0c   0x00000070   Code   RO         6248    i.HAL_CAN_RxFifo0MsgPendingCallback  bsp_can.o
    0x08001c7c   0x08001c7c   0x00000002   Code   RO         1045    i.HAL_CAN_RxFifo1FullCallback  stm32f4xx_hal_can.o
    0x08001c7e   0x08001c7e   0x00000002   Code   RO         1046    i.HAL_CAN_RxFifo1MsgPendingCallback  stm32f4xx_hal_can.o
    0x08001c80   0x08001c80   0x00000002   Code   RO         1047    i.HAL_CAN_SleepCallback  stm32f4xx_hal_can.o
    0x08001c82   0x08001c82   0x00000002   PAD
    0x08001c84   0x08001c84   0x00000058   Code   RO         1048    i.HAL_CAN_Start     stm32f4xx_hal_can.o
    0x08001cdc   0x08001cdc   0x00000002   Code   RO         1050    i.HAL_CAN_TxMailbox0AbortCallback  stm32f4xx_hal_can.o
    0x08001cde   0x08001cde   0x00000002   Code   RO         1051    i.HAL_CAN_TxMailbox0CompleteCallback  stm32f4xx_hal_can.o
    0x08001ce0   0x08001ce0   0x00000002   Code   RO         1052    i.HAL_CAN_TxMailbox1AbortCallback  stm32f4xx_hal_can.o
    0x08001ce2   0x08001ce2   0x00000002   Code   RO         1053    i.HAL_CAN_TxMailbox1CompleteCallback  stm32f4xx_hal_can.o
    0x08001ce4   0x08001ce4   0x00000002   Code   RO         1054    i.HAL_CAN_TxMailbox2AbortCallback  stm32f4xx_hal_can.o
    0x08001ce6   0x08001ce6   0x00000002   Code   RO         1055    i.HAL_CAN_TxMailbox2CompleteCallback  stm32f4xx_hal_can.o
    0x08001ce8   0x08001ce8   0x00000002   Code   RO         1057    i.HAL_CAN_WakeUpFromRxMsgCallback  stm32f4xx_hal_can.o
    0x08001cea   0x08001cea   0x00000092   Code   RO         1770    i.HAL_DMA_Abort     stm32f4xx_hal_dma.o
    0x08001d7c   0x08001d7c   0x00000024   Code   RO         1771    i.HAL_DMA_Abort_IT  stm32f4xx_hal_dma.o
    0x08001da0   0x08001da0   0x000001a0   Code   RO         1775    i.HAL_DMA_IRQHandler  stm32f4xx_hal_dma.o
    0x08001f40   0x08001f40   0x000000d4   Code   RO         1776    i.HAL_DMA_Init      stm32f4xx_hal_dma.o
    0x08002014   0x08002014   0x00000046   Code   RO         1779    i.HAL_DMA_Start     stm32f4xx_hal_dma.o
    0x0800205a   0x0800205a   0x0000006e   Code   RO         1780    i.HAL_DMA_Start_IT  stm32f4xx_hal_dma.o
    0x080020c8   0x080020c8   0x0000009c   Code   RO         1549    i.HAL_FLASHEx_Erase  stm32f4xx_hal_flash_ex.o
    0x08002164   0x08002164   0x00000014   Code   RO         1433    i.HAL_FLASH_Lock    stm32f4xx_hal_flash.o
    0x08002178   0x08002178   0x0000007c   Code   RO         1438    i.HAL_FLASH_Program  stm32f4xx_hal_flash.o
    0x080021f4   0x080021f4   0x0000002c   Code   RO         1440    i.HAL_FLASH_Unlock  stm32f4xx_hal_flash.o
    0x08002220   0x08002220   0x00000234   Code   RO         1663    i.HAL_GPIO_Init     stm32f4xx_hal_gpio.o
    0x08002454   0x08002454   0x0000000a   Code   RO         1667    i.HAL_GPIO_WritePin  stm32f4xx_hal_gpio.o
    0x0800245e   0x0800245e   0x00000002   PAD
    0x08002460   0x08002460   0x0000000c   Code   RO         2215    i.HAL_GetTick       stm32f4xx_hal.o
    0x0800246c   0x0800246c   0x00000010   Code   RO         2221    i.HAL_IncTick       stm32f4xx_hal.o
    0x0800247c   0x0800247c   0x00000034   Code   RO         2222    i.HAL_Init          stm32f4xx_hal.o
    0x080024b0   0x080024b0   0x00000098   Code   RO          983    i.HAL_InitTick      stm32f4xx_hal_timebase_tim.o
    0x08002548   0x08002548   0x00000038   Code   RO          959    i.HAL_MspInit       stm32f4xx_hal_msp.o
    0x08002580   0x08002580   0x0000001a   Code   RO         2070    i.HAL_NVIC_EnableIRQ  stm32f4xx_hal_cortex.o
    0x0800259a   0x0800259a   0x00000002   PAD
    0x0800259c   0x0800259c   0x00000040   Code   RO         2076    i.HAL_NVIC_SetPriority  stm32f4xx_hal_cortex.o
    0x080025dc   0x080025dc   0x00000024   Code   RO         2077    i.HAL_NVIC_SetPriorityGrouping  stm32f4xx_hal_cortex.o
    0x08002600   0x08002600   0x00000070   Code   RO         1999    i.HAL_PWREx_EnableOverDrive  stm32f4xx_hal_pwr_ex.o
    0x08002670   0x08002670   0x00000134   Code   RO         1257    i.HAL_RCC_ClockConfig  stm32f4xx_hal_rcc.o
    0x080027a4   0x080027a4   0x00000040   Code   RO         1261    i.HAL_RCC_GetClockConfig  stm32f4xx_hal_rcc.o
    0x080027e4   0x080027e4   0x00000020   Code   RO         1264    i.HAL_RCC_GetPCLK1Freq  stm32f4xx_hal_rcc.o
    0x08002804   0x08002804   0x00000020   Code   RO         1265    i.HAL_RCC_GetPCLK2Freq  stm32f4xx_hal_rcc.o
    0x08002824   0x08002824   0x00000064   Code   RO         1266    i.HAL_RCC_GetSysClockFreq  stm32f4xx_hal_rcc.o
    0x08002888   0x08002888   0x0000036c   Code   RO         1269    i.HAL_RCC_OscConfig  stm32f4xx_hal_rcc.o
    0x08002bf4   0x08002bf4   0x000000bc   Code   RO         2481    i.HAL_SPI_Init      stm32f4xx_hal_spi.o
    0x08002cb0   0x08002cb0   0x0000006c   Code   RO          602    i.HAL_SPI_MspInit   spi.o
    0x08002d1c   0x08002d1c   0x00000166   Code   RO         2489    i.HAL_SPI_Transmit  stm32f4xx_hal_spi.o
    0x08002e82   0x08002e82   0x000001e2   Code   RO         2490    i.HAL_SPI_TransmitReceive  stm32f4xx_hal_spi.o
    0x08003064   0x08003064   0x00000002   Code   RO         3498    i.HAL_TIMEx_BreakCallback  stm32f4xx_hal_tim_ex.o
    0x08003066   0x08003066   0x00000002   Code   RO         3499    i.HAL_TIMEx_CommutCallback  stm32f4xx_hal_tim_ex.o
    0x08003068   0x08003068   0x00000054   Code   RO         3501    i.HAL_TIMEx_ConfigBreakDeadTime  stm32f4xx_hal_tim_ex.o
    0x080030bc   0x080030bc   0x00000090   Code   RO         3517    i.HAL_TIMEx_MasterConfigSynchronization  stm32f4xx_hal_tim_ex.o
    0x0800314c   0x0800314c   0x0000005a   Code   RO         2794    i.HAL_TIM_Base_Init  stm32f4xx_hal_tim.o
    0x080031a6   0x080031a6   0x00000002   PAD
    0x080031a8   0x080031a8   0x00000058   Code   RO          644    i.HAL_TIM_Base_MspInit  tim.o
    0x08003200   0x08003200   0x00000080   Code   RO         2799    i.HAL_TIM_Base_Start_IT  stm32f4xx_hal_tim.o
    0x08003280   0x08003280   0x000000dc   Code   RO         2803    i.HAL_TIM_ConfigClockSource  stm32f4xx_hal_tim.o
    0x0800335c   0x0800335c   0x00000002   Code   RO         2828    i.HAL_TIM_IC_CaptureCallback  stm32f4xx_hal_tim.o
    0x0800335e   0x0800335e   0x00000166   Code   RO         2842    i.HAL_TIM_IRQHandler  stm32f4xx_hal_tim.o
    0x080034c4   0x080034c4   0x00000084   Code   RO          645    i.HAL_TIM_MspPostInit  tim.o
    0x08003548   0x08003548   0x00000002   Code   RO         2845    i.HAL_TIM_OC_DelayElapsedCallback  stm32f4xx_hal_tim.o
    0x0800354a   0x0800354a   0x000000cc   Code   RO         2866    i.HAL_TIM_PWM_ConfigChannel  stm32f4xx_hal_tim.o
    0x08003616   0x08003616   0x0000005a   Code   RO         2869    i.HAL_TIM_PWM_Init  stm32f4xx_hal_tim.o
    0x08003670   0x08003670   0x00000002   Code   RO         2871    i.HAL_TIM_PWM_MspInit  stm32f4xx_hal_tim.o
    0x08003672   0x08003672   0x00000002   Code   RO         2872    i.HAL_TIM_PWM_PulseFinishedCallback  stm32f4xx_hal_tim.o
    0x08003674   0x08003674   0x000000c8   Code   RO         2874    i.HAL_TIM_PWM_Start  stm32f4xx_hal_tim.o
    0x0800373c   0x0800373c   0x00000014   Code   RO           14    i.HAL_TIM_PeriodElapsedCallback  main.o
    0x08003750   0x08003750   0x00000002   Code   RO         2885    i.HAL_TIM_TriggerCallback  stm32f4xx_hal_tim.o
    0x08003752   0x08003752   0x00000002   Code   RO         3776    i.HAL_UARTEx_RxEventCallback  stm32f4xx_hal_uart.o
    0x08003754   0x08003754   0x00000070   Code   RO         3788    i.HAL_UART_DMAStop  stm32f4xx_hal_uart.o
    0x080037c4   0x080037c4   0x00000002   Code   RO         3790    i.HAL_UART_ErrorCallback  stm32f4xx_hal_uart.o
    0x080037c6   0x080037c6   0x00000002   PAD
    0x080037c8   0x080037c8   0x00000268   Code   RO         3793    i.HAL_UART_IRQHandler  stm32f4xx_hal_uart.o
    0x08003a30   0x08003a30   0x00000062   Code   RO         3794    i.HAL_UART_Init     stm32f4xx_hal_uart.o
    0x08003a92   0x08003a92   0x00000002   PAD
    0x08003a94   0x08003a94   0x000002f4   Code   RO          698    i.HAL_UART_MspInit  usart.o
    0x08003d88   0x08003d88   0x0000002a   Code   RO         3798    i.HAL_UART_Receive_DMA  stm32f4xx_hal_uart.o
    0x08003db2   0x08003db2   0x0000002a   Code   RO         3799    i.HAL_UART_Receive_IT  stm32f4xx_hal_uart.o
    0x08003ddc   0x08003ddc   0x000000d8   Code   RO          699    i.HAL_UART_RxCpltCallback  usart.o
    0x08003eb4   0x08003eb4   0x00000002   Code   RO         3801    i.HAL_UART_RxHalfCpltCallback  stm32f4xx_hal_uart.o
    0x08003eb6   0x08003eb6   0x00000002   PAD
    0x08003eb8   0x08003eb8   0x000000b2   Code   RO         3802    i.HAL_UART_Transmit  stm32f4xx_hal_uart.o
    0x08003f6a   0x08003f6a   0x00000002   Code   RO         3805    i.HAL_UART_TxCpltCallback  stm32f4xx_hal_uart.o
    0x08003f6c   0x08003f6c   0x00000002   Code   RO          821    i.HardFault_Handler  stm32f4xx_it.o
    0x08003f6e   0x08003f6e   0x00000002   PAD
    0x08003f70   0x08003f70   0x0000004c   Code   RO         6174    i.Init_test_AS5048  bsp_as5048.o
    0x08003fbc   0x08003fbc   0x0000005c   Code   RO         6781    i.LED_ALL_OFF       led_task.o
    0x08004018   0x08004018   0x00000044   Code   RO          527    i.MX_CAN1_Init      can.o
    0x0800405c   0x0800405c   0x00000044   Code   RO          528    i.MX_CAN2_Init      can.o
    0x080040a0   0x080040a0   0x0000005c   Code   RO          574    i.MX_DMA_Init       dma.o
    0x080040fc   0x080040fc   0x00000078   Code   RO          436    i.MX_FREERTOS_Init  freertos.o
    0x08004174   0x08004174   0x00000180   Code   RO          313    i.MX_GPIO_Init      gpio.o
    0x080042f4   0x080042f4   0x0000004c   Code   RO          603    i.MX_SPI4_Init      spi.o
    0x08004340   0x08004340   0x0000009c   Code   RO          646    i.MX_TIM4_Init      tim.o
    0x080043dc   0x080043dc   0x000000dc   Code   RO          647    i.MX_TIM8_Init      tim.o
    0x080044b8   0x080044b8   0x00000038   Code   RO          700    i.MX_UART7_Init     usart.o
    0x080044f0   0x080044f0   0x00000038   Code   RO          701    i.MX_UART8_Init     usart.o
    0x08004528   0x08004528   0x0000003c   Code   RO          702    i.MX_USART1_UART_Init  usart.o
    0x08004564   0x08004564   0x00000038   Code   RO          703    i.MX_USART2_UART_Init  usart.o
    0x0800459c   0x0800459c   0x00000038   Code   RO          704    i.MX_USART3_UART_Init  usart.o
    0x080045d4   0x080045d4   0x00000038   Code   RO          705    i.MX_USART6_UART_Init  usart.o
    0x0800460c   0x0800460c   0x00000002   Code   RO          822    i.MemManage_Handler  stm32f4xx_it.o
    0x0800460e   0x0800460e   0x00000002   Code   RO          823    i.NMI_Handler       stm32f4xx_it.o
    0x08004610   0x08004610   0x0000003c   Code   RO         7086    i.PID_struct_init   pid.o
    0x0800464c   0x0800464c   0x000000ac   Code   RO         6785    i.RUN_LED           led_task.o
    0x080046f8   0x080046f8   0x00000064   Code   RO         6175    i.SPI_AS5048A_1_ReadData  bsp_as5048.o
    0x0800475c   0x0800475c   0x00000064   Code   RO         6176    i.SPI_AS5048A_2_ReadData  bsp_as5048.o
    0x080047c0   0x080047c0   0x00000064   Code   RO         6177    i.SPI_AS5048A_3_ReadData  bsp_as5048.o
    0x08004824   0x08004824   0x00000064   Code   RO         6178    i.SPI_AS5048A_4_ReadData  bsp_as5048.o
    0x08004888   0x08004888   0x00000058   Code   RO         2519    i.SPI_EndRxTxTransaction  stm32f4xx_hal_spi.o
    0x080048e0   0x080048e0   0x000000b8   Code   RO         2524    i.SPI_WaitFlagStateUntilTimeout  stm32f4xx_hal_spi.o
    0x08004998   0x08004998   0x0000003c   Code   RO         6961    i.Solenoid_Reset    solenoid_task.o
    0x080049d4   0x080049d4   0x0000002c   Code   RO         5378    i.SysTick_Handler   port.o
    0x08004a00   0x08004a00   0x000000a0   Code   RO           15    i.SystemClock_Config  main.o
    0x08004aa0   0x08004aa0   0x00000010   Code   RO         4123    i.SystemInit        system_stm32f4xx.o
    0x08004ab0   0x08004ab0   0x0000001c   Code   RO          824    i.TIM8_TRG_COM_TIM14_IRQHandler  stm32f4xx_it.o
    0x08004acc   0x08004acc   0x000000c8   Code   RO         2887    i.TIM_Base_SetConfig  stm32f4xx_hal_tim.o
    0x08004b94   0x08004b94   0x0000001a   Code   RO         2888    i.TIM_CCxChannelCmd  stm32f4xx_hal_tim.o
    0x08004bae   0x08004bae   0x00000014   Code   RO         2898    i.TIM_ETR_SetConfig  stm32f4xx_hal_tim.o
    0x08004bc2   0x08004bc2   0x00000010   Code   RO         2899    i.TIM_ITRx_SetConfig  stm32f4xx_hal_tim.o
    0x08004bd2   0x08004bd2   0x00000002   PAD
    0x08004bd4   0x08004bd4   0x00000060   Code   RO         2900    i.TIM_OC1_SetConfig  stm32f4xx_hal_tim.o
    0x08004c34   0x08004c34   0x0000006c   Code   RO         2901    i.TIM_OC2_SetConfig  stm32f4xx_hal_tim.o
    0x08004ca0   0x08004ca0   0x00000068   Code   RO         2902    i.TIM_OC3_SetConfig  stm32f4xx_hal_tim.o
    0x08004d08   0x08004d08   0x00000050   Code   RO         2903    i.TIM_OC4_SetConfig  stm32f4xx_hal_tim.o
    0x08004d58   0x08004d58   0x00000022   Code   RO         2905    i.TIM_TI1_ConfigInputStage  stm32f4xx_hal_tim.o
    0x08004d7a   0x08004d7a   0x00000024   Code   RO         2907    i.TIM_TI2_ConfigInputStage  stm32f4xx_hal_tim.o
    0x08004d9e   0x08004d9e   0x00000002   PAD
    0x08004da0   0x08004da0   0x00000090   Code   RO         6180    i.Test_AS5048       bsp_as5048.o
    0x08004e30   0x08004e30   0x0000000c   Code   RO          825    i.UART7_IRQHandler  stm32f4xx_it.o
    0x08004e3c   0x08004e3c   0x0000000c   Code   RO          826    i.UART8_IRQHandler  stm32f4xx_it.o
    0x08004e48   0x08004e48   0x00000010   Code   RO         3807    i.UART_DMAAbortOnError  stm32f4xx_hal_uart.o
    0x08004e58   0x08004e58   0x0000004a   Code   RO         3808    i.UART_DMAError     stm32f4xx_hal_uart.o
    0x08004ea2   0x08004ea2   0x00000082   Code   RO         3809    i.UART_DMAReceiveCplt  stm32f4xx_hal_uart.o
    0x08004f24   0x08004f24   0x0000001a   Code   RO         3811    i.UART_DMARxHalfCplt  stm32f4xx_hal_uart.o
    0x08004f3e   0x08004f3e   0x0000004e   Code   RO         3817    i.UART_EndRxTransfer  stm32f4xx_hal_uart.o
    0x08004f8c   0x08004f8c   0x0000001c   Code   RO         3818    i.UART_EndTxTransfer  stm32f4xx_hal_uart.o
    0x08004fa8   0x08004fa8   0x000000c0   Code   RO         3819    i.UART_Receive_IT   stm32f4xx_hal_uart.o
    0x08005068   0x08005068   0x0000010c   Code   RO         3820    i.UART_SetConfig    stm32f4xx_hal_uart.o
    0x08005174   0x08005174   0x00000094   Code   RO         3821    i.UART_Start_Receive_DMA  stm32f4xx_hal_uart.o
    0x08005208   0x08005208   0x0000003a   Code   RO         3822    i.UART_Start_Receive_IT  stm32f4xx_hal_uart.o
    0x08005242   0x08005242   0x00000078   Code   RO         3823    i.UART_WaitOnFlagUntilTimeout  stm32f4xx_hal_uart.o
    0x080052ba   0x080052ba   0x00000002   PAD
    0x080052bc   0x080052bc   0x00000018   Code   RO          827    i.USART1_IRQHandler  stm32f4xx_it.o
    0x080052d4   0x080052d4   0x000000d0   Code   RO          828    i.USART2_IRQHandler  stm32f4xx_it.o
    0x080053a4   0x080053a4   0x0000000c   Code   RO          829    i.USART6_IRQHandler  stm32f4xx_it.o
    0x080053b0   0x080053b0   0x00000002   Code   RO          830    i.UsageFault_Handler  stm32f4xx_it.o
    0x080053b2   0x080053b2   0x00000002   PAD
    0x080053b4   0x080053b4   0x00000020   Code   RO         8834    i.__0printf         mc_w.l(printfa.o)
    0x080053d4   0x080053d4   0x00000034   Code   RO         8835    i.__0snprintf       mc_w.l(printfa.o)
    0x08005408   0x08005408   0x00000028   Code   RO         8836    i.__0sprintf        mc_w.l(printfa.o)
    0x08005430   0x08005430   0x00000034   Code   RO         8839    i.__0vsnprintf      mc_w.l(printfa.o)
    0x08005464   0x08005464   0x00000030   Code   RO         8946    i.__ARM_fpclassify  m_wm.l(fpclassify.o)
    0x08005494   0x08005494   0x00000020   Code   RO         2083    i.__NVIC_SetPriority  stm32f4xx_hal_cortex.o
    0x080054b4   0x080054b4   0x00000008   Code   RO         8998    i.__aeabi_errno_addr  mc_w.l(errno.o)
    0x080054bc   0x080054bc   0x00000004   PAD
    0x080054c0   0x080054c0   0x000002d8   Code   RO         8912    i.__hardfp_atan     m_wm.l(atan.o)
    0x08005798   0x08005798   0x00000200   Code   RO         8513    i.__hardfp_atan2    m_wm.l(atan2.o)
    0x08005998   0x08005998   0x00000038   Code   RO         8525    i.__hardfp_atof     m_wm.l(atof.o)
    0x080059d0   0x080059d0   0x0000008e   Code   RO         8537    i.__hardfp_ldexpf   m_wm.l(ldexpf.o)
    0x08005a5e   0x08005a5e   0x00000002   PAD
    0x08005a60   0x08005a60   0x00000c50   Code   RO         8549    i.__hardfp_pow      m_wm.l(pow.o)
    0x080066b0   0x080066b0   0x0000007a   Code   RO         8563    i.__hardfp_sqrt     m_wm.l(sqrt.o)
    0x0800672a   0x0800672a   0x000000f8   Code   RO         8962    i.__kernel_poly     m_wm.l(poly.o)
    0x08006822   0x08006822   0x00000036   Code   RO         7138    i.__kfifo_in_data   kfifo.o
    0x08006858   0x08006858   0x00000036   Code   RO         7140    i.__kfifo_out_data  kfifo.o
    0x0800688e   0x0800688e   0x00000002   PAD
    0x08006890   0x08006890   0x00000030   Code   RO         8926    i.__mathlib_dbl_divzero  m_wm.l(dunder.o)
    0x080068c0   0x080068c0   0x00000014   Code   RO         8927    i.__mathlib_dbl_infnan  m_wm.l(dunder.o)
    0x080068d4   0x080068d4   0x00000014   Code   RO         8928    i.__mathlib_dbl_infnan2  m_wm.l(dunder.o)
    0x080068e8   0x080068e8   0x00000020   Code   RO         8929    i.__mathlib_dbl_invalid  m_wm.l(dunder.o)
    0x08006908   0x08006908   0x00000020   Code   RO         8930    i.__mathlib_dbl_overflow  m_wm.l(dunder.o)
    0x08006928   0x08006928   0x00000020   Code   RO         8932    i.__mathlib_dbl_underflow  m_wm.l(dunder.o)
    0x08006948   0x08006948   0x00000010   Code   RO         8952    i.__mathlib_flt_overflow  m_wm.l(funder.o)
    0x08006958   0x08006958   0x00000010   Code   RO         8954    i.__mathlib_flt_underflow  m_wm.l(funder.o)
    0x08006968   0x08006968   0x0000000c   Code   RO         8999    i.__read_errno      mc_w.l(errno.o)
    0x08006974   0x08006974   0x0000000e   Code   RO         9089    i.__scatterload_copy  mc_w.l(handlers.o)
    0x08006982   0x08006982   0x00000002   Code   RO         9090    i.__scatterload_null  mc_w.l(handlers.o)
    0x08006984   0x08006984   0x0000000e   Code   RO         9091    i.__scatterload_zeroinit  mc_w.l(handlers.o)
    0x08006992   0x08006992   0x00000002   PAD
    0x08006994   0x08006994   0x0000000c   Code   RO         9000    i.__set_errno       mc_w.l(errno.o)
    0x080069a0   0x080069a0   0x00000060   Code   RO         8161    i._fdb_continue_ff_addr  fdb_utils.o
    0x08006a00   0x08006a00   0x0000000e   Code   RO         7664    i._fdb_db_path      fdb.o
    0x08006a0e   0x08006a0e   0x0000001c   Code   RO         8162    i._fdb_flash_erase  fdb_utils.o
    0x08006a2a   0x08006a2a   0x0000001c   Code   RO         8163    i._fdb_flash_read   fdb_utils.o
    0x08006a46   0x08006a46   0x0000001c   Code   RO         8164    i._fdb_flash_write  fdb_utils.o
    0x08006a62   0x08006a62   0x00000002   PAD
    0x08006a64   0x08006a64   0x0000001e   Code   RO         8165    i._fdb_get_status   fdb_utils.o
    0x08006a82   0x08006a82   0x00000002   PAD
    0x08006a84   0x08006a84   0x00000258   Code   RO         7666    i._fdb_init_ex      fdb.o
    0x08006cdc   0x08006cdc   0x000000f0   Code   RO         7667    i._fdb_init_finish  fdb.o
    0x08006dcc   0x08006dcc   0x0000010c   Code   RO         7719    i._fdb_kv_load      fdb_kvdb.o
    0x08006ed8   0x08006ed8   0x00000088   Code   RO         8166    i._fdb_read_status  fdb_utils.o
    0x08006f60   0x08006f60   0x00000024   Code   RO         8167    i._fdb_set_status   fdb_utils.o
    0x08006f84   0x08006f84   0x000000cc   Code   RO         8168    i._fdb_write_status  fdb_utils.o
    0x08007050   0x08007050   0x00000184   Code   RO         8841    i._fp_digits        mc_w.l(printfa.o)
    0x080071d4   0x080071d4   0x0000000e   Code   RO         9013    i._is_digit         mc_w.l(scanf_fp.o)
    0x080071e2   0x080071e2   0x00000002   PAD
    0x080071e4   0x080071e4   0x000006b4   Code   RO         8842    i._printf_core      mc_w.l(printfa.o)
    0x08007898   0x08007898   0x00000024   Code   RO         8843    i._printf_post_padding  mc_w.l(printfa.o)
    0x080078bc   0x080078bc   0x0000002e   Code   RO         8844    i._printf_pre_padding  mc_w.l(printfa.o)
    0x080078ea   0x080078ea   0x00000016   Code   RO         8845    i._snputc           mc_w.l(printfa.o)
    0x08007900   0x08007900   0x0000000a   Code   RO         8846    i._sputc            mc_w.l(printfa.o)
    0x0800790a   0x0800790a   0x0000002a   Code   RO         7087    i.abs_limit         pid.o
    0x08007934   0x08007934   0x00000020   Code   RO         5942    i.agencylogHexDump  log.o
    0x08007954   0x08007954   0x0000001a   Code   RO         5943    i.agencylogSetLevel  log.o
    0x0800796e   0x0800796e   0x00000008   Code   RO         6849    i.agencysetkd       test_task.o
    0x08007976   0x08007976   0x00000008   Code   RO         6850    i.agencysetki       test_task.o
    0x0800797e   0x0800797e   0x00000008   Code   RO         6851    i.agencysetkp       test_task.o
    0x08007986   0x08007986   0x00000008   Code   RO         6852    i.agencysett        test_task.o
    0x0800798e   0x0800798e   0x0000002a   Code   RO         7720    i.align_write       fdb_kvdb.o
    0x080079b8   0x080079b8   0x00000130   Code   RO         7721    i.alloc_kv          fdb_kvdb.o
    0x08007ae8   0x08007ae8   0x0000002c   Code   RO         7722    i.alloc_kv_cb       fdb_kvdb.o
    0x08007b14   0x08007b14   0x00000010   Code   RO         8914    i.atan              m_wm.l(atan.o)
    0x08007b24   0x08007b24   0x000000e8   Code   RO         7188    i.bldc_interface_fault_to_string  bldc_interface.o
    0x08007c0c   0x08007c0c   0x0000000c   Code   RO         7196    i.bldc_interface_init  bldc_interface.o
    0x08007c18   0x08007c18   0x00000b24   Code   RO         7197    i.bldc_interface_process_packet  bldc_interface.o
    0x0800873c   0x0800873c   0x0000000c   Code   RO         7221    i.bldc_interface_set_rx_value_func  bldc_interface.o
    0x08008748   0x08008748   0x0000001c   Code   RO         7451    i.bldc_interface_uart_init  bldc_interface_uart.o
    0x08008764   0x08008764   0x00000004   Code   RO         7452    i.bldc_interface_uart_process_byte  bldc_interface_uart.o
    0x08008768   0x08008768   0x00000264   Code   RO         6514    i.bldc_val_received  bsp_vesc.o
    0x080089cc   0x080089cc   0x0000002a   Code   RO         7514    i.buffer_append_int32  buffer.o
    0x080089f6   0x080089f6   0x00000018   Code   RO         7520    i.buffer_get_float16  buffer.o
    0x08008a0e   0x08008a0e   0x00000018   Code   RO         7521    i.buffer_get_float32  buffer.o
    0x08008a26   0x08008a26   0x00000002   PAD
    0x08008a28   0x08008a28   0x00000070   Code   RO         7522    i.buffer_get_float32_auto  buffer.o
    0x08008a98   0x08008a98   0x00000010   Code   RO         7523    i.buffer_get_int16  buffer.o
    0x08008aa8   0x08008aa8   0x00000020   Code   RO         7524    i.buffer_get_int32  buffer.o
    0x08008ac8   0x08008ac8   0x0000000e   Code   RO         7526    i.buffer_get_uint16  buffer.o
    0x08008ad6   0x08008ad6   0x00000020   Code   RO         7527    i.buffer_get_uint32  buffer.o
    0x08008af6   0x08008af6   0x0000004c   Code   RO         6249    i.can_filter_recv_special  bsp_can.o
    0x08008b42   0x08008b42   0x00000002   PAD
    0x08008b44   0x08008b44   0x000000c4   Code   RO         6611    i.chassis_behaviour_control_set  chassis_behaviour.o
    0x08008c08   0x08008c08   0x00000058   Code   RO         6612    i.chassis_behaviour_mode_set  chassis_behaviour.o
    0x08008c60   0x08008c60   0x0000010c   Code   RO         6653    i.chassis_control_loop  chassis_task.o
    0x08008d6c   0x08008d6c   0x000000bc   Code   RO         6654    i.chassis_feedback_update  chassis_task.o
    0x08008e28   0x08008e28   0x00000118   Code   RO         6655    i.chassis_init      chassis_task.o
    0x08008f40   0x08008f40   0x00000354   Code   RO         6656    i.chassis_kinematics_wheel4_speed  chassis_task.o
    0x08009294   0x08009294   0x00000118   Code   RO         6657    i.chassis_set_kinematics  chassis_task.o
    0x080093ac   0x080093ac   0x00000074   Code   RO         6658    i.chassis_task      chassis_task.o
    0x08009420   0x08009420   0x0000001e   Code   RO         7723    i.check_and_recovery_gc_cb  fdb_kvdb.o
    0x0800943e   0x0800943e   0x00000002   PAD
    0x08009440   0x08009440   0x00000144   Code   RO         7724    i.check_and_recovery_kv_cb  fdb_kvdb.o
    0x08009584   0x08009584   0x000000f0   Code   RO         8436    i.check_and_update_part_cache  fal_partition.o
    0x08009674   0x08009674   0x0000001c   Code   RO         7725    i.check_oldest_addr_cb  fdb_kvdb.o
    0x08009690   0x08009690   0x000000a8   Code   RO         7726    i.check_sec_hdr_cb  fdb_kvdb.o
    0x08009738   0x08009738   0x0000002c   Code   RO         7491    i.crc16             crc.o
    0x08009764   0x08009764   0x00000298   Code   RO         7727    i.create_kv_blob    fdb_kvdb.o
    0x080099fc   0x080099fc   0x00000002   Code   RO         6090    i.data              commend.o
    0x080099fe   0x080099fe   0x00000002   PAD
    0x08009a00   0x08009a00   0x00000048   Code   RO         6343    i.dbus_uart_init    bsp_sbus.o
    0x08009a48   0x08009a48   0x00000160   Code   RO         7728    i.del_kv            fdb_kvdb.o
    0x08009ba8   0x08009ba8   0x0000019c   Code   RO         7729    i.do_gc             fdb_kvdb.o
    0x08009d44   0x08009d44   0x0000005c   Code   RO         8392    i.erase             fal_flash_stm32f4.o
    0x08009da0   0x08009da0   0x00000018   Code   RO         8942    i.fabs              m_wm.l(fabs.o)
    0x08009db8   0x08009db8   0x00000074   Code   RO         8367    i.fal_flash_device_find  fal_flash.o
    0x08009e2c   0x08009e2c   0x00000124   Code   RO         8368    i.fal_flash_init    fal_flash.o
    0x08009f50   0x08009f50   0x000000fc   Code   RO         8346    i.fal_init          fal.o
    0x0800a04c   0x0800a04c   0x0000015c   Code   RO         8438    i.fal_partition_erase  fal_partition.o
    0x0800a1a8   0x0800a1a8   0x00000070   Code   RO         8440    i.fal_partition_find  fal_partition.o
    0x0800a218   0x0800a218   0x0000002c   Code   RO         8441    i.fal_partition_init  fal_partition.o
    0x0800a244   0x0800a244   0x00000170   Code   RO         8442    i.fal_partition_read  fal_partition.o
    0x0800a3b4   0x0800a3b4   0x00000174   Code   RO         8443    i.fal_partition_write  fal_partition.o
    0x0800a528   0x0800a528   0x00000244   Code   RO         8445    i.fal_show_part_table  fal_partition.o
    0x0800a76c   0x0800a76c   0x00000006   Code   RO         8169    i.fdb_blob_make     fdb_utils.o
    0x0800a772   0x0800a772   0x00000002   PAD
    0x0800a774   0x0800a774   0x00000024   Code   RO         8171    i.fdb_calc_crc32    fdb_utils.o
    0x0800a798   0x0800a798   0x00000094   Code   RO         7731    i.fdb_kv_del        fdb_kvdb.o
    0x0800a82c   0x0800a82c   0x000000d0   Code   RO         7733    i.fdb_kv_get_blob   fdb_kvdb.o
    0x0800a8fc   0x0800a8fc   0x00000094   Code   RO         7739    i.fdb_kv_set_blob   fdb_kvdb.o
    0x0800a990   0x0800a990   0x0000008a   Code   RO         7740    i.fdb_kv_set_default  fdb_kvdb.o
    0x0800aa1a   0x0800aa1a   0x00000002   PAD
    0x0800aa1c   0x0800aa1c   0x000001c0   Code   RO         7744    i.fdb_kvdb_init     fdb_kvdb.o
    0x0800abdc   0x0800abdc   0x0000004e   Code   RO         7745    i.find_kv           fdb_kvdb.o
    0x0800ac2a   0x0800ac2a   0x00000036   Code   RO         7746    i.find_kv_cb        fdb_kvdb.o
    0x0800ac60   0x0800ac60   0x00000024   Code   RO         7747    i.find_kv_no_cache  fdb_kvdb.o
    0x0800ac84   0x0800ac84   0x00000098   Code   RO         7748    i.find_next_kv_addr  fdb_kvdb.o
    0x0800ad1c   0x0800ad1c   0x0000005c   Code   RO         8315    i.flash_delete_data  useflash.o
    0x0800ad78   0x0800ad78   0x000000b0   Code   RO         8446    i.flash_device_find_by_part  fal_partition.o
    0x0800ae28   0x0800ae28   0x00000098   Code   RO         8316    i.flashdb_creat_data  useflash.o
    0x0800aec0   0x0800aec0   0x00000168   Code   RO         8318    i.flashdb_get_set_data  useflash.o
    0x0800b028   0x0800b028   0x00000108   Code   RO         7749    i.format_sector     fdb_kvdb.o
    0x0800b130   0x0800b130   0x0000001c   Code   RO           16    i.fputc             main.o
    0x0800b14c   0x0800b14c   0x0000000e   Code   RO         7750    i.gc_check_cb       fdb_kvdb.o
    0x0800b15a   0x0800b15a   0x00000006   Code   RO         7751    i.gc_collect        fdb_kvdb.o
    0x0800b160   0x0800b160   0x00000100   Code   RO         7752    i.gc_collect_by_free_size  fdb_kvdb.o
    0x0800b260   0x0800b260   0x00000018   Code   RO         6251    i.get_chassis_motor_measure_point  bsp_can.o
    0x0800b278   0x0800b278   0x00000086   Code   RO         7753    i.get_kv_from_cache  fdb_kvdb.o
    0x0800b2fe   0x0800b2fe   0x0000004c   Code   RO         6252    i.get_motor_measure  bsp_can.o
    0x0800b34a   0x0800b34a   0x0000000a   Code   RO         6253    i.get_motor_offset  bsp_can.o
    0x0800b354   0x0800b354   0x00000056   Code   RO         7754    i.get_next_kv_addr  fdb_kvdb.o
    0x0800b3aa   0x0800b3aa   0x0000002a   Code   RO         7755    i.get_next_sector_addr  fdb_kvdb.o
    0x0800b3d4   0x0800b3d4   0x00000008   Code   RO         6345    i.get_remote_control_point  bsp_sbus.o
    0x0800b3dc   0x0800b3dc   0x0000002a   Code   RO         7756    i.get_sector_from_cache  fdb_kvdb.o
    0x0800b406   0x0800b406   0x0000003c   Code   RO         6254    i.get_total_angle   bsp_can.o
    0x0800b442   0x0800b442   0x0000002a   Code   RO         7142    i.kfifo_in          kfifo.o
    0x0800b46c   0x0800b46c   0x0000000c   Code   RO         7143    i.kfifo_init        kfifo.o
    0x0800b478   0x0800b478   0x00000026   Code   RO         7144    i.kfifo_out         kfifo.o
    0x0800b49e   0x0800b49e   0x00000072   Code   RO         7757    i.kv_iterator       fdb_kvdb.o
    0x0800b510   0x0800b510   0x000001b8   Code   RO         8248    i.kvdb_basic_sample  kvdb_basic_sample.o
    0x0800b6c8   0x0800b6c8   0x0000000c   Code   RO         6786    i.led_task          led_task.o
    0x0800b6d4   0x0800b6d4   0x0000017c   Code   RO         5944    i.logHexDump        log.o
    0x0800b850   0x0800b850   0x00000038   Code   RO         5945    i.logRegister       log.o
    0x0800b888   0x0800b888   0x000000a0   Code   RO         5946    i.logSetLevel       log.o
    0x0800b928   0x0800b928   0x00000044   Code   RO         5947    i.logSwitchLevel    log.o
    0x0800b96c   0x0800b96c   0x0000002c   Code   RO         5949    i.logWrite          log.o
    0x0800b998   0x0800b998   0x00000058   Code   RO         5950    i.logWriteBuffer    log.o
    0x0800b9f0   0x0800b9f0   0x00000154   Code   RO           17    i.main              main.o
    0x0800bb44   0x0800bb44   0x0000000c   Code   RO         4943    i.makeFreeRtosPriority  cmsis_os.o
    0x0800bb50   0x0800bb50   0x0000006c   Code   RO         8863    i.malloc            mc_w.l(malloc.o)
    0x0800bbbc   0x0800bbbc   0x000001c8   Code   RO         7758    i.move_kv           fdb_kvdb.o
    0x0800bd84   0x0800bd84   0x00000056   Code   RO         6255    i.my_can_filter_init_recv_all  bsp_can.o
    0x0800bdda   0x0800bdda   0x00000002   PAD
    0x0800bddc   0x0800bddc   0x00000124   Code   RO         7759    i.new_kv            fdb_kvdb.o
    0x0800bf00   0x0800bf00   0x0000000e   Code   RO         4945    i.osDelay           cmsis_os.o
    0x0800bf0e   0x0800bf0e   0x0000000a   Code   RO         4948    i.osKernelStart     cmsis_os.o
    0x0800bf18   0x0800bf18   0x00000010   Code   RO         4963    i.osMutexCreate     cmsis_os.o
    0x0800bf28   0x0800bf28   0x00000054   Code   RO         4982    i.osThreadCreate    cmsis_os.o
    0x0800bf7c   0x0800bf7c   0x00000014   Code   RO         7632    i.packet_init       packet.o
    0x0800bf90   0x0800bf90   0x000000bc   Code   RO         7633    i.packet_process_byte  packet.o
    0x0800c04c   0x0800c04c   0x0000008c   Code   RO         7634    i.packet_send_packet  packet.o
    0x0800c0d8   0x0800c0d8   0x000001c4   Code   RO         7088    i.pid_calc          pid.o
    0x0800c29c   0x0800c29c   0x0000000e   Code   RO         7089    i.pid_param_init    pid.o
    0x0800c2aa   0x0800c2aa   0x00000006   Code   RO         7090    i.pid_reset         pid.o
    0x0800c2b0   0x0800c2b0   0x00000004   Code   RO         7454    i.process_packet    bldc_interface_uart.o
    0x0800c2b4   0x0800c2b4   0x00000070   Code   RO         4625    i.prvAddCurrentTaskToDelayedList  tasks.o
    0x0800c324   0x0800c324   0x000000d0   Code   RO         4626    i.prvAddNewTaskToReadyList  tasks.o
    0x0800c3f4   0x0800c3f4   0x0000006c   Code   RO         4302    i.prvCopyDataToQueue  queue.o
    0x0800c460   0x0800c460   0x00000034   Code   RO         4627    i.prvDeleteTCB      tasks.o
    0x0800c494   0x0800c494   0x0000004c   Code   RO         5310    i.prvHeapInit       heap_4.o
    0x0800c4e0   0x0800c4e0   0x00000060   Code   RO         4628    i.prvIdleTask       tasks.o
    0x0800c540   0x0800c540   0x00000016   Code   RO         4303    i.prvInitialiseMutex  queue.o
    0x0800c556   0x0800c556   0x00000016   Code   RO         4304    i.prvInitialiseNewQueue  queue.o
    0x0800c56c   0x0800c56c   0x00000098   Code   RO         4629    i.prvInitialiseNewTask  tasks.o
    0x0800c604   0x0800c604   0x0000004c   Code   RO         5311    i.prvInsertBlockIntoFreeList  heap_4.o
    0x0800c650   0x0800c650   0x00000020   Code   RO         4630    i.prvResetNextTaskUnblockTime  tasks.o
    0x0800c670   0x0800c670   0x00000028   Code   RO         5379    i.prvTaskExitError  port.o
    0x0800c698   0x0800c698   0x0000006a   Code   RO         4306    i.prvUnlockQueue    queue.o
    0x0800c702   0x0800c702   0x00000002   PAD
    0x0800c704   0x0800c704   0x000000dc   Code   RO         5312    i.pvPortMalloc      heap_4.o
    0x0800c7e0   0x0800c7e0   0x0000002c   Code   RO         5380    i.pxPortInitialiseStack  port.o
    0x0800c80c   0x0800c80c   0x0000018e   Code   RO         6346    i.rc_callback_handler  bsp_sbus.o
    0x0800c99a   0x0800c99a   0x00000002   PAD
    0x0800c99c   0x0800c99c   0x00000018   Code   RO         8393    i.read              fal_flash_stm32f4.o
    0x0800c9b4   0x0800c9b4   0x00000208   Code   RO         7761    i.read_kv           fdb_kvdb.o
    0x0800cbbc   0x0800cbbc   0x00000228   Code   RO         7762    i.read_sector_info  fdb_kvdb.o
    0x0800cde4   0x0800cde4   0x00000066   Code   RO         7763    i.sector_iterator   fdb_kvdb.o
    0x0800ce4a   0x0800ce4a   0x00000022   Code   RO         7764    i.sector_statistics_cb  fdb_kvdb.o
    0x0800ce6c   0x0800ce6c   0x0000004c   Code   RO         6515    i.send_package_0    bsp_vesc.o
    0x0800ceb8   0x0800ceb8   0x00000006   Code   RO         7455    i.send_packet_bldc_interface  bldc_interface_uart.o
    0x0800cebe   0x0800cebe   0x000000a0   Code   RO         7765    i.set_kv            fdb_kvdb.o
    0x0800cf5e   0x0800cf5e   0x0000002c   Code   RO         6256    i.set_motor         bsp_can.o
    0x0800cf8a   0x0800cf8a   0x00000042   Code   RO         6257    i.set_motor_A       bsp_can.o
    0x0800cfcc   0x0800cfcc   0x00000044   Code   RO         6258    i.set_motor_B       bsp_can.o
    0x0800d010   0x0800d010   0x00000030   Code   RO         6853    i.setkd             test_task.o
    0x0800d040   0x0800d040   0x00000030   Code   RO         6854    i.setki             test_task.o
    0x0800d070   0x0800d070   0x00000030   Code   RO         6855    i.setkp             test_task.o
    0x0800d0a0   0x0800d0a0   0x00000038   Code   RO         6856    i.sett              test_task.o
    0x0800d0d8   0x0800d0d8   0x00000006   Code   RO         5457    i.shellBackspace    shell.o
    0x0800d0de   0x0800d0de   0x00000030   Code   RO         5458    i.shellCheckPermission  shell.o
    0x0800d10e   0x0800d10e   0x00000002   PAD
    0x0800d110   0x0800d110   0x0000001c   Code   RO         5459    i.shellClear        shell.o
    0x0800d12c   0x0800d12c   0x00000030   Code   RO         5460    i.shellClearCommandLine  shell.o
    0x0800d15c   0x0800d15c   0x00000014   Code   RO         5461    i.shellCmds         shell.o
    0x0800d170   0x0800d170   0x00000028   Code   RO         5866    i.shellCompanionAdd  shell_companion.o
    0x0800d198   0x0800d198   0x0000001a   Code   RO         5868    i.shellCompanionGet  shell_companion.o
    0x0800d1b2   0x0800d1b2   0x00000008   Code   RO         5462    i.shellDelete       shell.o
    0x0800d1ba   0x0800d1ba   0x00000002   PAD
    0x0800d1bc   0x0800d1bc   0x000000d6   Code   RO         5463    i.shellDeleteByte   shell.o
    0x0800d292   0x0800d292   0x00000002   PAD
    0x0800d294   0x0800d294   0x0000001c   Code   RO         5464    i.shellDeleteCommandLine  shell.o
    0x0800d2b0   0x0800d2b0   0x00000008   Code   RO         5465    i.shellDown         shell.o
    0x0800d2b8   0x0800d2b8   0x00000014   Code   RO         5466    i.shellEnter        shell.o
    0x0800d2cc   0x0800d2cc   0x00000090   Code   RO         5467    i.shellExec         shell.o
    0x0800d35c   0x0800d35c   0x0000003c   Code   RO         5902    i.shellExtParseChar  shell_ext.o
    0x0800d398   0x0800d398   0x0000010a   Code   RO         5903    i.shellExtParseNumber  shell_ext.o
    0x0800d4a2   0x0800d4a2   0x000000a0   Code   RO         5904    i.shellExtParsePara  shell_ext.o
    0x0800d542   0x0800d542   0x000000c6   Code   RO         5905    i.shellExtRun       shell_ext.o
    0x0800d608   0x0800d608   0x00000004   Code   RO         5468    i.shellGetCommandDesc  shell.o
    0x0800d60c   0x0800d60c   0x00000038   Code   RO         5469    i.shellGetCommandName  shell.o
    0x0800d644   0x0800d644   0x00000028   Code   RO         5470    i.shellGetCurrent   shell.o
    0x0800d66c   0x0800d66c   0x0000003e   Code   RO         5471    i.shellGetVarValue  shell.o
    0x0800d6aa   0x0800d6aa   0x00000002   PAD
    0x0800d6ac   0x0800d6ac   0x000000e8   Code   RO         5472    i.shellHandler      shell.o
    0x0800d794   0x0800d794   0x00000028   Code   RO         5473    i.shellHelp         shell.o
    0x0800d7bc   0x0800d7bc   0x00000098   Code   RO         5474    i.shellHistory      shell.o
    0x0800d854   0x0800d854   0x00000068   Code   RO         5475    i.shellHistoryAdd   shell.o
    0x0800d8bc   0x0800d8bc   0x000000a0   Code   RO         5476    i.shellInit         shell.o
    0x0800d95c   0x0800d95c   0x000000dc   Code   RO         5477    i.shellInsertByte   shell.o
    0x0800da38   0x0800da38   0x00000014   Code   RO         5478    i.shellKeys         shell.o
    0x0800da4c   0x0800da4c   0x00000020   Code   RO         5479    i.shellLeft         shell.o
    0x0800da6c   0x0800da6c   0x0000004c   Code   RO         5481    i.shellListCommand  shell.o
    0x0800dab8   0x0800dab8   0x000000f4   Code   RO         5482    i.shellListItem     shell.o
    0x0800dbac   0x0800dbac   0x00000050   Code   RO         5483    i.shellListKey      shell.o
    0x0800dbfc   0x0800dbfc   0x00000050   Code   RO         5484    i.shellListUser     shell.o
    0x0800dc4c   0x0800dc4c   0x00000050   Code   RO         5485    i.shellListVar      shell.o
    0x0800dc9c   0x0800dc9c   0x00000010   Code   RO         5486    i.shellNormalInput  shell.o
    0x0800dcac   0x0800dcac   0x00000078   Code   RO         5487    i.shellParserParam  shell.o
    0x0800dd24   0x0800dd24   0x00000020   Code   RO         5490    i.shellRight        shell.o
    0x0800dd44   0x0800dd44   0x000000b8   Code   RO         5492    i.shellRunCommand   shell.o
    0x0800ddfc   0x0800ddfc   0x0000006e   Code   RO         5494    i.shellSeekCommand  shell.o
    0x0800de6a   0x0800de6a   0x00000002   PAD
    0x0800de6c   0x0800de6c   0x00000060   Code   RO         5495    i.shellSetUser      shell.o
    0x0800decc   0x0800decc   0x00000058   Code   RO         5496    i.shellSetVar       shell.o
    0x0800df24   0x0800df24   0x00000070   Code   RO         5497    i.shellSetVarValue  shell.o
    0x0800df94   0x0800df94   0x000000b0   Code   RO         5498    i.shellShowVar      shell.o
    0x0800e044   0x0800e044   0x00000024   Code   RO         5499    i.shellStringCompare  shell.o
    0x0800e068   0x0800e068   0x00000018   Code   RO         5500    i.shellStringCopy   shell.o
    0x0800e080   0x0800e080   0x00000150   Code   RO         5501    i.shellTab          shell.o
    0x0800e1d0   0x0800e1d0   0x00000020   Code   RO         5502    i.shellTask         shell.o
    0x0800e1f0   0x0800e1f0   0x0000004c   Code   RO         5503    i.shellToDec        shell.o
    0x0800e23c   0x0800e23c   0x0000002a   Code   RO         5504    i.shellToHex        shell.o
    0x0800e266   0x0800e266   0x00000006   Code   RO         5505    i.shellUp           shell.o
    0x0800e26c   0x0800e26c   0x00000014   Code   RO         5506    i.shellUsers        shell.o
    0x0800e280   0x0800e280   0x00000014   Code   RO         5507    i.shellVars         shell.o
    0x0800e294   0x0800e294   0x00000058   Code   RO         5508    i.shellWriteCommandHelp  shell.o
    0x0800e2ec   0x0800e2ec   0x00000074   Code   RO         5509    i.shellWriteEndLine  shell.o
    0x0800e360   0x0800e360   0x0000005c   Code   RO         5510    i.shellWritePrompt  shell.o
    0x0800e3bc   0x0800e3bc   0x00000080   Code   RO         5511    i.shellWriteReturnValue  shell.o
    0x0800e43c   0x0800e43c   0x00000024   Code   RO         5512    i.shellWriteString  shell.o
    0x0800e460   0x0800e460   0x000000d0   Code   RO         6971    i.solenoid_task     solenoid_task.o
    0x0800e530   0x0800e530   0x0000006e   Code   RO         8565    i.sqrt              m_wm.l(sqrt.o)
    0x0800e59e   0x0800e59e   0x00000002   PAD
    0x0800e5a0   0x0800e5a0   0x0000017c   Code   RO         8394    i.stm32_get_sector  fal_flash_stm32f4.o
    0x0800e71c   0x0800e71c   0x000000c0   Code   RO         6347    i.sw_judge          bsp_sbus.o
    0x0800e7dc   0x0800e7dc   0x000001bc   Code   RO         6857    i.test_task         test_task.o
    0x0800e998   0x0800e998   0x00000018   Code   RO         6027    i.uartLogWrite      shell_port.o
    0x0800e9b0   0x0800e9b0   0x00000060   Code   RO         6348    i.uart_receive_handler  bsp_sbus.o
    0x0800ea10   0x0800ea10   0x000000aa   Code   RO         7766    i.update_kv_cache   fdb_kvdb.o
    0x0800eaba   0x0800eaba   0x00000072   Code   RO         7767    i.update_sec_status  fdb_kvdb.o
    0x0800eb2c   0x0800eb2c   0x00000066   Code   RO         7768    i.update_sector_cache  fdb_kvdb.o
    0x0800eb92   0x0800eb92   0x00000002   PAD
    0x0800eb94   0x0800eb94   0x000000cc   Code   RO         6028    i.userShellInit     shell_port.o
    0x0800ec60   0x0800ec60   0x00000004   Code   RO         6029    i.userShellLock     shell_port.o
    0x0800ec64   0x0800ec64   0x00000020   Code   RO         6030    i.userShellRead     shell_port.o
    0x0800ec84   0x0800ec84   0x00000004   Code   RO         6031    i.userShellUnlock   shell_port.o
    0x0800ec88   0x0800ec88   0x0000001c   Code   RO         6032    i.userShellWrite    shell_port.o
    0x0800eca4   0x0800eca4   0x00000026   Code   RO         4261    i.uxListRemove      list.o
    0x0800ecca   0x0800ecca   0x00000002   PAD
    0x0800eccc   0x0800eccc   0x00000014   Code   RO          438    i.vApplicationGetIdleTaskMemory  freertos.o
    0x0800ece0   0x0800ece0   0x00000016   Code   RO         4262    i.vListInitialise   list.o
    0x0800ecf6   0x0800ecf6   0x00000006   Code   RO         4263    i.vListInitialiseItem  list.o
    0x0800ecfc   0x0800ecfc   0x00000030   Code   RO         4264    i.vListInsert       list.o
    0x0800ed2c   0x0800ed2c   0x00000018   Code   RO         4265    i.vListInsertEnd    list.o
    0x0800ed44   0x0800ed44   0x00000040   Code   RO         5382    i.vPortEnterCritical  port.o
    0x0800ed84   0x0800ed84   0x00000028   Code   RO         5383    i.vPortExitCritical  port.o
    0x0800edac   0x0800edac   0x00000064   Code   RO         5313    i.vPortFree         heap_4.o
    0x0800ee10   0x0800ee10   0x00000024   Code   RO         5384    i.vPortSetupTimerInterrupt  port.o
    0x0800ee34   0x0800ee34   0x0000004c   Code   RO         4639    i.vTaskDelay        tasks.o
    0x0800ee80   0x0800ee80   0x00000010   Code   RO         4642    i.vTaskInternalSetTimeOutState  tasks.o
    0x0800ee90   0x0800ee90   0x0000000c   Code   RO         4643    i.vTaskMissedYield  tasks.o
    0x0800ee9c   0x0800ee9c   0x00000030   Code   RO         4645    i.vTaskPlaceOnEventList  tasks.o
    0x0800eecc   0x0800eecc   0x0000006c   Code   RO         4652    i.vTaskStartScheduler  tasks.o
    0x0800ef38   0x0800ef38   0x00000010   Code   RO         4654    i.vTaskSuspendAll   tasks.o
    0x0800ef48   0x0800ef48   0x0000005c   Code   RO         4655    i.vTaskSwitchContext  tasks.o
    0x0800efa4   0x0800efa4   0x00000394   Code   RO         6091    i.var               commend.o
    0x0800f338   0x0800f338   0x0000006c   Code   RO         6093    i.var_init          commend.o
    0x0800f3a4   0x0800f3a4   0x00000058   Code   RO         6094    i.var_register      commend.o
    0x0800f3fc   0x0800f3fc   0x00000030   Code   RO         6516    i.vesc_init         bsp_vesc.o
    0x0800f42c   0x0800f42c   0x00000024   Code   RO         6517    i.vesc_set_point    bsp_vesc.o
    0x0800f450   0x0800f450   0x00000030   Code   RO         6518    i.vesc_set_rmp      bsp_vesc.o
    0x0800f480   0x0800f480   0x00000058   Code   RO         8395    i.write             fal_flash_stm32f4.o
    0x0800f4d8   0x0800f4d8   0x000000f4   Code   RO         5386    i.xPortStartScheduler  port.o
    0x0800f5cc   0x0800f5cc   0x00000016   Code   RO         4313    i.xQueueCreateMutex  queue.o
    0x0800f5e2   0x0800f5e2   0x0000001a   Code   RO         4314    i.xQueueCreateMutexStatic  queue.o
    0x0800f5fc   0x0800f5fc   0x00000042   Code   RO         4315    i.xQueueGenericCreate  queue.o
    0x0800f63e   0x0800f63e   0x00000066   Code   RO         4316    i.xQueueGenericCreateStatic  queue.o
    0x0800f6a4   0x0800f6a4   0x00000088   Code   RO         4317    i.xQueueGenericReset  queue.o
    0x0800f72c   0x0800f72c   0x00000160   Code   RO         4318    i.xQueueGenericSend  queue.o
    0x0800f88c   0x0800f88c   0x00000074   Code   RO         4657    i.xTaskCheckForTimeOut  tasks.o
    0x0800f900   0x0800f900   0x0000005a   Code   RO         4658    i.xTaskCreate       tasks.o
    0x0800f95a   0x0800f95a   0x00000056   Code   RO         4659    i.xTaskCreateStatic  tasks.o
    0x0800f9b0   0x0800f9b0   0x0000001c   Code   RO         4663    i.xTaskGetSchedulerState  tasks.o
    0x0800f9cc   0x0800f9cc   0x000000cc   Code   RO         4666    i.xTaskIncrementTick  tasks.o
    0x0800fa98   0x0800fa98   0x00000098   Code   RO         4669    i.xTaskPriorityDisinherit  tasks.o
    0x0800fb30   0x0800fb30   0x00000074   Code   RO         4671    i.xTaskRemoveFromEventList  tasks.o
    0x0800fba4   0x0800fba4   0x000000c4   Code   RO         4672    i.xTaskResumeAll    tasks.o
    0x0800fc68   0x0800fc68   0x00000005   Data   RO           23    .constdata          main.o
    0x0800fc6d   0x0800fc6d   0x00000003   PAD
    0x0800fc70   0x0800fc70   0x00000070   Data   RO          440    .constdata          freertos.o
    0x0800fce0   0x0800fce0   0x00000008   Data   RO         1782    .constdata          stm32f4xx_hal_dma.o
    0x0800fce8   0x0800fce8   0x00000010   Data   RO         4124    .constdata          system_stm32f4xx.o
    0x0800fcf8   0x0800fcf8   0x00000008   Data   RO         4125    .constdata          system_stm32f4xx.o
    0x0800fd00   0x0800fd00   0x00000007   Data   RO         5514    .constdata          shell.o
    0x0800fd07   0x0800fd07   0x00000001   Data   RO         5515    .constdata          shell.o
    0x0800fd08   0x0800fd08   0x0000000d   Data   RO         5516    .constdata          shell.o
    0x0800fd15   0x0800fd15   0x00000007   Data   RO         5517    .constdata          shell.o
    0x0800fd1c   0x0800fd1c   0x00000008   Data   RO         5518    .constdata          shell.o
    0x0800fd24   0x0800fd24   0x00000003   Data   RO         5519    .constdata          shell.o
    0x0800fd27   0x0800fd27   0x00000005   Data   RO         5520    .constdata          shell.o
    0x0800fd2c   0x0800fd2c   0x00000006   Data   RO         5521    .constdata          shell.o
    0x0800fd32   0x0800fd32   0x00000005   Data   RO         5522    .constdata          shell.o
    0x0800fd37   0x0800fd37   0x00000004   Data   RO         5523    .constdata          shell.o
    0x0800fd3b   0x0800fd3b   0x0000000a   Data   RO         5524    .constdata          shell.o
    0x0800fd45   0x0800fd45   0x0000000a   Data   RO         5525    .constdata          shell.o
    0x0800fd4f   0x0800fd4f   0x00000007   Data   RO         5526    .constdata          shell.o
    0x0800fd56   0x0800fd56   0x00000006   Data   RO         5527    .constdata          shell.o
    0x0800fd5c   0x0800fd5c   0x00000006   Data   RO         5528    .constdata          shell.o
    0x0800fd62   0x0800fd62   0x00000005   Data   RO         5529    .constdata          shell.o
    0x0800fd67   0x0800fd67   0x0000001e   Data   RO         5530    .constdata          shell.o
    0x0800fd85   0x0800fd85   0x00000006   Data   RO         5531    .constdata          shell.o
    0x0800fd8b   0x0800fd8b   0x0000000e   Data   RO         5532    .constdata          shell.o
    0x0800fd99   0x0800fd99   0x00000005   Data   RO         5533    .constdata          shell.o
    0x0800fd9e   0x0800fd9e   0x0000000d   Data   RO         5534    .constdata          shell.o
    0x0800fdab   0x0800fdab   0x00000005   Data   RO         5535    .constdata          shell.o
    0x0800fdb0   0x0800fdb0   0x0000000d   Data   RO         5536    .constdata          shell.o
    0x0800fdbd   0x0800fdbd   0x00000005   Data   RO         5537    .constdata          shell.o
    0x0800fdc2   0x0800fdc2   0x0000000d   Data   RO         5538    .constdata          shell.o
    0x0800fdcf   0x0800fdcf   0x00000006   Data   RO         5539    .constdata          shell.o
    0x0800fdd5   0x0800fdd5   0x0000000e   Data   RO         5540    .constdata          shell.o
    0x0800fde3   0x0800fde3   0x0000000c   Data   RO         5952    .constdata          log.o
    0x0800fdef   0x0800fdef   0x00000024   Data   RO         5953    .constdata          log.o
    0x0800fe13   0x0800fe13   0x00000008   Data   RO         5954    .constdata          log.o
    0x0800fe1b   0x0800fe1b   0x00000020   Data   RO         5955    .constdata          log.o
    0x0800fe3b   0x0800fe3b   0x00000011   Data   RO         5956    .constdata          log.o
    0x0800fe4c   0x0800fe4c   0x0000000c   Data   RO         5957    .constdata          log.o
    0x0800fe58   0x0800fe58   0x0000000e   Data   RO         6034    .constdata          shell_port.o
    0x0800fe66   0x0800fe66   0x00000005   Data   RO         6096    .constdata          commend.o
    0x0800fe6b   0x0800fe6b   0x00000015   Data   RO         6097    .constdata          commend.o
    0x0800fe80   0x0800fe80   0x00000004   Data   RO         6098    .constdata          commend.o
    0x0800fe84   0x0800fe84   0x00000017   Data   RO         6099    .constdata          commend.o
    0x0800fe9b   0x0800fe9b   0x00000004   Data   RO         6100    .constdata          commend.o
    0x0800fe9f   0x0800fe9f   0x00000003   Data   RO         6861    .constdata          test_task.o
    0x0800fea2   0x0800fea2   0x00000005   Data   RO         6862    .constdata          test_task.o
    0x0800fea7   0x0800fea7   0x00000003   Data   RO         6863    .constdata          test_task.o
    0x0800feaa   0x0800feaa   0x00000005   Data   RO         6864    .constdata          test_task.o
    0x0800feaf   0x0800feaf   0x00000003   Data   RO         6865    .constdata          test_task.o
    0x0800feb2   0x0800feb2   0x00000005   Data   RO         6866    .constdata          test_task.o
    0x0800feb7   0x0800feb7   0x00000002   Data   RO         6867    .constdata          test_task.o
    0x0800feb9   0x0800feb9   0x00000005   Data   RO         6868    .constdata          test_task.o
    0x0800febe   0x0800febe   0x00000200   Data   RO         7492    .constdata          crc.o
    0x080100be   0x080100be   0x00000019   Data   RO         7668    .constdata          fdb.o
    0x080100d7   0x080100d7   0x00000046   Data   RO         7770    .constdata          fdb_kvdb.o
    0x0801011d   0x0801011d   0x00000003   PAD
    0x08010120   0x08010120   0x00000423   Data   RO         8172    .constdata          fdb_utils.o
    0x08010543   0x08010543   0x00000009   Data   RO         8348    .constdata          fal.o
    0x0801054c   0x0801054c   0x00000029   Data   RO         8369    .constdata          fal_flash.o
    0x08010575   0x08010575   0x00000003   PAD
    0x08010578   0x08010578   0x00000038   Data   RO         8396    .constdata          fal_flash_stm32f4.o
    0x080105b0   0x080105b0   0x00000139   Data   RO         8447    .constdata          fal_partition.o
    0x080106e9   0x080106e9   0x00000007   PAD
    0x080106f0   0x080106f0   0x00000088   Data   RO         8552    .constdata          m_wm.l(pow.o)
    0x08010778   0x08010778   0x00000098   Data   RO         8915    .constdata          m_wm.l(atan.o)
    0x08010810   0x08010810   0x00000008   Data   RO         8964    .constdata          m_wm.l(qnan.o)
    0x08010818   0x08010818   0x00000081   Data   RO         9049    .constdata          mc_w.l(ctype_o.o)
    0x08010899   0x08010899   0x00000003   PAD
    0x0801089c   0x0801089c   0x00000004   Data   RO         9050    .constdata          mc_w.l(ctype_o.o)
    0x080108a0   0x080108a0   0x0000003f   Data   RO           24    .conststring        main.o
    0x080108df   0x080108df   0x00000001   PAD
    0x080108e0   0x080108e0   0x0000002d   Data   RO          441    .conststring        freertos.o
    0x0801090d   0x0801090d   0x00000003   PAD
    0x08010910   0x08010910   0x000002a1   Data   RO         5541    .conststring        shell.o
    0x08010bb1   0x08010bb1   0x00000003   PAD
    0x08010bb4   0x08010bb4   0x00000048   Data   RO         5958    .conststring        log.o
    0x08010bfc   0x08010bfc   0x00000093   Data   RO         7669    .conststring        fdb.o
    0x08010c8f   0x08010c8f   0x00000001   PAD
    0x08010c90   0x08010c90   0x00000178   Data   RO         7771    .conststring        fdb_kvdb.o
    0x08010e08   0x08010e08   0x0000008f   Data   RO         8319    .conststring        useflash.o
    0x08010e97   0x08010e97   0x00000001   PAD
    0x08010e98   0x08010e98   0x0000005b   Data   RO         8370    .conststring        fal_flash.o
    0x08010ef3   0x08010ef3   0x00000001   PAD
    0x08010ef4   0x08010ef4   0x00000132   Data   RO         8448    .conststring        fal_partition.o
    0x08011026   0x08011026   0x00000002   PAD
    0x08011028   0x08011028   0x00000020   Data   RO         9087    Region$$Table       anon$$obj.o
    0x08011048   0x08011048   0x00000120   Data   RO         5543    shellCommand        shell.o
    0x08011168   0x08011168   0x00000030   Data   RO         5959    shellCommand        log.o
    0x08011198   0x08011198   0x00000020   Data   RO         6102    shellCommand        commend.o
    0x080111b8   0x080111b8   0x00000040   Data   RO         6870    shellCommand        test_task.o


    Execution Region RW_IRAM2 (Exec base: 0x10000000, Load base: 0x0801128c, Size: 0x00000000, Max: 0x00010000, ABSOLUTE)

    **** No section assigned to this execution region ****


    Execution Region RW_IRAM1 (Exec base: 0x20000000, Load base: 0x080111f8, Size: 0x00006ca0, Max: 0x00030000, ABSOLUTE, COMPRESSED[0x00000094])

    Exec Addr    Load Addr    Size         Type   Attr      Idx    E Section Name        Object

    0x20000000   COMPRESSED   0x00000004   Data   RW           25    .data               main.o
    0x20000004   COMPRESSED   0x00000028   Data   RW           26    .data               main.o
    0x2000002c   COMPRESSED   0x00000030   Data   RW           27    .data               main.o
    0x2000005c   COMPRESSED   0x00000004   Data   RW           28    .data               main.o
    0x20000060   COMPRESSED   0x00000004   Data   RW           29    .data               main.o
    0x20000064   COMPRESSED   0x00000004   Data   RW           30    .data               main.o
    0x20000068   COMPRESSED   0x00000004   Data   RW           31    .data               main.o
    0x2000006c   COMPRESSED   0x00000004   Data   RW           32    .data               main.o
    0x20000070   COMPRESSED   0x00000004   Data   RW           33    .data               main.o
    0x20000074   COMPRESSED   0x00000001   Data   RW           40    .data               main.o
    0x20000075   COMPRESSED   0x00000003   PAD
    0x20000078   COMPRESSED   0x00000014   Data   RW          442    .data               freertos.o
    0x2000008c   COMPRESSED   0x00000004   Data   RW          530    .data               can.o
    0x20000090   COMPRESSED   0x00000004   Data   RW          708    .data               usart.o
    0x20000094   COMPRESSED   0x0000000c   Data   RW         2229    .data               stm32f4xx_hal.o
    0x200000a0   COMPRESSED   0x00000004   Data   RW         4126    .data               system_stm32f4xx.o
    0x200000a4   COMPRESSED   0x0000003c   Data   RW         4675    .data               tasks.o
    0x200000e0   COMPRESSED   0x00000020   Data   RW         5319    .data               heap_4.o
    0x20000100   COMPRESSED   0x0000000c   Data   RW         5387    .data               port.o
    0x2000010c   COMPRESSED   0x00000054   Data   RW         5542    .data               shell.o
    0x20000160   COMPRESSED   0x00000010   Data   RW         6035    .data               shell_port.o
    0x20000170   COMPRESSED   0x00000020   Data   RW         6101    .data               commend.o
    0x20000190   COMPRESSED   0x00000004   Data   RW         6181    .data               bsp_as5048.o
    0x20000194   COMPRESSED   0x00000003   Data   RW         6520    .data               bsp_vesc.o
    0x20000197   COMPRESSED   0x00000001   Data   RW         6613    .data               chassis_behaviour.o
    0x20000198   COMPRESSED   0x00000008   Data   RW         6869    .data               test_task.o
    0x200001a0   COMPRESSED   0x00000002   Data   RW         6974    .data               solenoid_task.o
    0x200001a2   COMPRESSED   0x00000002   PAD
    0x200001a4   COMPRESSED   0x00000074   Data   RW         7229    .data               bldc_interface.o
    0x20000218   COMPRESSED   0x00000001   Data   RW         7670    .data               fdb.o
    0x20000219   COMPRESSED   0x00000001   Data   RW         8349    .data               fal.o
    0x2000021a   COMPRESSED   0x00000001   Data   RW         8371    .data               fal_flash.o
    0x2000021b   COMPRESSED   0x00000001   PAD
    0x2000021c   COMPRESSED   0x00000014   Data   RW         8449    .data               fal_partition.o
    0x20000230   COMPRESSED   0x00000004   Data   RW         8981    .data               mc_w.l(stdout.o)
    0x20000234   COMPRESSED   0x00000004   Data   RW         8996    .data               mc_w.l(mvars.o)
    0x20000238   COMPRESSED   0x00000004   Data   RW         8997    .data               mc_w.l(mvars.o)
    0x2000023c   COMPRESSED   0x00000004   Data   RW         9001    .data               mc_w.l(errno.o)
    0x20000240        -       0x000002ec   Zero   RW           18    .bss                main.o
    0x2000052c        -       0x000000ff   Zero   RW           21    .bss                main.o
    0x2000062b   COMPRESSED   0x00000001   PAD
    0x2000062c        -       0x00000010   Zero   RW           22    .bss                main.o
    0x2000063c        -       0x00000254   Zero   RW          439    .bss                freertos.o
    0x20000890        -       0x00000050   Zero   RW          529    .bss                can.o
    0x200008e0        -       0x00000058   Zero   RW          604    .bss                spi.o
    0x20000938        -       0x00000090   Zero   RW          648    .bss                tim.o
    0x200009c8        -       0x000002d0   Zero   RW          706    .bss                usart.o
    0x20000c98        -       0x00000018   Zero   RW          831    .bss                stm32f4xx_it.o
    0x20000cb0        -       0x00000048   Zero   RW          986    .bss                stm32f4xx_hal_timebase_tim.o
    0x20000cf8        -       0x00000020   Zero   RW         1441    .bss                stm32f4xx_hal_flash.o
    0x20000d18        -       0x000000f0   Zero   RW         4674    .bss                tasks.o
    0x20000e08        -       0x00003c00   Zero   RW         5318    .bss                heap_4.o
    0x20004a08        -       0x0000001d   Zero   RW         5513    .bss                shell.o
    0x20004a25   COMPRESSED   0x00000003   PAD
    0x20004a28        -       0x00000114   Zero   RW         5951    .bss                log.o
    0x20004b3c        -       0x00000308   Zero   RW         6033    .bss                shell_port.o
    0x20004e44        -       0x00000340   Zero   RW         6259    .bss                bsp_can.o
    0x20005184        -       0x0000003b   Zero   RW         6349    .bss                bsp_sbus.o
    0x200051bf   COMPRESSED   0x00000001   PAD
    0x200051c0        -       0x00000854   Zero   RW         6659    .bss                chassis_task.o
    0x20005a14        -       0x000000d8   Zero   RW         6859    .bss                test_task.o
    0x20005aec        -       0x00000694   Zero   RW         7228    .bss                bldc_interface.o
    0x20006180        -       0x00000420   Zero   RW         7636    .bss                packet.o
    0x200065a0        -       0x00000300   Zero   RW            2    HEAP                startup_stm32f427xx.o
    0x200068a0        -       0x00000400   Zero   RW            1    STACK               startup_stm32f427xx.o


==============================================================================

Image component sizes


      Code (inc. data)   RO Data    RW Data    ZI Data      Debug   Object Name

      3108        284          0        116       1684      14850   bldc_interface.o
        42          8          0          0          0       2494   bldc_interface_uart.o
       676        108          0          4          0       4290   bsp_as5048.o
       702         18          0          0        832       9099   bsp_can.o
       766         22          0          0         59       5069   bsp_sbus.o
       820        392          0          3          0       4006   bsp_vesc.o
       296         20          0          0          0       5856   buffer.o
       420         40          0          4         80       2538   can.o
       284         24          0          1          0       6186   chassis_behaviour.o
      1984        134          0          0       2132       8178   chassis_task.o
       136          0          0          0          0      23993   cmsis_os.o
      1114        416         89         32          0       7098   commend.o
        44          6        512          0          0       1264   crc.o
        92          4          0          0          0        846   dma.o
         0          0          0          0          0      20020   event_groups.o
       252        178          9          1          0        831   fal.o
       408        212        132          1          0       2085   fal_flash.o
       584        108         56          0          0       5181   fal_flash_stm32f4.o
      2240       1214        619         20          0       9114   fal_partition.o
       854        414        172          1          0       9567   fdb.o
      7506       2102        446          0          0      45416   fdb_kvdb.o
       628        186       1059          0          0      15038   fdb_utils.o
       140         14        157         20        596      34092   freertos.o
       384         30          0          0          0     766315   gpio.o
       472         24          0         32      15360       7479   heap_4.o
       200          0          0          0          0       4864   kfifo.o
       440        280          0          0          0        760   kvdb_basic_sample.o
       276          8          0          0          0       2744   led_task.o
       138          0          0          0          0       3598   list.o
       854        240        237          0        276      10271   log.o
       552        132         68        117       1019     757002   main.o
       348         24          0          0       1056       3221   packet.o
       574         16          0          0          0       4673   pid.o
       702         72          0         12          0      11084   port.o
       962         10          0          0          0      14153   queue.o
      4240        230       1188         84         29      49398   shell.o
        66          0          0          0          0       2076   shell_companion.o
       684          8          0          0          0       5494   shell_ext.o
       296        110         14         16        776       7564   shell_port.o
       292         46          0          2          0       3106   solenoid_task.o
       184         24          0          0         88       1725   spi.o
        36          8        428          0       1792        844   startup_stm32f427xx.o
        80         14          0         12          0       8286   stm32f4xx_hal.o
      1702          6          0          0          0      15205   stm32f4xx_hal_can.o
       158         14          0          0          0      33202   stm32f4xx_hal_cortex.o
      1154         16          8          0          0       8302   stm32f4xx_hal_dma.o
       540         66          0          0         32       6710   stm32f4xx_hal_flash.o
       388         24          0          0          0       4422   stm32f4xx_hal_flash_ex.o
       574         54          0          0          0       2232   stm32f4xx_hal_gpio.o
        56          4          0          0          0        886   stm32f4xx_hal_msp.o
       112         14          0          0          0       1304   stm32f4xx_hal_pwr_ex.o
      1412         86          0          0          0       5957   stm32f4xx_hal_rcc.o
      1300         12          0          0          0       6492   stm32f4xx_hal_spi.o
      2020        136          0          0          0      17114   stm32f4xx_hal_tim.o
       232         28          0          0          0       3317   stm32f4xx_hal_tim_ex.o
       152         20          0          0         72       1508   stm32f4xx_hal_timebase_tim.o
      2234         30          0          0          0      17105   stm32f4xx_hal_uart.o
       392        124          0          0         24      11517   stm32f4xx_it.o
         0          0          0          0          0        392   stream_buffer.o
        16          4         24          4          0       1151   system_stm32f4xx.o
      2008        150          0         60        240      25330   tasks.o
       676        136         95          8        216       7278   test_task.o
       596         54          0          0        144       3353   tim.o
      1312        166          0          4        720      21779   usart.o
       604        324        143          0          0       2244   useflash.o

    ----------------------------------------------------------------------
     52582       8648       5516        560      27232    2098568   Object Totals
         0          0         32          0          0          0   (incl. Generated)
        68          0         28          6          5          0   (incl. Padding)

    ----------------------------------------------------------------------

      Code (inc. data)   RO Data    RW Data    ZI Data      Debug   Library Member Name

       744        106        152          0          0        352   atan.o
       512         64          0          0          0        208   atan2.o
        56         12          0          0          0        132   atof.o
       184         44          0          0          0        744   dunder.o
        24          0          0          0          0        124   fabs.o
        48          0          0          0          0        124   fpclassify.o
        32         12          0          0          0        232   funder.o
       142          0          0          0          0        156   ldexpf.o
       248          0          0          0          0        152   poly.o
      3152        296        136          0          0        352   pow.o
         0          0          8          0          0          0   qnan.o
       232          0          0          0          0        296   sqrt.o
        86          0          0          0          0          0   __dczerorl2.o
        28          0          0          0          0         68   _chval.o
        64          0          0          0          0         84   _sgetc.o
       158          0          0          0          0         92   _strtoul.o
        26          0          0          0          0         80   atoi.o
         8          4        133          0          0         68   ctype_o.o
         0          0          0          0          0          0   entry.o
         0          0          0          0          0          0   entry10a.o
         0          0          0          0          0          0   entry11a.o
         4          0          0          0          0          0   entry12b.o
         8          4          0          0          0          0   entry2.o
         4          0          0          0          0          0   entry5.o
         0          0          0          0          0          0   entry7b.o
         0          0          0          0          0          0   entry8b.o
         8          4          0          0          0          0   entry9a.o
        32         16          0          4          0        204   errno.o
        30          0          0          0          0          0   handlers.o
        36          8          0          0          0         68   init.o
        18          0          0          0          0         76   isspace_o.o
         0          0          0          0          0          0   iusefp.o
        30          0          0          0          0         68   llshl.o
        36          0          0          0          0         68   llsshr.o
        32          0          0          0          0         68   llushr.o
       108         16          0          0          0         84   malloc.o
        36          0          0          0          0         68   memcpya.o
        36          0          0          0          0        108   memseta.o
         0          0          0          8          0          0   mvars.o
      2394        106          0          0          0        852   printfa.o
       878         12          0          0          0        216   scanf_fp.o
         0          0          0          4          0          0   stdout.o
        28          0          0          0          0         76   strcmp.o
        18          0          0          0          0         68   strcpy.o
        14          0          0          0          0         68   strlen.o
        30          0          0          0          0         80   strncmp.o
        24          0          0          0          0         76   strncpy.o
       156         12          0          0          0        120   strtod.o
       112          0          0          0          0         88   strtol.o
        44          0          0          0          0         80   uidiv.o
        98          0          0          0          0         92   uldiv.o
        48          0          0          0          0         68   cdcmple.o
        48          0          0          0          0         68   cdrcmple.o
        56          0          0          0          0         88   d2f.o
       334          0          0          0          0        148   dadd.o
       222          0          0          0          0        100   ddiv.o
       186          0          0          0          0        176   depilogue.o
        48          0          0          0          0         68   dfixul.o
        34          0          0          0          0         76   dflti.o
        26          0          0          0          0         76   dfltui.o
        24          0          0          0          0         76   dfltul.o
       228          0          0          0          0         96   dmul.o
        46          0          0          0          0         80   dscalb.o
       162          0          0          0          0        100   dsqrt.o
        38          0          0          0          0         68   f2d.o
       110          0          0          0          0        168   fepilogue.o
        24          0          0          0          0         68   fscalb.o

    ----------------------------------------------------------------------
     11606        720        432         16          0       7416   Library Totals
        14          4          3          0          0          0   (incl. Padding)

    ----------------------------------------------------------------------

      Code (inc. data)   RO Data    RW Data    ZI Data      Debug   Library Name

      5374        534        296          0          0       2872   m_wm.l
      4584        182        133         16          0       3020   mc_w.l
      1634          0          0          0          0       1524   mf_w.l

    ----------------------------------------------------------------------
     11606        720        432         16          0       7416   Library Totals

    ----------------------------------------------------------------------

==============================================================================


      Code (inc. data)   RO Data    RW Data    ZI Data      Debug   

     64188       9368       5948        576      27232    2059220   Grand Totals
     64188       9368       5948        148      27232    2059220   ELF Image Totals (compressed)
     64188       9368       5948        148          0          0   ROM Totals

==============================================================================

    Total RO  Size (Code + RO Data)                70136 (  68.49kB)
    Total RW  Size (RW Data + ZI Data)             27808 (  27.16kB)
    Total ROM Size (Code + RO Data + RW Data)      70284 (  68.64kB)

==============================================================================

