<html>
<body>
<pre>
<h1>µVision Build Log</h1>
<h2>Tool Versions:</h2>
IDE-Version: ¦ÌVision V5.24.2.0
Copyright (C) 2017 ARM Ltd and ARM Germany GmbH. All rights reserved.
License Information: a a, a, LIC=47GU5-GV685-PCUJ8-3M9B5-QH6EX-XR8UQ
 
Tool Versions:
Toolchain:       MDK-ARM Plus  Version: 5.24.1
Toolchain Path:  D:\Keil5\ARM\ARMCC\Bin
C Compiler:      Armcc.exe V5.06 update 5 (build 528)
Assembler:       Armasm.exe V5.06 update 5 (build 528)
Linker/Locator:  ArmLink.exe V5.06 update 5 (build 528)
Library Manager: ArmAr.exe V5.06 update 5 (build 528)
Hex Converter:   FromElf.exe V5.06 update 5 (build 528)
CPU DLL:         SARMCM3.DLL V5.24.1
Dialog DLL:      DCM.DLL V1.16.0.0
Target DLL:      CMSIS_AGDI.dll V1.28.3.0
Dialog DLL:      TCM.DLL V1.32.0.0
 
<h2>Project:</h2>
D:\All_code\RC\RBC_CQUPT_HXC_ER\MDK-ARM\ROBOCON2023_CQUPT.uvprojx
Project File Date:  06/30/2023

<h2>Output:</h2>
*** Using Compiler 'V5.06 update 5 (build 528)', folder: 'D:\Keil5\ARM\ARMCC\Bin'
Build target 'ROBOCON2023_CQUPT'
compiling chassis_task.c...
..\Task\chassis_task.c(754): warning:  #1035-D: single-precision operand implicitly converted to double-precision
      Angle_target = Angle_target / 180.0 * PI;
..\Task\chassis_task.c(755): warning:  #1035-D: single-precision operand implicitly converted to double-precision
      Angle_current = Angle_current / 180.0 * PI;
..\Task\chassis_task.c(862): warning:  #9-D: nested comment is not allowed
  /*//////////////////////////////////////////////////////////////////////
..\Task\chassis_task.c(189): warning:  #177-D: function "chassis_info_print"  was declared but never referenced
  static void chassis_info_print(chassis_move_t *Chassis_Info)
..\Task\chassis_task.c: 4 warnings, 0 errors
linking...
Program Size: Code=68250 RO-data=6178 RW-data=592 ZI-data=27416  
FromELF: creating hex file...
"ROBOCON2023_CQUPT\ROBOCON2023_CQUPT.axf" - 0 Error(s), 4 Warning(s).

<h2>Software Packages used:</h2>

Package Vendor: ARM
                http://www.keil.com/pack/ARM.CMSIS.5.9.0.pack
                ARM.CMSIS.5.9.0
                CMSIS (Common Microcontroller Software Interface Standard)
   * Component: CORE Version: 5.6.0

Package Vendor: Keil
                http://www.keil.com/pack/Keil.STM32F4xx_DFP.2.16.0.pack
                Keil.STM32F4xx_DFP.2.16.0
                STMicroelectronics STM32F4 Series Device Support, Drivers and Examples

<h2>Collection of Component include folders:</h2>
  .\RTE\_ROBOCON2023_CQUPT
  D:\Keil5\ARM\PACK\ARM\CMSIS\5.9.0\CMSIS\Core\Include
  D:\Keil5\ARM\PACK\Keil\STM32F4xx_DFP\2.16.0\Drivers\CMSIS\Device\ST\STM32F4xx\Include

<h2>Collection of Component Files used:</h2>

   * Component: ARM::CMSIS:CORE:5.6.0
      Include file:  CMSIS\Core\Include\tz_context.h
Build Time Elapsed:  00:00:03
</pre>
</body>
</html>
