Component: ARM Compiler 5.06 update 5 (build 528) Tool: armlink [4d35e2]

==============================================================================

Section Cross References

    startup_stm32f427xx.o(RESET) refers to startup_stm32f427xx.o(STACK) for __initial_sp
    startup_stm32f427xx.o(RESET) refers to startup_stm32f427xx.o(.text) for Reset_Handler
    startup_stm32f427xx.o(RESET) refers to stm32f4xx_it.o(i.NMI_Handler) for NMI_Handler
    startup_stm32f427xx.o(RESET) refers to stm32f4xx_it.o(i.HardFault_Handler) for HardFault_Handler
    startup_stm32f427xx.o(RESET) refers to stm32f4xx_it.o(i.MemManage_Handler) for MemManage_Handler
    startup_stm32f427xx.o(RESET) refers to stm32f4xx_it.o(i.BusFault_Handler) for BusFault_Handler
    startup_stm32f427xx.o(RESET) refers to stm32f4xx_it.o(i.UsageFault_Handler) for UsageFault_Handler
    startup_stm32f427xx.o(RESET) refers to port.o(.emb_text) for SVC_Handler
    startup_stm32f427xx.o(RESET) refers to stm32f4xx_it.o(i.DebugMon_Handler) for DebugMon_Handler
    startup_stm32f427xx.o(RESET) refers to port.o(i.SysTick_Handler) for SysTick_Handler
    startup_stm32f427xx.o(RESET) refers to stm32f4xx_it.o(i.DMA1_Stream5_IRQHandler) for DMA1_Stream5_IRQHandler
    startup_stm32f427xx.o(RESET) refers to stm32f4xx_it.o(i.CAN1_TX_IRQHandler) for CAN1_TX_IRQHandler
    startup_stm32f427xx.o(RESET) refers to stm32f4xx_it.o(i.CAN1_RX0_IRQHandler) for CAN1_RX0_IRQHandler
    startup_stm32f427xx.o(RESET) refers to stm32f4xx_it.o(i.TIM2_IRQHandler) for TIM2_IRQHandler
    startup_stm32f427xx.o(RESET) refers to stm32f4xx_it.o(i.USART1_IRQHandler) for USART1_IRQHandler
    startup_stm32f427xx.o(RESET) refers to stm32f4xx_it.o(i.USART2_IRQHandler) for USART2_IRQHandler
    startup_stm32f427xx.o(RESET) refers to stm32f4xx_it.o(i.TIM8_TRG_COM_TIM14_IRQHandler) for TIM8_TRG_COM_TIM14_IRQHandler
    startup_stm32f427xx.o(RESET) refers to stm32f4xx_it.o(i.DMA2_Stream1_IRQHandler) for DMA2_Stream1_IRQHandler
    startup_stm32f427xx.o(RESET) refers to stm32f4xx_it.o(i.DMA2_Stream2_IRQHandler) for DMA2_Stream2_IRQHandler
    startup_stm32f427xx.o(RESET) refers to stm32f4xx_it.o(i.CAN2_TX_IRQHandler) for CAN2_TX_IRQHandler
    startup_stm32f427xx.o(RESET) refers to stm32f4xx_it.o(i.CAN2_RX0_IRQHandler) for CAN2_RX0_IRQHandler
    startup_stm32f427xx.o(RESET) refers to stm32f4xx_it.o(i.USART6_IRQHandler) for USART6_IRQHandler
    startup_stm32f427xx.o(RESET) refers to stm32f4xx_it.o(i.UART7_IRQHandler) for UART7_IRQHandler
    startup_stm32f427xx.o(RESET) refers to stm32f4xx_it.o(i.UART8_IRQHandler) for UART8_IRQHandler
    startup_stm32f427xx.o(.text) refers to system_stm32f4xx.o(i.SystemInit) for SystemInit
    startup_stm32f427xx.o(.text) refers to entry.o(.ARM.Collect$$$$00000000) for __main
    main.o(i.HAL_TIM_PeriodElapsedCallback) refers to stm32f4xx_hal.o(i.HAL_IncTick) for HAL_IncTick
    main.o(i.HAL_TIM_PeriodElapsedCallback) refers to main.o(.data) for .data
    main.o(i.SystemClock_Config) refers to memseta.o(.text) for __aeabi_memclr4
    main.o(i.SystemClock_Config) refers to stm32f4xx_hal_rcc.o(i.HAL_RCC_OscConfig) for HAL_RCC_OscConfig
    main.o(i.SystemClock_Config) refers to stm32f4xx_hal_pwr_ex.o(i.HAL_PWREx_EnableOverDrive) for HAL_PWREx_EnableOverDrive
    main.o(i.SystemClock_Config) refers to stm32f4xx_hal_rcc.o(i.HAL_RCC_ClockConfig) for HAL_RCC_ClockConfig
    main.o(i.fputc) refers to stm32f4xx_hal_uart.o(i.HAL_UART_Transmit) for HAL_UART_Transmit
    main.o(i.fputc) refers to usart.o(.bss) for huart6
    main.o(i.main) refers to stm32f4xx_hal.o(i.HAL_Init) for HAL_Init
    main.o(i.main) refers to main.o(i.SystemClock_Config) for SystemClock_Config
    main.o(i.main) refers to gpio.o(i.MX_GPIO_Init) for MX_GPIO_Init
    main.o(i.main) refers to dma.o(i.MX_DMA_Init) for MX_DMA_Init
    main.o(i.main) refers to can.o(i.MX_CAN1_Init) for MX_CAN1_Init
    main.o(i.main) refers to can.o(i.MX_CAN2_Init) for MX_CAN2_Init
    main.o(i.main) refers to spi.o(i.MX_SPI4_Init) for MX_SPI4_Init
    main.o(i.main) refers to usart.o(i.MX_USART1_UART_Init) for MX_USART1_UART_Init
    main.o(i.main) refers to usart.o(i.MX_USART2_UART_Init) for MX_USART2_UART_Init
    main.o(i.main) refers to usart.o(i.MX_USART3_UART_Init) for MX_USART3_UART_Init
    main.o(i.main) refers to usart.o(i.MX_USART6_UART_Init) for MX_USART6_UART_Init
    main.o(i.main) refers to usart.o(i.MX_UART7_Init) for MX_UART7_Init
    main.o(i.main) refers to usart.o(i.MX_UART8_Init) for MX_UART8_Init
    main.o(i.main) refers to tim.o(i.MX_TIM4_Init) for MX_TIM4_Init
    main.o(i.main) refers to tim.o(i.MX_TIM8_Init) for MX_TIM8_Init
    main.o(i.main) refers to tim.o(i.MX_TIM2_Init) for MX_TIM2_Init
    main.o(i.main) refers to bsp_sbus.o(i.dbus_uart_init) for dbus_uart_init
    main.o(i.main) refers to stm32f4xx_hal_tim.o(i.HAL_TIM_Base_Start_IT) for HAL_TIM_Base_Start_IT
[...]
    shellKey0x0D000000                       0x080120f4   Data          16  shell.o(shellCommand)
    shellCommandhelp                         0x08012104   Data          16  shell.o(shellCommand)
    shellCommandusers                        0x08012114   Data          16  shell.o(shellCommand)
    shellCommandcmds                         0x08012124   Data          16  shell.o(shellCommand)
    shellCommandvars                         0x08012134   Data          16  shell.o(shellCommand)
    shellCommandkeys                         0x08012144   Data          16  shell.o(shellCommand)
    shellCommandclear                        0x08012154   Data          16  shell.o(shellCommand)
    shellCommandlogSetLevel                  0x08012164   Data          16  log.o(shellCommand)
    shellCommandhexdump                      0x08012174   Data          16  log.o(shellCommand)
    shellKey0x04000000                       0x08012184   Data          16  log.o(shellCommand)
    shellCommanddata                         0x08012194   Data          16  commend.o(shellCommand)
    shellCommandvar                          0x080121a4   Data          16  commend.o(shellCommand)
    shellCommand$$Limit                      0x080121b4   Number         0  commend.o(shellCommand)
    shot_flag                                0x20000000   Data           1  main.o(.data)
    testTaskHandle                           0x20000060   Data           4  freertos.o(.data)
    chassisTaskHandle                        0x20000064   Data           4  freertos.o(.data)
    ledTaskHandle                            0x20000068   Data           4  freertos.o(.data)
    solenoidTaskHandle                       0x2000006c   Data           4  freertos.o(.data)
    YuntaiTaskHandle                         0x20000070   Data           4  freertos.o(.data)
    shellMutexHandle                         0x20000074   Data           4  freertos.o(.data)
    pos_x                                    0x2000007c   Data           4  usart.o(.data)
    pos_y                                    0x20000080   Data           4  usart.o(.data)
    zangle                                   0x20000084   Data           4  usart.o(.data)
    xangle                                   0x20000088   Data           4  usart.o(.data)
    yangle                                   0x2000008c   Data           4  usart.o(.data)
    w_z                                      0x20000090   Data           4  usart.o(.data)
    Rx_len_Huart2                            0x20000098   Data           1  usart.o(.data)
    uwTickFreq                               0x2000009c   Data           1  stm32f4xx_hal.o(.data)
    uwTickPrio                               0x200000a0   Data           4  stm32f4xx_hal.o(.data)
    uwTick                                   0x200000a4   Data           4  stm32f4xx_hal.o(.data)
    SystemCoreClock                          0x200000a8   Data           4  system_stm32f4xx.o(.data)
    pxCurrentTCB                             0x200000ac   Data           4  tasks.o(.data)
    shelldata                                0x20000168   Data           1  shell_port.o(.data)
    uartLog                                  0x2000016c   Data          12  shell_port.o(.data)
    b                                        0x20000178   Data           1  commend.o(.data)
    _var_begin                               0x2000017c   Data           4  commend.o(.data)
    a                                        0x20000180   Data           4  commend.o(.data)
    a1                                       0x20000184   Data           4  commend.o(.data)
    d                                        0x20000188   Data           4  commend.o(.data)
    c                                        0x20000190   Data           8  commend.o(.data)
    command                                  0x20000198   Data           2  bsp_as5048.o(.data)
    angleValue                               0x2000019a   Data           2  bsp_as5048.o(.data)
    rx_data_0                                0x2000019c   Data           1  bsp_vesc.o(.data)
    is_send_uart7                            0x2000019d   Data           1  bsp_vesc.o(.data)
    is_send_uart8                            0x2000019e   Data           1  bsp_vesc.o(.data)
    Chassis_Behaviour_Mode                   0x2000019f   Data           1  chassis_behaviour.o(.data)
    simple_rc_ctrl                           0x200001a4   Data           1  solenoid_task.o(.data)
    target                                   0x200001a8   Data           4  yutai_task.o(.data)
    sigan_speed                              0x200001ac   Data           4  yutai_task.o(.data)
    send_func                                0x200001b4   Data           4  bldc_interface.o(.data)
    __stdout                                 0x2000023c   Data           4  stdout.o(.data)
    __microlib_freelist                      0x20000240   Data           4  mvars.o(.data)
    __microlib_freelist_initialised          0x20000244   Data           4  mvars.o(.data)
    kvdb                                     0x2000024c   Data         748  main.o(.bss)
    hcan1                                    0x2000078c   Data          40  can.o(.bss)
    hcan2                                    0x200007b4   Data          40  can.o(.bss)
    hspi4                                    0x200007dc   Data          88  spi.o(.bss)
    htim2                                    0x20000834   Data          72  tim.o(.bss)
    htim4                                    0x2000087c   Data          72  tim.o(.bss)
    htim8                                    0x200008c4   Data          72  tim.o(.bss)
    ReceiveBuff_Huart2                       0x20000924   Data         255  usart.o(.bss)
    huart7                                   0x20000a24   Data          68  usart.o(.bss)
    huart8                                   0x20000a68   Data          68  usart.o(.bss)
    huart1                                   0x20000aac   Data          68  usart.o(.bss)
    huart2                                   0x20000af0   Data          68  usart.o(.bss)
    huart3                                   0x20000b34   Data          68  usart.o(.bss)
    huart6                                   0x20000b78   Data          68  usart.o(.bss)
    hdma_usart1_rx                           0x20000bbc   Data          96  usart.o(.bss)
    hdma_usart2_rx                           0x20000c1c   Data          96  usart.o(.bss)
    hdma_usart6_rx                           0x20000c7c   Data          96  usart.o(.bss)
    Read_init_AS5048A                        0x20000cdc   Data          16  usart.o(.bss)
    htim14                                   0x20000d04   Data          72  stm32f4xx_hal_timebase_tim.o(.bss)
    pFlash                                   0x20000d4c   Data          32  stm32f4xx_hal_flash.o(.bss)
    logList                                  0x20004a7c   Data          20  log.o(.bss)
    shell                                    0x20004c10   Data         120  shell_port.o(.bss)
    shellBuffer                              0x20004c88   Data         512  shell_port.o(.bss)
    shell_rxfifo                             0x20004e88   Data          16  shell_port.o(.bss)
    motor_can1                               0x20004e98   Data         416  bsp_can.o(.bss)
    motor_can2                               0x20005038   Data         416  bsp_can.o(.bss)
    dbus_buf                                 0x200051d8   Data          25  bsp_sbus.o(.bss)
    rc                                       0x200051f1   Data          34  bsp_sbus.o(.bss)
    Chassis_Move                             0x20005214   Data        2132  chassis_task.o(.bss)
    TripodHead_Position_pid                  0x20005a68   Data         108  yutai_task.o(.bss)
    SiGan_Speed_pid                          0x20005ad4   Data         108  yutai_task.o(.bss)
    SiGan_Position_pid                       0x20005b40   Data         108  yutai_task.o(.bss)
    __heap_base                              0x20006660   Data           0  startup_stm32f427xx.o(HEAP)
    __heap_limit                             0x20006960   Data           0  startup_stm32f427xx.o(HEAP)
    __initial_sp                             0x20006d60   Data           0  startup_stm32f427xx.o(STACK)



==============================================================================

Memory Map of the image

  Image Entry point : 0x080001ad

  Load Region LR_IROM1 (Base: 0x08000000, Size: 0x00012400, Max: 0x00200000, ABSOLUTE, COMPRESSED[0x0001224c])

    Execution Region ER_IROM1 (Exec base: 0x08000000, Load base: 0x08000000, Size: 0x000121b4, Max: 0x00200000, ABSOLUTE)

    Exec Addr    Load Addr    Size         Type   Attr      Idx    E Section Name        Object

    0x08000000   0x08000000   0x000001ac   Data   RO            3    RESET               startup_stm32f427xx.o
    0x080001ac   0x080001ac   0x00000000   Code   RO         8457  * .ARM.Collect$$$$00000000  mc_w.l(entry.o)
    0x080001ac   0x080001ac   0x00000004   Code   RO         8847    .ARM.Collect$$$$00000001  mc_w.l(entry2.o)
    0x080001b0   0x080001b0   0x00000004   Code   RO         8850    .ARM.Collect$$$$00000004  mc_w.l(entry5.o)
    0x080001b4   0x080001b4   0x00000000   Code   RO         8852    .ARM.Collect$$$$00000008  mc_w.l(entry7b.o)
    0x080001b4   0x080001b4   0x00000000   Code   RO         8854    .ARM.Collect$$$$0000000A  mc_w.l(entry8b.o)
    0x080001b4   0x080001b4   0x00000008   Code   RO         8855    .ARM.Collect$$$$0000000B  mc_w.l(entry9a.o)
    0x080001bc   0x080001bc   0x00000000   Code   RO         8857    .ARM.Collect$$$$0000000D  mc_w.l(entry10a.o)
    0x080001bc   0x080001bc   0x00000000   Code   RO         8859    .ARM.Collect$$$$0000000F  mc_w.l(entry11a.o)
    0x080001bc   0x080001bc   0x00000004   Code   RO         8848    .ARM.Collect$$$$00002712  mc_w.l(entry2.o)
    0x080001c0   0x080001c0   0x000000be   Code   RO         5227    .emb_text           port.o
    0x0800027e   0x0800027e   0x00000002   PAD
    0x08000280   0x08000280   0x00000024   Code   RO            4    .text               startup_stm32f427xx.o
    0x080002a4   0x080002a4   0x00000062   Code   RO         8460    .text               mc_w.l(uldiv.o)
    0x08000306   0x08000306   0x00000024   Code   RO         8465    .text               mc_w.l(memcpya.o)
    0x0800032a   0x0800032a   0x00000024   Code   RO         8469    .text               mc_w.l(memseta.o)
    0x0800034e   0x0800034e   0x00000018   Code   RO         8471    .text               mc_w.l(strncpy.o)
    0x08000366   0x08000366   0x0000000e   Code   RO         8473    .text               mc_w.l(strlen.o)
    0x08000374   0x08000374   0x0000001c   Code   RO         8475    .text               mc_w.l(strcmp.o)
    0x08000390   0x08000390   0x00000012   Code   RO         8477    .text               mc_w.l(strcpy.o)
    0x080003a2   0x080003a2   0x0000001e   Code   RO         8479    .text               mc_w.l(strncmp.o)
    0x080003c0   0x080003c0   0x0000001a   Code   RO         8774    .text               mc_w.l(atoi.o)
    0x080003da   0x080003da   0x0000014e   Code   RO         8776    .text               mf_w.l(dadd.o)
    0x08000528   0x08000528   0x000000e4   Code   RO         8778    .text               mf_w.l(dmul.o)
    0x0800060c   0x0800060c   0x000000de   Code   RO         8780    .text               mf_w.l(ddiv.o)
    0x080006ea   0x080006ea   0x00000022   Code   RO         8782    .text               mf_w.l(dflti.o)
    0x0800070c   0x0800070c   0x0000001a   Code   RO         8784    .text               mf_w.l(dfltui.o)
    0x08000726   0x08000726   0x00000026   Code   RO         8790    .text               mf_w.l(f2d.o)
    0x0800074c   0x0800074c   0x00000038   Code   RO         8792    .text               mf_w.l(d2f.o)
    0x08000784   0x08000784   0x0000002c   Code   RO         8862    .text               mc_w.l(uidiv.o)
    0x080007b0   0x080007b0   0x0000001e   Code   RO         8864    .text               mc_w.l(llshl.o)
    0x080007ce   0x080007ce   0x00000020   Code   RO         8866    .text               mc_w.l(llushr.o)
    0x080007ee   0x080007ee   0x00000024   Code   RO         8868    .text               mc_w.l(llsshr.o)
    0x08000812   0x08000812   0x00000002   PAD
    0x08000814   0x08000814   0x00000360   Code   RO         8891    .text               mc_w.l(scanf_fp.o)
    0x08000b74   0x08000b74   0x00000040   Code   RO         8897    .text               mc_w.l(_sgetc.o)
    0x08000bb4   0x08000bb4   0x0000009c   Code   RO         8899    .text               mc_w.l(strtod.o)
    0x08000c50   0x08000c50   0x00000070   Code   RO         8901    .text               mc_w.l(strtol.o)
    0x08000cc0   0x08000cc0   0x00000000   Code   RO         8903    .text               mc_w.l(iusefp.o)
    0x08000cc0   0x08000cc0   0x0000006e   Code   RO         8904    .text               mf_w.l(fepilogue.o)
    0x08000d2e   0x08000d2e   0x00000018   Code   RO         8906    .text               mf_w.l(fscalb.o)
    0x08000d46   0x08000d46   0x000000ba   Code   RO         8908    .text               mf_w.l(depilogue.o)
    0x08000e00   0x08000e00   0x0000002e   Code   RO         8912    .text               mf_w.l(dscalb.o)
    0x08000e2e   0x08000e2e   0x000000a2   Code   RO         8914    .text               mf_w.l(dsqrt.o)
    0x08000ed0   0x08000ed0   0x00000030   Code   RO         8916    .text               mf_w.l(dfixul.o)
    0x08000f00   0x08000f00   0x00000030   Code   RO         8920    .text               mf_w.l(cdrcmple.o)
    0x08000f30   0x08000f30   0x00000024   Code   RO         8924    .text               mc_w.l(init.o)
    0x08000f54   0x08000f54   0x00000008   Code   RO         8928    .text               mc_w.l(ctype_o.o)
    0x08000f5c   0x08000f5c   0x00000012   Code   RO         8950    .text               mc_w.l(isspace_o.o)
    0x08000f6e   0x08000f6e   0x0000001c   Code   RO         8956    .text               mc_w.l(_chval.o)
    0x08000f8a   0x08000f8a   0x0000009e   Code   RO         8960    .text               mc_w.l(_strtoul.o)
    0x08001028   0x08001028   0x00000018   Code   RO         8962    .text               mf_w.l(dfltul.o)
    0x08001040   0x08001040   0x0000003e   Code   RO         8964    .text               mf_w.l(dfixi.o)
    0x0800107e   0x0800107e   0x00000056   Code   RO         8977    .text               mc_w.l(__dczerorl2.o)
    0x080010d4   0x080010d4   0x00000002   Code   RO          663    i.BusFault_Handler  stm32f4xx_it.o
    0x080010d6   0x080010d6   0x00000002   PAD
    0x080010d8   0x080010d8   0x0000000c   Code   RO          664    i.CAN1_RX0_IRQHandler  stm32f4xx_it.o
    0x080010e4   0x080010e4   0x0000000c   Code   RO          665    i.CAN1_TX_IRQHandler  stm32f4xx_it.o
    0x080010f0   0x080010f0   0x0000000c   Code   RO          666    i.CAN2_RX0_IRQHandler  stm32f4xx_it.o
    0x080010fc   0x080010fc   0x0000000c   Code   RO          667    i.CAN2_TX_IRQHandler  stm32f4xx_it.o
    0x08001108   0x08001108   0x00000050   Code   RO         6108    i.Can_TxMessage     bsp_can.o
    0x08001158   0x08001158   0x0000000c   Code   RO          668    i.DMA1_Stream5_IRQHandler  stm32f4xx_it.o
    0x08001164   0x08001164   0x0000000c   Code   RO          669    i.DMA2_Stream1_IRQHandler  stm32f4xx_it.o
    0x08001170   0x08001170   0x0000000c   Code   RO          670    i.DMA2_Stream2_IRQHandler  stm32f4xx_it.o
    0x0800117c   0x0800117c   0x00000028   Code   RO         1617    i.DMA_CalcBaseAndBitshift  stm32f4xx_hal_dma.o
    0x080011a4   0x080011a4   0x00000054   Code   RO         1618    i.DMA_CheckFifoParam  stm32f4xx_hal_dma.o
    0x080011f8   0x080011f8   0x00000028   Code   RO         1619    i.DMA_SetConfig     stm32f4xx_hal_dma.o
    0x08001220   0x08001220   0x00000002   Code   RO          671    i.DebugMon_Handler  stm32f4xx_it.o
    0x08001222   0x08001222   0x00000004   Code   RO           13    i.Error_Handler     main.o
    0x08001226   0x08001226   0x00000002   PAD
    0x08001228   0x08001228   0x00000054   Code   RO         1392    i.FLASH_Erase_Sector  stm32f4xx_hal_flash_ex.o
    0x0800127c   0x0800127c   0x00000054   Code   RO         1393    i.FLASH_FlushCaches  stm32f4xx_hal_flash_ex.o
    0x080012d0   0x080012d0   0x00000040   Code   RO         1394    i.FLASH_MassErase   stm32f4xx_hal_flash_ex.o
    0x08001310   0x08001310   0x00000020   Code   RO         1274    i.FLASH_Program_Byte  stm32f4xx_hal_flash.o
    0x08001330   0x08001330   0x0000002c   Code   RO         1275    i.FLASH_Program_DoubleWord  stm32f4xx_hal_flash.o
    0x0800135c   0x0800135c   0x00000024   Code   RO         1276    i.FLASH_Program_HalfWord  stm32f4xx_hal_flash.o
    0x08001380   0x08001380   0x00000024   Code   RO         1277    i.FLASH_Program_Word  stm32f4xx_hal_flash.o
    0x080013a4   0x080013a4   0x0000007c   Code   RO         1278    i.FLASH_SetErrorCode  stm32f4xx_hal_flash.o
    0x08001420   0x08001420   0x00000050   Code   RO         1279    i.FLASH_WaitForLastOperation  stm32f4xx_hal_flash.o
    0x08001470   0x08001470   0x00000038   Code   RO         6086    i.GET_AS5048A_ANGLE  bsp_as5048.o
    0x080014a8   0x080014a8   0x00000024   Code   RO          873    i.HAL_CAN_ActivateNotification  stm32f4xx_hal_can.o
    0x080014cc   0x080014cc   0x000000c8   Code   RO          874    i.HAL_CAN_AddTxMessage  stm32f4xx_hal_can.o
    0x08001594   0x08001594   0x0000010c   Code   RO          875    i.HAL_CAN_ConfigFilter  stm32f4xx_hal_can.o
    0x080016a0   0x080016a0   0x00000002   Code   RO          878    i.HAL_CAN_ErrorCallback  stm32f4xx_hal_can.o
    0x080016a2   0x080016a2   0x000000e8   Code   RO          881    i.HAL_CAN_GetRxMessage  stm32f4xx_hal_can.o
    0x0800178a   0x0800178a   0x0000002c   Code   RO          883    i.HAL_CAN_GetTxMailboxesFreeLevel  stm32f4xx_hal_can.o
    0x080017b6   0x080017b6   0x000001fc   Code   RO          885    i.HAL_CAN_IRQHandler  stm32f4xx_hal_can.o
    0x080019b2   0x080019b2   0x0000011a   Code   RO          886    i.HAL_CAN_Init      stm32f4xx_hal_can.o
    0x08001acc   0x08001acc   0x0000011c   Code   RO          377    i.HAL_CAN_MspInit   can.o
    0x08001be8   0x08001be8   0x00000002   Code   RO          893    i.HAL_CAN_RxFifo0FullCallback  stm32f4xx_hal_can.o
    0x08001bea   0x08001bea   0x00000002   PAD
    0x08001bec   0x08001bec   0x00000070   Code   RO         6109    i.HAL_CAN_RxFifo0MsgPendingCallback  bsp_can.o
    0x08001c5c   0x08001c5c   0x00000002   Code   RO          895    i.HAL_CAN_RxFifo1FullCallback  stm32f4xx_hal_can.o
    0x08001c5e   0x08001c5e   0x00000002   Code   RO          896    i.HAL_CAN_RxFifo1MsgPendingCallback  stm32f4xx_hal_can.o
    0x08001c60   0x08001c60   0x00000002   Code   RO          897    i.HAL_CAN_SleepCallback  stm32f4xx_hal_can.o
    0x08001c62   0x08001c62   0x00000002   PAD
    0x08001c64   0x08001c64   0x00000058   Code   RO          898    i.HAL_CAN_Start     stm32f4xx_hal_can.o
    0x08001cbc   0x08001cbc   0x00000002   Code   RO          900    i.HAL_CAN_TxMailbox0AbortCallback  stm32f4xx_hal_can.o
    0x08001cbe   0x08001cbe   0x00000002   Code   RO          901    i.HAL_CAN_TxMailbox0CompleteCallback  stm32f4xx_hal_can.o
    0x08001cc0   0x08001cc0   0x00000002   Code   RO          902    i.HAL_CAN_TxMailbox1AbortCallback  stm32f4xx_hal_can.o
    0x08001cc2   0x08001cc2   0x00000002   Code   RO          903    i.HAL_CAN_TxMailbox1CompleteCallback  stm32f4xx_hal_can.o
    0x08001cc4   0x08001cc4   0x00000002   Code   RO          904    i.HAL_CAN_TxMailbox2AbortCallback  stm32f4xx_hal_can.o
    0x08001cc6   0x08001cc6   0x00000002   Code   RO          905    i.HAL_CAN_TxMailbox2CompleteCallback  stm32f4xx_hal_can.o
    0x08001cc8   0x08001cc8   0x00000002   Code   RO          907    i.HAL_CAN_WakeUpFromRxMsgCallback  stm32f4xx_hal_can.o
    0x08001cca   0x08001cca   0x00000092   Code   RO         1620    i.HAL_DMA_Abort     stm32f4xx_hal_dma.o
    0x08001d5c   0x08001d5c   0x00000024   Code   RO         1621    i.HAL_DMA_Abort_IT  stm32f4xx_hal_dma.o
    0x08001d80   0x08001d80   0x000001a0   Code   RO         1625    i.HAL_DMA_IRQHandler  stm32f4xx_hal_dma.o
    0x08001f20   0x08001f20   0x000000d4   Code   RO         1626    i.HAL_DMA_Init      stm32f4xx_hal_dma.o
    0x08001ff4   0x08001ff4   0x00000046   Code   RO         1629    i.HAL_DMA_Start     stm32f4xx_hal_dma.o
    0x0800203a   0x0800203a   0x0000006e   Code   RO         1630    i.HAL_DMA_Start_IT  stm32f4xx_hal_dma.o
    0x080020a8   0x080020a8   0x0000009c   Code   RO         1399    i.HAL_FLASHEx_Erase  stm32f4xx_hal_flash_ex.o
    0x08002144   0x08002144   0x00000014   Code   RO         1283    i.HAL_FLASH_Lock    stm32f4xx_hal_flash.o
    0x08002158   0x08002158   0x0000007c   Code   RO         1288    i.HAL_FLASH_Program  stm32f4xx_hal_flash.o
    0x080021d4   0x080021d4   0x0000002c   Code   RO         1290    i.HAL_FLASH_Unlock  stm32f4xx_hal_flash.o
    0x08002200   0x08002200   0x00000234   Code   RO         1513    i.HAL_GPIO_Init     stm32f4xx_hal_gpio.o
    0x08002434   0x08002434   0x0000000a   Code   RO         1515    i.HAL_GPIO_ReadPin  stm32f4xx_hal_gpio.o
    0x0800243e   0x0800243e   0x0000000a   Code   RO         1517    i.HAL_GPIO_WritePin  stm32f4xx_hal_gpio.o
    0x08002448   0x08002448   0x0000000c   Code   RO         2065    i.HAL_GetTick       stm32f4xx_hal.o
    0x08002454   0x08002454   0x00000010   Code   RO         2071    i.HAL_IncTick       stm32f4xx_hal.o
    0x08002464   0x08002464   0x00000034   Code   RO         2072    i.HAL_Init          stm32f4xx_hal.o
    0x08002498   0x08002498   0x00000098   Code   RO          833    i.HAL_InitTick      stm32f4xx_hal_timebase_tim.o
    0x08002530   0x08002530   0x00000038   Code   RO          809    i.HAL_MspInit       stm32f4xx_hal_msp.o
    0x08002568   0x08002568   0x0000001a   Code   RO         1920    i.HAL_NVIC_EnableIRQ  stm32f4xx_hal_cortex.o
    0x08002582   0x08002582   0x00000002   PAD
    0x08002584   0x08002584   0x00000040   Code   RO         1926    i.HAL_NVIC_SetPriority  stm32f4xx_hal_cortex.o
    0x080025c4   0x080025c4   0x00000024   Code   RO         1927    i.HAL_NVIC_SetPriorityGrouping  stm32f4xx_hal_cortex.o
    0x080025e8   0x080025e8   0x00000070   Code   RO         1849    i.HAL_PWREx_EnableOverDrive  stm32f4xx_hal_pwr_ex.o
    0x08002658   0x08002658   0x00000134   Code   RO         1107    i.HAL_RCC_ClockConfig  stm32f4xx_hal_rcc.o
    0x0800278c   0x0800278c   0x00000040   Code   RO         1111    i.HAL_RCC_GetClockConfig  stm32f4xx_hal_rcc.o
    0x080027cc   0x080027cc   0x00000020   Code   RO         1114    i.HAL_RCC_GetPCLK1Freq  stm32f4xx_hal_rcc.o
    0x080027ec   0x080027ec   0x00000020   Code   RO         1115    i.HAL_RCC_GetPCLK2Freq  stm32f4xx_hal_rcc.o
    0x0800280c   0x0800280c   0x00000064   Code   RO         1116    i.HAL_RCC_GetSysClockFreq  stm32f4xx_hal_rcc.o
    0x08002870   0x08002870   0x0000036c   Code   RO         1119    i.HAL_RCC_OscConfig  stm32f4xx_hal_rcc.o
    0x08002bdc   0x08002bdc   0x000000bc   Code   RO         2331    i.HAL_SPI_Init      stm32f4xx_hal_spi.o
    0x08002c98   0x08002c98   0x0000006c   Code   RO          450    i.HAL_SPI_MspInit   spi.o
    0x08002d04   0x08002d04   0x00000166   Code   RO         2339    i.HAL_SPI_Transmit  stm32f4xx_hal_spi.o
    0x08002e6a   0x08002e6a   0x000001e2   Code   RO         2340    i.HAL_SPI_TransmitReceive  stm32f4xx_hal_spi.o
    0x0800304c   0x0800304c   0x00000002   Code   RO         3348    i.HAL_TIMEx_BreakCallback  stm32f4xx_hal_tim_ex.o
    0x0800304e   0x0800304e   0x00000002   Code   RO         3349    i.HAL_TIMEx_CommutCallback  stm32f4xx_hal_tim_ex.o
    0x08003050   0x08003050   0x00000054   Code   RO         3351    i.HAL_TIMEx_ConfigBreakDeadTime  stm32f4xx_hal_tim_ex.o
    0x080030a4   0x080030a4   0x00000090   Code   RO         3367    i.HAL_TIMEx_MasterConfigSynchronization  stm32f4xx_hal_tim_ex.o
    0x08003134   0x08003134   0x0000005a   Code   RO         2644    i.HAL_TIM_Base_Init  stm32f4xx_hal_tim.o
    0x0800318e   0x0800318e   0x00000002   PAD
    0x08003190   0x08003190   0x0000007c   Code   RO          492    i.HAL_TIM_Base_MspInit  tim.o
    0x0800320c   0x0800320c   0x00000080   Code   RO         2649    i.HAL_TIM_Base_Start_IT  stm32f4xx_hal_tim.o
    0x0800328c   0x0800328c   0x000000dc   Code   RO         2653    i.HAL_TIM_ConfigClockSource  stm32f4xx_hal_tim.o
    0x08003368   0x08003368   0x00000002   Code   RO         2678    i.HAL_TIM_IC_CaptureCallback  stm32f4xx_hal_tim.o
    0x0800336a   0x0800336a   0x00000166   Code   RO         2692    i.HAL_TIM_IRQHandler  stm32f4xx_hal_tim.o
    0x080034d0   0x080034d0   0x00000084   Code   RO          493    i.HAL_TIM_MspPostInit  tim.o
    0x08003554   0x08003554   0x00000002   Code   RO         2695    i.HAL_TIM_OC_DelayElapsedCallback  stm32f4xx_hal_tim.o
    0x08003556   0x08003556   0x000000cc   Code   RO         2716    i.HAL_TIM_PWM_ConfigChannel  stm32f4xx_hal_tim.o
    0x08003622   0x08003622   0x0000005a   Code   RO         2719    i.HAL_TIM_PWM_Init  stm32f4xx_hal_tim.o
    0x0800367c   0x0800367c   0x00000002   Code   RO         2721    i.HAL_TIM_PWM_MspInit  stm32f4xx_hal_tim.o
    0x0800367e   0x0800367e   0x00000002   Code   RO         2722    i.HAL_TIM_PWM_PulseFinishedCallback  stm32f4xx_hal_tim.o
    0x08003680   0x08003680   0x000000c8   Code   RO         2724    i.HAL_TIM_PWM_Start  stm32f4xx_hal_tim.o
    0x08003748   0x08003748   0x0000002c   Code   RO           14    i.HAL_TIM_PeriodElapsedCallback  main.o
    0x08003774   0x08003774   0x00000002   Code   RO         2735    i.HAL_TIM_TriggerCallback  stm32f4xx_hal_tim.o
    0x08003776   0x08003776   0x00000002   Code   RO         3626    i.HAL_UARTEx_RxEventCallback  stm32f4xx_hal_uart.o
    0x08003778   0x08003778   0x00000070   Code   RO         3638    i.HAL_UART_DMAStop  stm32f4xx_hal_uart.o
    0x080037e8   0x080037e8   0x00000002   Code   RO         3640    i.HAL_UART_ErrorCallback  stm32f4xx_hal_uart.o
    0x080037ea   0x080037ea   0x00000002   PAD
    0x080037ec   0x080037ec   0x00000268   Code   RO         3643    i.HAL_UART_IRQHandler  stm32f4xx_hal_uart.o
    0x08003a54   0x08003a54   0x00000062   Code   RO         3644    i.HAL_UART_Init     stm32f4xx_hal_uart.o
    0x08003ab6   0x08003ab6   0x00000002   PAD
    0x08003ab8   0x08003ab8   0x000002f4   Code   RO          552    i.HAL_UART_MspInit  usart.o
    0x08003dac   0x08003dac   0x0000002a   Code   RO         3648    i.HAL_UART_Receive_DMA  stm32f4xx_hal_uart.o
    0x08003dd6   0x08003dd6   0x0000002a   Code   RO         3649    i.HAL_UART_Receive_IT  stm32f4xx_hal_uart.o
    0x08003e00   0x08003e00   0x000000b4   Code   RO          553    i.HAL_UART_RxCpltCallback  usart.o
    0x08003eb4   0x08003eb4   0x00000002   Code   RO         3651    i.HAL_UART_RxHalfCpltCallback  stm32f4xx_hal_uart.o
    0x08003eb6   0x08003eb6   0x00000002   PAD
    0x08003eb8   0x08003eb8   0x000000b2   Code   RO         3652    i.HAL_UART_Transmit  stm32f4xx_hal_uart.o
    0x08003f6a   0x08003f6a   0x00000002   Code   RO         3655    i.HAL_UART_TxCpltCallback  stm32f4xx_hal_uart.o
    0x08003f6c   0x08003f6c   0x00000002   Code   RO          672    i.HardFault_Handler  stm32f4xx_it.o
    0x08003f6e   0x08003f6e   0x00000002   PAD
    0x08003f70   0x08003f70   0x0000018c   Code   RO         6024    i.Init_test_AS5048  bsp_as5048.o
    0x080040fc   0x080040fc   0x00000018   Code   RO         6025    i.Init_test_AS5048_test  bsp_as5048.o
    0x08004114   0x08004114   0x0000005c   Code   RO         6659    i.LED_ALL_OFF       led_task.o
    0x08004170   0x08004170   0x00000044   Code   RO          378    i.MX_CAN1_Init      can.o
    0x080041b4   0x080041b4   0x00000044   Code   RO          379    i.MX_CAN2_Init      can.o
    0x080041f8   0x080041f8   0x0000005c   Code   RO          425    i.MX_DMA_Init       dma.o
    0x08004254   0x08004254   0x0000008c   Code   RO          320    i.MX_FREERTOS_Init  freertos.o
    0x080042e0   0x080042e0   0x00000190   Code   RO          296    i.MX_GPIO_Init      gpio.o
    0x08004470   0x08004470   0x0000004c   Code   RO          451    i.MX_SPI4_Init      spi.o
    0x080044bc   0x080044bc   0x00000068   Code   RO          494    i.MX_TIM2_Init      tim.o
    0x08004524   0x08004524   0x0000009c   Code   RO          495    i.MX_TIM4_Init      tim.o
    0x080045c0   0x080045c0   0x000000dc   Code   RO          496    i.MX_TIM8_Init      tim.o
    0x0800469c   0x0800469c   0x00000038   Code   RO          554    i.MX_UART7_Init     usart.o
    0x080046d4   0x080046d4   0x00000038   Code   RO          555    i.MX_UART8_Init     usart.o
    0x0800470c   0x0800470c   0x0000003c   Code   RO          556    i.MX_USART1_UART_Init  usart.o
    0x08004748   0x08004748   0x00000038   Code   RO          557    i.MX_USART2_UART_Init  usart.o
    0x08004780   0x08004780   0x00000038   Code   RO          558    i.MX_USART3_UART_Init  usart.o
    0x080047b8   0x080047b8   0x00000038   Code   RO          559    i.MX_USART6_UART_Init  usart.o
    0x080047f0   0x080047f0   0x00000002   Code   RO          673    i.MemManage_Handler  stm32f4xx_it.o
    0x080047f2   0x080047f2   0x00000002   Code   RO          674    i.NMI_Handler       stm32f4xx_it.o
    0x080047f4   0x080047f4   0x0000003c   Code   RO         6949    i.PID_struct_init   pid.o
    0x08004830   0x08004830   0x000000ac   Code   RO         6663    i.RUN_LED           led_task.o
    0x080048dc   0x080048dc   0x00000064   Code   RO         6026    i.SPI_AS5048A_1_ReadData  bsp_as5048.o
    0x08004940   0x08004940   0x00000064   Code   RO         6027    i.SPI_AS5048A_2_ReadData  bsp_as5048.o
    0x080049a4   0x080049a4   0x00000064   Code   RO         6028    i.SPI_AS5048A_3_ReadData  bsp_as5048.o
    0x08004a08   0x08004a08   0x00000064   Code   RO         6029    i.SPI_AS5048A_4_ReadData  bsp_as5048.o
    0x08004a6c   0x08004a6c   0x00000058   Code   RO         2369    i.SPI_EndRxTxTransaction  stm32f4xx_hal_spi.o
    0x08004ac4   0x08004ac4   0x000000b8   Code   RO         2374    i.SPI_WaitFlagStateUntilTimeout  stm32f4xx_hal_spi.o
    0x08004b7c   0x08004b7c   0x0000010c   Code   RO         6519    i.Set_speed         chassis_task.o
    0x08004c88   0x08004c88   0x0000002c   Code   RO         5228    i.SysTick_Handler   port.o
    0x08004cb4   0x08004cb4   0x000000a0   Code   RO           15    i.SystemClock_Config  main.o
    0x08004d54   0x08004d54   0x00000010   Code   RO         3973    i.SystemInit        system_stm32f4xx.o
    0x08004d64   0x08004d64   0x0000000c   Code   RO          675    i.TIM2_IRQHandler   stm32f4xx_it.o
    0x08004d70   0x08004d70   0x0000001c   Code   RO          676    i.TIM8_TRG_COM_TIM14_IRQHandler  stm32f4xx_it.o
    0x08004d8c   0x08004d8c   0x000000c8   Code   RO         2737    i.TIM_Base_SetConfig  stm32f4xx_hal_tim.o
    0x08004e54   0x08004e54   0x0000001a   Code   RO         2738    i.TIM_CCxChannelCmd  stm32f4xx_hal_tim.o
    0x08004e6e   0x08004e6e   0x00000014   Code   RO         2748    i.TIM_ETR_SetConfig  stm32f4xx_hal_tim.o
    0x08004e82   0x08004e82   0x00000010   Code   RO         2749    i.TIM_ITRx_SetConfig  stm32f4xx_hal_tim.o
    0x08004e92   0x08004e92   0x00000002   PAD
    0x08004e94   0x08004e94   0x00000060   Code   RO         2750    i.TIM_OC1_SetConfig  stm32f4xx_hal_tim.o
    0x08004ef4   0x08004ef4   0x0000006c   Code   RO         2751    i.TIM_OC2_SetConfig  stm32f4xx_hal_tim.o
    0x08004f60   0x08004f60   0x00000068   Code   RO         2752    i.TIM_OC3_SetConfig  stm32f4xx_hal_tim.o
    0x08004fc8   0x08004fc8   0x00000050   Code   RO         2753    i.TIM_OC4_SetConfig  stm32f4xx_hal_tim.o
    0x08005018   0x08005018   0x00000022   Code   RO         2755    i.TIM_TI1_ConfigInputStage  stm32f4xx_hal_tim.o
    0x0800503a   0x0800503a   0x00000024   Code   RO         2757    i.TIM_TI2_ConfigInputStage  stm32f4xx_hal_tim.o
    0x0800505e   0x0800505e   0x00000002   PAD
    0x08005060   0x08005060   0x0000007c   Code   RO         6031    i.Test_AS5048       bsp_as5048.o
    0x080050dc   0x080050dc   0x0000000c   Code   RO          677    i.UART7_IRQHandler  stm32f4xx_it.o
    0x080050e8   0x080050e8   0x0000000c   Code   RO          678    i.UART8_IRQHandler  stm32f4xx_it.o
    0x080050f4   0x080050f4   0x00000010   Code   RO         3657    i.UART_DMAAbortOnError  stm32f4xx_hal_uart.o
    0x08005104   0x08005104   0x0000004a   Code   RO         3658    i.UART_DMAError     stm32f4xx_hal_uart.o
    0x0800514e   0x0800514e   0x00000082   Code   RO         3659    i.UART_DMAReceiveCplt  stm32f4xx_hal_uart.o
    0x080051d0   0x080051d0   0x0000001a   Code   RO         3661    i.UART_DMARxHalfCplt  stm32f4xx_hal_uart.o
    0x080051ea   0x080051ea   0x0000004e   Code   RO         3667    i.UART_EndRxTransfer  stm32f4xx_hal_uart.o
    0x08005238   0x08005238   0x0000001c   Code   RO         3668    i.UART_EndTxTransfer  stm32f4xx_hal_uart.o
    0x08005254   0x08005254   0x000000c0   Code   RO         3669    i.UART_Receive_IT   stm32f4xx_hal_uart.o
    0x08005314   0x08005314   0x0000010c   Code   RO         3670    i.UART_SetConfig    stm32f4xx_hal_uart.o
    0x08005420   0x08005420   0x00000094   Code   RO         3671    i.UART_Start_Receive_DMA  stm32f4xx_hal_uart.o
    0x080054b4   0x080054b4   0x0000003a   Code   RO         3672    i.UART_Start_Receive_IT  stm32f4xx_hal_uart.o
    0x080054ee   0x080054ee   0x00000078   Code   RO         3673    i.UART_WaitOnFlagUntilTimeout  stm32f4xx_hal_uart.o
    0x08005566   0x08005566   0x00000002   PAD
    0x08005568   0x08005568   0x00000018   Code   RO          679    i.USART1_IRQHandler  stm32f4xx_it.o
    0x08005580   0x08005580   0x000000d0   Code   RO          680    i.USART2_IRQHandler  stm32f4xx_it.o
    0x08005650   0x08005650   0x0000000c   Code   RO          681    i.USART6_IRQHandler  stm32f4xx_it.o
    0x0800565c   0x0800565c   0x00000002   Code   RO          682    i.UsageFault_Handler  stm32f4xx_it.o
    0x0800565e   0x0800565e   0x00000002   PAD
    0x08005660   0x08005660   0x00000020   Code   RO         8716    i.__0printf         mc_w.l(printfa.o)
    0x08005680   0x08005680   0x00000030   Code   RO         8717    i.__0snprintf       mc_w.l(printfa.o)
    0x080056b0   0x080056b0   0x00000028   Code   RO         8718    i.__0sprintf        mc_w.l(printfa.o)
    0x080056d8   0x080056d8   0x0000002c   Code   RO         8721    i.__0vsnprintf      mc_w.l(printfa.o)
    0x08005704   0x08005704   0x00000030   Code   RO         8817    i.__ARM_fpclassify  m_wm.l(fpclassify.o)
    0x08005734   0x08005734   0x00000020   Code   RO         1933    i.__NVIC_SetPriority  stm32f4xx_hal_cortex.o
    0x08005754   0x08005754   0x00000008   Code   RO         8878    i.__aeabi_errno_addr  mc_w.l(errno.o)
    0x0800575c   0x0800575c   0x00000004   PAD
    0x08005760   0x08005760   0x000002d8   Code   RO         8357    i.__hardfp_atan     m_wm.l(atan.o)
    0x08005a38   0x08005a38   0x000001f0   Code   RO         8371    i.__hardfp_atan2    m_wm.l(atan2.o)
    0x08005c28   0x08005c28   0x00000038   Code   RO         8383    i.__hardfp_atof     m_wm.l(atof.o)
    0x08005c60   0x08005c60   0x000000c8   Code   RO         8389    i.__hardfp_cos      m_wm.l(cos.o)
    0x08005d28   0x08005d28   0x0000008e   Code   RO         8407    i.__hardfp_ldexpf   m_wm.l(ldexpf.o)
    0x08005db6   0x08005db6   0x00000002   PAD
    0x08005db8   0x08005db8   0x00000c50   Code   RO         8419    i.__hardfp_pow      m_wm.l(pow.o)
    0x08006a08   0x08006a08   0x000000c8   Code   RO         8433    i.__hardfp_sin      m_wm.l(sin.o)
    0x08006ad0   0x08006ad0   0x0000007a   Code   RO         8445    i.__hardfp_sqrt     m_wm.l(sqrt.o)
    0x08006b4a   0x08006b4a   0x00000006   PAD
    0x08006b50   0x08006b50   0x00000438   Code   RO         8836    i.__ieee754_rem_pio2  m_wm.l(rred.o)
    0x08006f88   0x08006f88   0x00000170   Code   RO         8794    i.__kernel_cos      m_wm.l(cos_i.o)
    0x080070f8   0x080070f8   0x000000f8   Code   RO         8833    i.__kernel_poly     m_wm.l(poly.o)
    0x080071f0   0x080071f0   0x00000130   Code   RO         8841    i.__kernel_sin      m_wm.l(sin_i.o)
    0x08007320   0x08007320   0x00000036   Code   RO         7001    i.__kfifo_in_data   kfifo.o
    0x08007356   0x08007356   0x00000036   Code   RO         7003    i.__kfifo_out_data  kfifo.o
    0x0800738c   0x0800738c   0x00000004   PAD
    0x08007390   0x08007390   0x00000030   Code   RO         8797    i.__mathlib_dbl_divzero  m_wm.l(dunder.o)
    0x080073c0   0x080073c0   0x00000014   Code   RO         8798    i.__mathlib_dbl_infnan  m_wm.l(dunder.o)
    0x080073d4   0x080073d4   0x00000014   Code   RO         8799    i.__mathlib_dbl_infnan2  m_wm.l(dunder.o)
    0x080073e8   0x080073e8   0x00000020   Code   RO         8800    i.__mathlib_dbl_invalid  m_wm.l(dunder.o)
    0x08007408   0x08007408   0x00000020   Code   RO         8801    i.__mathlib_dbl_overflow  m_wm.l(dunder.o)
    0x08007428   0x08007428   0x00000020   Code   RO         8803    i.__mathlib_dbl_underflow  m_wm.l(dunder.o)
    0x08007448   0x08007448   0x00000010   Code   RO         8823    i.__mathlib_flt_overflow  m_wm.l(funder.o)
    0x08007458   0x08007458   0x00000010   Code   RO         8825    i.__mathlib_flt_underflow  m_wm.l(funder.o)
    0x08007468   0x08007468   0x0000000c   Code   RO         8879    i.__read_errno      mc_w.l(errno.o)
    0x08007474   0x08007474   0x0000000e   Code   RO         8971    i.__scatterload_copy  mc_w.l(handlers.o)
    0x08007482   0x08007482   0x00000002   Code   RO         8972    i.__scatterload_null  mc_w.l(handlers.o)
    0x08007484   0x08007484   0x0000000e   Code   RO         8973    i.__scatterload_zeroinit  mc_w.l(handlers.o)
    0x08007492   0x08007492   0x00000002   PAD
    0x08007494   0x08007494   0x0000000c   Code   RO         8880    i.__set_errno       mc_w.l(errno.o)
    0x080074a0   0x080074a0   0x00000060   Code   RO         8005    i._fdb_continue_ff_addr  fdb_utils.o
    0x08007500   0x08007500   0x0000000e   Code   RO         7527    i._fdb_db_path      fdb.o
    0x0800750e   0x0800750e   0x0000001c   Code   RO         8006    i._fdb_flash_erase  fdb_utils.o
    0x0800752a   0x0800752a   0x0000001c   Code   RO         8007    i._fdb_flash_read   fdb_utils.o
    0x08007546   0x08007546   0x0000001c   Code   RO         8008    i._fdb_flash_write  fdb_utils.o
    0x08007562   0x08007562   0x00000002   PAD
    0x08007564   0x08007564   0x0000001e   Code   RO         8009    i._fdb_get_status   fdb_utils.o
    0x08007582   0x08007582   0x00000002   PAD
    0x08007584   0x08007584   0x00000258   Code   RO         7529    i._fdb_init_ex      fdb.o
    0x080077dc   0x080077dc   0x000000f0   Code   RO         7530    i._fdb_init_finish  fdb.o
    0x080078cc   0x080078cc   0x0000010c   Code   RO         7563    i._fdb_kv_load      fdb_kvdb.o
    0x080079d8   0x080079d8   0x00000088   Code   RO         8010    i._fdb_read_status  fdb_utils.o
    0x08007a60   0x08007a60   0x00000024   Code   RO         8011    i._fdb_set_status   fdb_utils.o
    0x08007a84   0x08007a84   0x000000cc   Code   RO         8012    i._fdb_write_status  fdb_utils.o
    0x08007b50   0x08007b50   0x00000184   Code   RO         8723    i._fp_digits        mc_w.l(printfa.o)
    0x08007cd4   0x08007cd4   0x0000000e   Code   RO         8893    i._is_digit         mc_w.l(scanf_fp.o)
    0x08007ce2   0x08007ce2   0x00000002   PAD
    0x08007ce4   0x08007ce4   0x000006dc   Code   RO         8724    i._printf_core      mc_w.l(printfa.o)
    0x080083c0   0x080083c0   0x00000024   Code   RO         8725    i._printf_post_padding  mc_w.l(printfa.o)
    0x080083e4   0x080083e4   0x0000002e   Code   RO         8726    i._printf_pre_padding  mc_w.l(printfa.o)
    0x08008412   0x08008412   0x00000016   Code   RO         8727    i._snputc           mc_w.l(printfa.o)
    0x08008428   0x08008428   0x0000000a   Code   RO         8728    i._sputc            mc_w.l(printfa.o)
    0x08008432   0x08008432   0x0000002a   Code   RO         6950    i.abs_limit         pid.o
    0x0800845c   0x0800845c   0x00000020   Code   RO         5792    i.agencylogHexDump  log.o
    0x0800847c   0x0800847c   0x0000001a   Code   RO         5793    i.agencylogSetLevel  log.o
    0x08008496   0x08008496   0x0000002a   Code   RO         7564    i.align_write       fdb_kvdb.o
    0x080084c0   0x080084c0   0x00000130   Code   RO         7565    i.alloc_kv          fdb_kvdb.o
    0x080085f0   0x080085f0   0x0000002c   Code   RO         7566    i.alloc_kv_cb       fdb_kvdb.o
    0x0800861c   0x0800861c   0x00000010   Code   RO         8359    i.atan              m_wm.l(atan.o)
    0x0800862c   0x0800862c   0x000000e8   Code   RO         7051    i.bldc_interface_fault_to_string  bldc_interface.o
    0x08008714   0x08008714   0x0000000c   Code   RO         7059    i.bldc_interface_init  bldc_interface.o
    0x08008720   0x08008720   0x00000b24   Code   RO         7060    i.bldc_interface_process_packet  bldc_interface.o
    0x08009244   0x08009244   0x0000000c   Code   RO         7084    i.bldc_interface_set_rx_value_func  bldc_interface.o
    0x08009250   0x08009250   0x0000001c   Code   RO         7314    i.bldc_interface_uart_init  bldc_interface_uart.o
    0x0800926c   0x0800926c   0x00000004   Code   RO         7315    i.bldc_interface_uart_process_byte  bldc_interface_uart.o
    0x08009270   0x08009270   0x00000264   Code   RO         6375    i.bldc_val_received  bsp_vesc.o
    0x080094d4   0x080094d4   0x0000002a   Code   RO         7377    i.buffer_append_int32  buffer.o
    0x080094fe   0x080094fe   0x00000018   Code   RO         7383    i.buffer_get_float16  buffer.o
    0x08009516   0x08009516   0x00000018   Code   RO         7384    i.buffer_get_float32  buffer.o
    0x0800952e   0x0800952e   0x00000002   PAD
    0x08009530   0x08009530   0x00000070   Code   RO         7385    i.buffer_get_float32_auto  buffer.o
    0x080095a0   0x080095a0   0x00000010   Code   RO         7386    i.buffer_get_int16  buffer.o
    0x080095b0   0x080095b0   0x00000018   Code   RO         7387    i.buffer_get_int32  buffer.o
    0x080095c8   0x080095c8   0x0000000e   Code   RO         7389    i.buffer_get_uint16  buffer.o
    0x080095d6   0x080095d6   0x00000018   Code   RO         7390    i.buffer_get_uint32  buffer.o
    0x080095ee   0x080095ee   0x0000004c   Code   RO         6110    i.can_filter_recv_special  bsp_can.o
    0x0800963a   0x0800963a   0x00000002   PAD
    0x0800963c   0x0800963c   0x000000b8   Code   RO         6475    i.chassis_behaviour_control_set  chassis_behaviour.o
    0x080096f4   0x080096f4   0x00000058   Code   RO         6476    i.chassis_behaviour_mode_set  chassis_behaviour.o
    0x0800974c   0x0800974c   0x00000154   Code   RO         6520    i.chassis_control_loop  chassis_task.o
    0x080098a0   0x080098a0   0x000000d8   Code   RO         6521    i.chassis_feedback_update  chassis_task.o
    0x08009978   0x08009978   0x00000118   Code   RO         6522    i.chassis_init      chassis_task.o
    0x08009a90   0x08009a90   0x00000354   Code   RO         6523    i.chassis_kinematics_wheel4_speed  chassis_task.o
    0x08009de4   0x08009de4   0x000000a4   Code   RO         6524    i.chassis_location_init  chassis_task.o
    0x08009e88   0x08009e88   0x00000074   Code   RO         6477    i.chassis_remote_move_control  chassis_behaviour.o
    0x08009efc   0x08009efc   0x00000118   Code   RO         6525    i.chassis_set_kinematics  chassis_task.o
    0x0800a014   0x0800a014   0x0000007c   Code   RO         6526    i.chassis_task      chassis_task.o
    0x0800a090   0x0800a090   0x0000001e   Code   RO         7567    i.check_and_recovery_gc_cb  fdb_kvdb.o
    0x0800a0ae   0x0800a0ae   0x00000002   PAD
    0x0800a0b0   0x0800a0b0   0x00000144   Code   RO         7568    i.check_and_recovery_kv_cb  fdb_kvdb.o
    0x0800a1f4   0x0800a1f4   0x000000f0   Code   RO         8280    i.check_and_update_part_cache  fal_partition.o
    0x0800a2e4   0x0800a2e4   0x0000001c   Code   RO         7569    i.check_oldest_addr_cb  fdb_kvdb.o
    0x0800a300   0x0800a300   0x000000a8   Code   RO         7570    i.check_sec_hdr_cb  fdb_kvdb.o
    0x0800a3a8   0x0800a3a8   0x0000002c   Code   RO         7354    i.crc16             crc.o
    0x0800a3d4   0x0800a3d4   0x00000298   Code   RO         7571    i.create_kv_blob    fdb_kvdb.o
    0x0800a66c   0x0800a66c   0x00000002   Code   RO         5940    i.data              commend.o
    0x0800a66e   0x0800a66e   0x00000002   PAD
    0x0800a670   0x0800a670   0x00000048   Code   RO         6204    i.dbus_uart_init    bsp_sbus.o
    0x0800a6b8   0x0800a6b8   0x00000160   Code   RO         7572    i.del_kv            fdb_kvdb.o
    0x0800a818   0x0800a818   0x0000019c   Code   RO         7573    i.do_gc             fdb_kvdb.o
    0x0800a9b4   0x0800a9b4   0x0000005c   Code   RO         8236    i.erase             fal_flash_stm32f4.o
    0x0800aa10   0x0800aa10   0x00000018   Code   RO         8813    i.fabs              m_wm.l(fabs.o)
    0x0800aa28   0x0800aa28   0x00000074   Code   RO         8211    i.fal_flash_device_find  fal_flash.o
    0x0800aa9c   0x0800aa9c   0x00000124   Code   RO         8212    i.fal_flash_init    fal_flash.o
    0x0800abc0   0x0800abc0   0x000000fc   Code   RO         8190    i.fal_init          fal.o
    0x0800acbc   0x0800acbc   0x0000015c   Code   RO         8282    i.fal_partition_erase  fal_partition.o
    0x0800ae18   0x0800ae18   0x00000070   Code   RO         8284    i.fal_partition_find  fal_partition.o
    0x0800ae88   0x0800ae88   0x0000002c   Code   RO         8285    i.fal_partition_init  fal_partition.o
    0x0800aeb4   0x0800aeb4   0x00000170   Code   RO         8286    i.fal_partition_read  fal_partition.o
    0x0800b024   0x0800b024   0x00000174   Code   RO         8287    i.fal_partition_write  fal_partition.o
    0x0800b198   0x0800b198   0x00000244   Code   RO         8289    i.fal_show_part_table  fal_partition.o
    0x0800b3dc   0x0800b3dc   0x00000006   Code   RO         8013    i.fdb_blob_make     fdb_utils.o
    0x0800b3e2   0x0800b3e2   0x00000002   PAD
    0x0800b3e4   0x0800b3e4   0x00000024   Code   RO         8015    i.fdb_calc_crc32    fdb_utils.o
    0x0800b408   0x0800b408   0x00000094   Code   RO         7575    i.fdb_kv_del        fdb_kvdb.o
    0x0800b49c   0x0800b49c   0x000000d0   Code   RO         7577    i.fdb_kv_get_blob   fdb_kvdb.o
    0x0800b56c   0x0800b56c   0x00000094   Code   RO         7583    i.fdb_kv_set_blob   fdb_kvdb.o
    0x0800b600   0x0800b600   0x0000008a   Code   RO         7584    i.fdb_kv_set_default  fdb_kvdb.o
    0x0800b68a   0x0800b68a   0x00000002   PAD
    0x0800b68c   0x0800b68c   0x000001c0   Code   RO         7588    i.fdb_kvdb_init     fdb_kvdb.o
    0x0800b84c   0x0800b84c   0x0000004e   Code   RO         7589    i.find_kv           fdb_kvdb.o
    0x0800b89a   0x0800b89a   0x00000036   Code   RO         7590    i.find_kv_cb        fdb_kvdb.o
    0x0800b8d0   0x0800b8d0   0x00000024   Code   RO         7591    i.find_kv_no_cache  fdb_kvdb.o
    0x0800b8f4   0x0800b8f4   0x00000098   Code   RO         7592    i.find_next_kv_addr  fdb_kvdb.o
    0x0800b98c   0x0800b98c   0x0000005c   Code   RO         8159    i.flash_delete_data  useflash.o
    0x0800b9e8   0x0800b9e8   0x000000b0   Code   RO         8290    i.flash_device_find_by_part  fal_partition.o
    0x0800ba98   0x0800ba98   0x00000098   Code   RO         8160    i.flashdb_creat_data  useflash.o
    0x0800bb30   0x0800bb30   0x00000168   Code   RO         8162    i.flashdb_get_set_data  useflash.o
    0x0800bc98   0x0800bc98   0x00000108   Code   RO         7593    i.format_sector     fdb_kvdb.o
    0x0800bda0   0x0800bda0   0x0000001c   Code   RO           16    i.fputc             main.o
    0x0800bdbc   0x0800bdbc   0x0000000e   Code   RO         7594    i.gc_check_cb       fdb_kvdb.o
    0x0800bdca   0x0800bdca   0x00000006   Code   RO         7595    i.gc_collect        fdb_kvdb.o
    0x0800bdd0   0x0800bdd0   0x00000100   Code   RO         7596    i.gc_collect_by_free_size  fdb_kvdb.o
    0x0800bed0   0x0800bed0   0x00000018   Code   RO         6112    i.get_chassis_motor_measure_point  bsp_can.o
    0x0800bee8   0x0800bee8   0x00000088   Code   RO         7597    i.get_kv_from_cache  fdb_kvdb.o
    0x0800bf70   0x0800bf70   0x0000004c   Code   RO         6113    i.get_motor_measure  bsp_can.o
    0x0800bfbc   0x0800bfbc   0x0000000a   Code   RO         6114    i.get_motor_offset  bsp_can.o
    0x0800bfc6   0x0800bfc6   0x00000056   Code   RO         7598    i.get_next_kv_addr  fdb_kvdb.o
    0x0800c01c   0x0800c01c   0x0000002a   Code   RO         7599    i.get_next_sector_addr  fdb_kvdb.o
    0x0800c046   0x0800c046   0x00000002   PAD
    0x0800c048   0x0800c048   0x00000008   Code   RO         6206    i.get_remote_control_point  bsp_sbus.o
    0x0800c050   0x0800c050   0x0000002a   Code   RO         7600    i.get_sector_from_cache  fdb_kvdb.o
    0x0800c07a   0x0800c07a   0x0000003c   Code   RO         6115    i.get_total_angle   bsp_can.o
    0x0800c0b6   0x0800c0b6   0x0000002a   Code   RO         7005    i.kfifo_in          kfifo.o
    0x0800c0e0   0x0800c0e0   0x0000000c   Code   RO         7006    i.kfifo_init        kfifo.o
    0x0800c0ec   0x0800c0ec   0x00000026   Code   RO         7007    i.kfifo_out         kfifo.o
    0x0800c112   0x0800c112   0x00000072   Code   RO         7601    i.kv_iterator       fdb_kvdb.o
    0x0800c184   0x0800c184   0x000001b8   Code   RO         8092    i.kvdb_basic_sample  kvdb_basic_sample.o
    0x0800c33c   0x0800c33c   0x00000018   Code   RO         6664    i.led_task          led_task.o
    0x0800c354   0x0800c354   0x0000017c   Code   RO         5794    i.logHexDump        log.o
    0x0800c4d0   0x0800c4d0   0x00000038   Code   RO         5795    i.logRegister       log.o
    0x0800c508   0x0800c508   0x000000a0   Code   RO         5796    i.logSetLevel       log.o
    0x0800c5a8   0x0800c5a8   0x00000044   Code   RO         5797    i.logSwitchLevel    log.o
    0x0800c5ec   0x0800c5ec   0x0000002c   Code   RO         5799    i.logWrite          log.o
    0x0800c618   0x0800c618   0x00000058   Code   RO         5800    i.logWriteBuffer    log.o
    0x0800c670   0x0800c670   0x00000164   Code   RO           17    i.main              main.o
    0x0800c7d4   0x0800c7d4   0x0000000c   Code   RO         4793    i.makeFreeRtosPriority  cmsis_os.o
    0x0800c7e0   0x0800c7e0   0x0000006c   Code   RO         8745    i.malloc            mc_w.l(malloc.o)
    0x0800c84c   0x0800c84c   0x00000108   Code   RO         6893    i.motor_handler     yutai_task.o
    0x0800c954   0x0800c954   0x00000088   Code   RO         6894    i.motors_init       yutai_task.o
    0x0800c9dc   0x0800c9dc   0x000001c8   Code   RO         7602    i.move_kv           fdb_kvdb.o
    0x0800cba4   0x0800cba4   0x00000056   Code   RO         6116    i.my_can_filter_init_recv_all  bsp_can.o
    0x0800cbfa   0x0800cbfa   0x00000002   PAD
    0x0800cbfc   0x0800cbfc   0x00000124   Code   RO         7603    i.new_kv            fdb_kvdb.o
    0x0800cd20   0x0800cd20   0x0000000e   Code   RO         4795    i.osDelay           cmsis_os.o
    0x0800cd2e   0x0800cd2e   0x0000000a   Code   RO         4798    i.osKernelStart     cmsis_os.o
    0x0800cd38   0x0800cd38   0x00000010   Code   RO         4813    i.osMutexCreate     cmsis_os.o
    0x0800cd48   0x0800cd48   0x00000054   Code   RO         4832    i.osThreadCreate    cmsis_os.o
    0x0800cd9c   0x0800cd9c   0x00000014   Code   RO         7495    i.packet_init       packet.o
    0x0800cdb0   0x0800cdb0   0x000000bc   Code   RO         7496    i.packet_process_byte  packet.o
    0x0800ce6c   0x0800ce6c   0x0000008c   Code   RO         7497    i.packet_send_packet  packet.o
    0x0800cef8   0x0800cef8   0x000001c4   Code   RO         6951    i.pid_calc          pid.o
    0x0800d0bc   0x0800d0bc   0x0000000e   Code   RO         6952    i.pid_param_init    pid.o
    0x0800d0ca   0x0800d0ca   0x00000006   Code   RO         6953    i.pid_reset         pid.o
    0x0800d0d0   0x0800d0d0   0x00000004   Code   RO         7317    i.process_packet    bldc_interface_uart.o
    0x0800d0d4   0x0800d0d4   0x00000070   Code   RO         4475    i.prvAddCurrentTaskToDelayedList  tasks.o
    0x0800d144   0x0800d144   0x000000d0   Code   RO         4476    i.prvAddNewTaskToReadyList  tasks.o
    0x0800d214   0x0800d214   0x0000006c   Code   RO         4152    i.prvCopyDataToQueue  queue.o
    0x0800d280   0x0800d280   0x00000034   Code   RO         4477    i.prvDeleteTCB      tasks.o
    0x0800d2b4   0x0800d2b4   0x0000004c   Code   RO         5160    i.prvHeapInit       heap_4.o
    0x0800d300   0x0800d300   0x00000060   Code   RO         4478    i.prvIdleTask       tasks.o
    0x0800d360   0x0800d360   0x00000016   Code   RO         4153    i.prvInitialiseMutex  queue.o
    0x0800d376   0x0800d376   0x00000016   Code   RO         4154    i.prvInitialiseNewQueue  queue.o
    0x0800d38c   0x0800d38c   0x00000098   Code   RO         4479    i.prvInitialiseNewTask  tasks.o
    0x0800d424   0x0800d424   0x0000004c   Code   RO         5161    i.prvInsertBlockIntoFreeList  heap_4.o
    0x0800d470   0x0800d470   0x00000020   Code   RO         4480    i.prvResetNextTaskUnblockTime  tasks.o
    0x0800d490   0x0800d490   0x00000028   Code   RO         5229    i.prvTaskExitError  port.o
    0x0800d4b8   0x0800d4b8   0x0000006a   Code   RO         4156    i.prvUnlockQueue    queue.o
    0x0800d522   0x0800d522   0x00000002   PAD
    0x0800d524   0x0800d524   0x000000dc   Code   RO         5162    i.pvPortMalloc      heap_4.o
    0x0800d600   0x0800d600   0x0000002c   Code   RO         5230    i.pxPortInitialiseStack  port.o
    0x0800d62c   0x0800d62c   0x0000018e   Code   RO         6207    i.rc_callback_handler  bsp_sbus.o
    0x0800d7ba   0x0800d7ba   0x00000002   PAD
    0x0800d7bc   0x0800d7bc   0x00000018   Code   RO         8237    i.read              fal_flash_stm32f4.o
    0x0800d7d4   0x0800d7d4   0x00000208   Code   RO         7605    i.read_kv           fdb_kvdb.o
    0x0800d9dc   0x0800d9dc   0x00000228   Code   RO         7606    i.read_sector_info  fdb_kvdb.o
    0x0800dc04   0x0800dc04   0x00000066   Code   RO         7607    i.sector_iterator   fdb_kvdb.o
    0x0800dc6a   0x0800dc6a   0x00000022   Code   RO         7608    i.sector_statistics_cb  fdb_kvdb.o
    0x0800dc8c   0x0800dc8c   0x0000004c   Code   RO         6376    i.send_package_0    bsp_vesc.o
    0x0800dcd8   0x0800dcd8   0x00000006   Code   RO         7318    i.send_packet_bldc_interface  bldc_interface_uart.o
    0x0800dcde   0x0800dcde   0x000000a0   Code   RO         7609    i.set_kv            fdb_kvdb.o
    0x0800dd7e   0x0800dd7e   0x0000002c   Code   RO         6117    i.set_motor         bsp_can.o
    0x0800ddaa   0x0800ddaa   0x00000042   Code   RO         6118    i.set_motor_A       bsp_can.o
    0x0800ddec   0x0800ddec   0x00000044   Code   RO         6119    i.set_motor_B       bsp_can.o
    0x0800de30   0x0800de30   0x00000244   Code   RO         6527    i.set_pos           chassis_task.o
    0x0800e074   0x0800e074   0x00000006   Code   RO         5307    i.shellBackspace    shell.o
    0x0800e07a   0x0800e07a   0x00000030   Code   RO         5308    i.shellCheckPermission  shell.o
    0x0800e0aa   0x0800e0aa   0x00000002   PAD
    0x0800e0ac   0x0800e0ac   0x0000001c   Code   RO         5309    i.shellClear        shell.o
    0x0800e0c8   0x0800e0c8   0x00000030   Code   RO         5310    i.shellClearCommandLine  shell.o
    0x0800e0f8   0x0800e0f8   0x00000014   Code   RO         5311    i.shellCmds         shell.o
    0x0800e10c   0x0800e10c   0x00000028   Code   RO         5716    i.shellCompanionAdd  shell_companion.o
    0x0800e134   0x0800e134   0x0000001a   Code   RO         5718    i.shellCompanionGet  shell_companion.o
    0x0800e14e   0x0800e14e   0x00000008   Code   RO         5312    i.shellDelete       shell.o
    0x0800e156   0x0800e156   0x00000002   PAD
    0x0800e158   0x0800e158   0x000000d6   Code   RO         5313    i.shellDeleteByte   shell.o
    0x0800e22e   0x0800e22e   0x00000002   PAD
    0x0800e230   0x0800e230   0x0000001c   Code   RO         5314    i.shellDeleteCommandLine  shell.o
    0x0800e24c   0x0800e24c   0x00000008   Code   RO         5315    i.shellDown         shell.o
    0x0800e254   0x0800e254   0x00000014   Code   RO         5316    i.shellEnter        shell.o
    0x0800e268   0x0800e268   0x00000090   Code   RO         5317    i.shellExec         shell.o
    0x0800e2f8   0x0800e2f8   0x0000003c   Code   RO         5752    i.shellExtParseChar  shell_ext.o
    0x0800e334   0x0800e334   0x0000010a   Code   RO         5753    i.shellExtParseNumber  shell_ext.o
    0x0800e43e   0x0800e43e   0x000000a0   Code   RO         5754    i.shellExtParsePara  shell_ext.o
    0x0800e4de   0x0800e4de   0x000000c6   Code   RO         5755    i.shellExtRun       shell_ext.o
    0x0800e5a4   0x0800e5a4   0x00000004   Code   RO         5318    i.shellGetCommandDesc  shell.o
    0x0800e5a8   0x0800e5a8   0x00000038   Code   RO         5319    i.shellGetCommandName  shell.o
    0x0800e5e0   0x0800e5e0   0x00000028   Code   RO         5320    i.shellGetCurrent   shell.o
    0x0800e608   0x0800e608   0x0000003e   Code   RO         5321    i.shellGetVarValue  shell.o
    0x0800e646   0x0800e646   0x00000002   PAD
    0x0800e648   0x0800e648   0x000000e8   Code   RO         5322    i.shellHandler      shell.o
    0x0800e730   0x0800e730   0x00000028   Code   RO         5323    i.shellHelp         shell.o
    0x0800e758   0x0800e758   0x00000098   Code   RO         5324    i.shellHistory      shell.o
    0x0800e7f0   0x0800e7f0   0x00000068   Code   RO         5325    i.shellHistoryAdd   shell.o
    0x0800e858   0x0800e858   0x000000a0   Code   RO         5326    i.shellInit         shell.o
    0x0800e8f8   0x0800e8f8   0x000000dc   Code   RO         5327    i.shellInsertByte   shell.o
    0x0800e9d4   0x0800e9d4   0x00000014   Code   RO         5328    i.shellKeys         shell.o
    0x0800e9e8   0x0800e9e8   0x00000020   Code   RO         5329    i.shellLeft         shell.o
    0x0800ea08   0x0800ea08   0x0000004c   Code   RO         5331    i.shellListCommand  shell.o
    0x0800ea54   0x0800ea54   0x000000f4   Code   RO         5332    i.shellListItem     shell.o
    0x0800eb48   0x0800eb48   0x00000050   Code   RO         5333    i.shellListKey      shell.o
    0x0800eb98   0x0800eb98   0x00000050   Code   RO         5334    i.shellListUser     shell.o
    0x0800ebe8   0x0800ebe8   0x00000050   Code   RO         5335    i.shellListVar      shell.o
    0x0800ec38   0x0800ec38   0x00000010   Code   RO         5336    i.shellNormalInput  shell.o
    0x0800ec48   0x0800ec48   0x00000078   Code   RO         5337    i.shellParserParam  shell.o
    0x0800ecc0   0x0800ecc0   0x00000020   Code   RO         5340    i.shellRight        shell.o
    0x0800ece0   0x0800ece0   0x000000b8   Code   RO         5342    i.shellRunCommand   shell.o
    0x0800ed98   0x0800ed98   0x0000006e   Code   RO         5344    i.shellSeekCommand  shell.o
    0x0800ee06   0x0800ee06   0x00000002   PAD
    0x0800ee08   0x0800ee08   0x00000060   Code   RO         5345    i.shellSetUser      shell.o
    0x0800ee68   0x0800ee68   0x00000058   Code   RO         5346    i.shellSetVar       shell.o
    0x0800eec0   0x0800eec0   0x00000070   Code   RO         5347    i.shellSetVarValue  shell.o
    0x0800ef30   0x0800ef30   0x000000b0   Code   RO         5348    i.shellShowVar      shell.o
    0x0800efe0   0x0800efe0   0x00000024   Code   RO         5349    i.shellStringCompare  shell.o
    0x0800f004   0x0800f004   0x00000018   Code   RO         5350    i.shellStringCopy   shell.o
    0x0800f01c   0x0800f01c   0x00000150   Code   RO         5351    i.shellTab          shell.o
    0x0800f16c   0x0800f16c   0x00000020   Code   RO         5352    i.shellTask         shell.o
    0x0800f18c   0x0800f18c   0x0000004c   Code   RO         5353    i.shellToDec        shell.o
    0x0800f1d8   0x0800f1d8   0x0000002a   Code   RO         5354    i.shellToHex        shell.o
    0x0800f202   0x0800f202   0x00000006   Code   RO         5355    i.shellUp           shell.o
    0x0800f208   0x0800f208   0x00000014   Code   RO         5356    i.shellUsers        shell.o
    0x0800f21c   0x0800f21c   0x00000014   Code   RO         5357    i.shellVars         shell.o
    0x0800f230   0x0800f230   0x00000058   Code   RO         5358    i.shellWriteCommandHelp  shell.o
    0x0800f288   0x0800f288   0x00000074   Code   RO         5359    i.shellWriteEndLine  shell.o
    0x0800f2fc   0x0800f2fc   0x0000005c   Code   RO         5360    i.shellWritePrompt  shell.o
    0x0800f358   0x0800f358   0x00000080   Code   RO         5361    i.shellWriteReturnValue  shell.o
    0x0800f3d8   0x0800f3d8   0x00000024   Code   RO         5362    i.shellWriteString  shell.o
    0x0800f3fc   0x0800f3fc   0x00000158   Code   RO         6777    i.solenoid_task     solenoid_task.o
    0x0800f554   0x0800f554   0x0000006e   Code   RO         8447    i.sqrt              m_wm.l(sqrt.o)
    0x0800f5c2   0x0800f5c2   0x00000002   PAD
    0x0800f5c4   0x0800f5c4   0x00000040   Code   RO         6896    i.steer_and_5065motor_handler  yutai_task.o
    0x0800f604   0x0800f604   0x0000017c   Code   RO         8238    i.stm32_get_sector  fal_flash_stm32f4.o
    0x0800f780   0x0800f780   0x000000c0   Code   RO         6208    i.sw_judge          bsp_sbus.o
    0x0800f840   0x0800f840   0x00000014   Code   RO         6724    i.test_task         test_task.o
    0x0800f854   0x0800f854   0x00000018   Code   RO         5877    i.uartLogWrite      shell_port.o
    0x0800f86c   0x0800f86c   0x00000060   Code   RO         6209    i.uart_receive_handler  bsp_sbus.o
    0x0800f8cc   0x0800f8cc   0x000000aa   Code   RO         7610    i.update_kv_cache   fdb_kvdb.o
    0x0800f976   0x0800f976   0x00000072   Code   RO         7611    i.update_sec_status  fdb_kvdb.o
    0x0800f9e8   0x0800f9e8   0x00000066   Code   RO         7612    i.update_sector_cache  fdb_kvdb.o
    0x0800fa4e   0x0800fa4e   0x00000002   PAD
    0x0800fa50   0x0800fa50   0x000000cc   Code   RO         5878    i.userShellInit     shell_port.o
    0x0800fb1c   0x0800fb1c   0x00000004   Code   RO         5879    i.userShellLock     shell_port.o
    0x0800fb20   0x0800fb20   0x00000020   Code   RO         5880    i.userShellRead     shell_port.o
    0x0800fb40   0x0800fb40   0x00000004   Code   RO         5881    i.userShellUnlock   shell_port.o
    0x0800fb44   0x0800fb44   0x0000001c   Code   RO         5882    i.userShellWrite    shell_port.o
    0x0800fb60   0x0800fb60   0x00000026   Code   RO         4111    i.uxListRemove      list.o
    0x0800fb86   0x0800fb86   0x00000002   PAD
    0x0800fb88   0x0800fb88   0x00000014   Code   RO          322    i.vApplicationGetIdleTaskMemory  freertos.o
    0x0800fb9c   0x0800fb9c   0x00000016   Code   RO         4112    i.vListInitialise   list.o
    0x0800fbb2   0x0800fbb2   0x00000006   Code   RO         4113    i.vListInitialiseItem  list.o
    0x0800fbb8   0x0800fbb8   0x00000030   Code   RO         4114    i.vListInsert       list.o
    0x0800fbe8   0x0800fbe8   0x00000018   Code   RO         4115    i.vListInsertEnd    list.o
    0x0800fc00   0x0800fc00   0x00000040   Code   RO         5232    i.vPortEnterCritical  port.o
    0x0800fc40   0x0800fc40   0x00000028   Code   RO         5233    i.vPortExitCritical  port.o
    0x0800fc68   0x0800fc68   0x00000064   Code   RO         5163    i.vPortFree         heap_4.o
    0x0800fccc   0x0800fccc   0x00000024   Code   RO         5234    i.vPortSetupTimerInterrupt  port.o
    0x0800fcf0   0x0800fcf0   0x0000004c   Code   RO         4489    i.vTaskDelay        tasks.o
    0x0800fd3c   0x0800fd3c   0x00000010   Code   RO         4492    i.vTaskInternalSetTimeOutState  tasks.o
    0x0800fd4c   0x0800fd4c   0x0000000c   Code   RO         4493    i.vTaskMissedYield  tasks.o
    0x0800fd58   0x0800fd58   0x00000030   Code   RO         4495    i.vTaskPlaceOnEventList  tasks.o
    0x0800fd88   0x0800fd88   0x0000006c   Code   RO         4502    i.vTaskStartScheduler  tasks.o
    0x0800fdf4   0x0800fdf4   0x00000010   Code   RO         4504    i.vTaskSuspendAll   tasks.o
    0x0800fe04   0x0800fe04   0x0000005c   Code   RO         4505    i.vTaskSwitchContext  tasks.o
    0x0800fe60   0x0800fe60   0x00000394   Code   RO         5941    i.var               commend.o
    0x080101f4   0x080101f4   0x0000006c   Code   RO         5943    i.var_init          commend.o
    0x08010260   0x08010260   0x00000058   Code   RO         5944    i.var_register      commend.o
    0x080102b8   0x080102b8   0x00000030   Code   RO         6377    i.vesc_init         bsp_vesc.o
    0x080102e8   0x080102e8   0x00000024   Code   RO         6378    i.vesc_set_point    bsp_vesc.o
    0x0801030c   0x0801030c   0x00000030   Code   RO         6379    i.vesc_set_rmp      bsp_vesc.o
    0x0801033c   0x0801033c   0x00000058   Code   RO         8239    i.write             fal_flash_stm32f4.o
    0x08010394   0x08010394   0x000000f4   Code   RO         5236    i.xPortStartScheduler  port.o
    0x08010488   0x08010488   0x00000016   Code   RO         4163    i.xQueueCreateMutex  queue.o
    0x0801049e   0x0801049e   0x0000001a   Code   RO         4164    i.xQueueCreateMutexStatic  queue.o
    0x080104b8   0x080104b8   0x00000042   Code   RO         4165    i.xQueueGenericCreate  queue.o
    0x080104fa   0x080104fa   0x00000066   Code   RO         4166    i.xQueueGenericCreateStatic  queue.o
    0x08010560   0x08010560   0x00000088   Code   RO         4167    i.xQueueGenericReset  queue.o
    0x080105e8   0x080105e8   0x00000160   Code   RO         4168    i.xQueueGenericSend  queue.o
    0x08010748   0x08010748   0x00000074   Code   RO         4507    i.xTaskCheckForTimeOut  tasks.o
    0x080107bc   0x080107bc   0x0000005a   Code   RO         4508    i.xTaskCreate       tasks.o
    0x08010816   0x08010816   0x00000056   Code   RO         4509    i.xTaskCreateStatic  tasks.o
    0x0801086c   0x0801086c   0x0000001c   Code   RO         4513    i.xTaskGetSchedulerState  tasks.o
    0x08010888   0x08010888   0x000000cc   Code   RO         4516    i.xTaskIncrementTick  tasks.o
    0x08010954   0x08010954   0x00000098   Code   RO         4519    i.xTaskPriorityDisinherit  tasks.o
    0x080109ec   0x080109ec   0x00000074   Code   RO         4521    i.xTaskRemoveFromEventList  tasks.o
    0x08010a60   0x08010a60   0x000000c4   Code   RO         4522    i.xTaskResumeAll    tasks.o
    0x08010b24   0x08010b24   0x0000001e   Code   RO         6897    i.yuntaiTask        yutai_task.o
    0x08010b42   0x08010b42   0x00000005   Data   RO           19    .constdata          main.o
    0x08010b47   0x08010b47   0x00000001   PAD
    0x08010b48   0x08010b48   0x0000008c   Data   RO          325    .constdata          freertos.o
    0x08010bd4   0x08010bd4   0x00000008   Data   RO         1632    .constdata          stm32f4xx_hal_dma.o
    0x08010bdc   0x08010bdc   0x00000010   Data   RO         3974    .constdata          system_stm32f4xx.o
    0x08010bec   0x08010bec   0x00000008   Data   RO         3975    .constdata          system_stm32f4xx.o
    0x08010bf4   0x08010bf4   0x00000007   Data   RO         5364    .constdata          shell.o
    0x08010bfb   0x08010bfb   0x00000001   Data   RO         5365    .constdata          shell.o
    0x08010bfc   0x08010bfc   0x0000000d   Data   RO         5366    .constdata          shell.o
    0x08010c09   0x08010c09   0x00000007   Data   RO         5367    .constdata          shell.o
    0x08010c10   0x08010c10   0x00000008   Data   RO         5368    .constdata          shell.o
    0x08010c18   0x08010c18   0x00000003   Data   RO         5369    .constdata          shell.o
    0x08010c1b   0x08010c1b   0x00000005   Data   RO         5370    .constdata          shell.o
    0x08010c20   0x08010c20   0x00000006   Data   RO         5371    .constdata          shell.o
    0x08010c26   0x08010c26   0x00000005   Data   RO         5372    .constdata          shell.o
    0x08010c2b   0x08010c2b   0x00000004   Data   RO         5373    .constdata          shell.o
    0x08010c2f   0x08010c2f   0x0000000a   Data   RO         5374    .constdata          shell.o
    0x08010c39   0x08010c39   0x0000000a   Data   RO         5375    .constdata          shell.o
    0x08010c43   0x08010c43   0x00000007   Data   RO         5376    .constdata          shell.o
    0x08010c4a   0x08010c4a   0x00000006   Data   RO         5377    .constdata          shell.o
    0x08010c50   0x08010c50   0x00000006   Data   RO         5378    .constdata          shell.o
    0x08010c56   0x08010c56   0x00000005   Data   RO         5379    .constdata          shell.o
    0x08010c5b   0x08010c5b   0x0000001e   Data   RO         5380    .constdata          shell.o
    0x08010c79   0x08010c79   0x00000006   Data   RO         5381    .constdata          shell.o
    0x08010c7f   0x08010c7f   0x0000000e   Data   RO         5382    .constdata          shell.o
    0x08010c8d   0x08010c8d   0x00000005   Data   RO         5383    .constdata          shell.o
    0x08010c92   0x08010c92   0x0000000d   Data   RO         5384    .constdata          shell.o
    0x08010c9f   0x08010c9f   0x00000005   Data   RO         5385    .constdata          shell.o
    0x08010ca4   0x08010ca4   0x0000000d   Data   RO         5386    .constdata          shell.o
    0x08010cb1   0x08010cb1   0x00000005   Data   RO         5387    .constdata          shell.o
    0x08010cb6   0x08010cb6   0x0000000d   Data   RO         5388    .constdata          shell.o
    0x08010cc3   0x08010cc3   0x00000006   Data   RO         5389    .constdata          shell.o
    0x08010cc9   0x08010cc9   0x0000000e   Data   RO         5390    .constdata          shell.o
    0x08010cd7   0x08010cd7   0x0000000c   Data   RO         5802    .constdata          log.o
    0x08010ce3   0x08010ce3   0x00000024   Data   RO         5803    .constdata          log.o
    0x08010d07   0x08010d07   0x00000008   Data   RO         5804    .constdata          log.o
    0x08010d0f   0x08010d0f   0x00000020   Data   RO         5805    .constdata          log.o
    0x08010d2f   0x08010d2f   0x00000011   Data   RO         5806    .constdata          log.o
    0x08010d40   0x08010d40   0x0000000c   Data   RO         5807    .constdata          log.o
    0x08010d4c   0x08010d4c   0x0000000e   Data   RO         5884    .constdata          shell_port.o
    0x08010d5a   0x08010d5a   0x00000005   Data   RO         5946    .constdata          commend.o
    0x08010d5f   0x08010d5f   0x00000015   Data   RO         5947    .constdata          commend.o
    0x08010d74   0x08010d74   0x00000004   Data   RO         5948    .constdata          commend.o
    0x08010d78   0x08010d78   0x00000017   Data   RO         5949    .constdata          commend.o
    0x08010d8f   0x08010d8f   0x00000004   Data   RO         5950    .constdata          commend.o
    0x08010d93   0x08010d93   0x00000001   PAD
    0x08010d94   0x08010d94   0x00000200   Data   RO         7355    .constdata          crc.o
    0x08010f94   0x08010f94   0x00000019   Data   RO         7531    .constdata          fdb.o
    0x08010fad   0x08010fad   0x00000046   Data   RO         7614    .constdata          fdb_kvdb.o
    0x08010ff3   0x08010ff3   0x00000001   PAD
    0x08010ff4   0x08010ff4   0x00000423   Data   RO         8016    .constdata          fdb_utils.o
    0x08011417   0x08011417   0x00000009   Data   RO         8192    .constdata          fal.o
    0x08011420   0x08011420   0x00000029   Data   RO         8213    .constdata          fal_flash.o
    0x08011449   0x08011449   0x00000003   PAD
    0x0801144c   0x0801144c   0x00000038   Data   RO         8240    .constdata          fal_flash_stm32f4.o
    0x08011484   0x08011484   0x00000139   Data   RO         8291    .constdata          fal_partition.o
    0x080115bd   0x080115bd   0x00000003   PAD
    0x080115c0   0x080115c0   0x00000098   Data   RO         8360    .constdata          m_wm.l(atan.o)
    0x08011658   0x08011658   0x00000088   Data   RO         8422    .constdata          m_wm.l(pow.o)
    0x080116e0   0x080116e0   0x00000030   Data   RO         8795    .constdata          m_wm.l(cos_i.o)
    0x08011710   0x08011710   0x00000008   Data   RO         8835    .constdata          m_wm.l(qnan.o)
    0x08011718   0x08011718   0x000000c8   Data   RO         8838    .constdata          m_wm.l(rred.o)
    0x080117e0   0x080117e0   0x00000028   Data   RO         8842    .constdata          m_wm.l(sin_i.o)
    0x08011808   0x08011808   0x00000081   Data   RO         8929    .constdata          mc_w.l(ctype_o.o)
    0x08011889   0x08011889   0x00000003   PAD
    0x0801188c   0x0801188c   0x00000004   Data   RO         8930    .constdata          mc_w.l(ctype_o.o)
    0x08011890   0x08011890   0x0000003f   Data   RO           20    .conststring        main.o
    0x080118cf   0x080118cf   0x00000001   PAD
    0x080118d0   0x080118d0   0x00000039   Data   RO          326    .conststring        freertos.o
    0x08011909   0x08011909   0x00000003   PAD
    0x0801190c   0x0801190c   0x000002a1   Data   RO         5391    .conststring        shell.o
    0x08011bad   0x08011bad   0x00000003   PAD
    0x08011bb0   0x08011bb0   0x00000048   Data   RO         5808    .conststring        log.o
    0x08011bf8   0x08011bf8   0x00000093   Data   RO         7532    .conststring        fdb.o
    0x08011c8b   0x08011c8b   0x00000001   PAD
    0x08011c8c   0x08011c8c   0x00000178   Data   RO         7615    .conststring        fdb_kvdb.o
    0x08011e04   0x08011e04   0x0000008f   Data   RO         8163    .conststring        useflash.o
    0x08011e93   0x08011e93   0x00000001   PAD
    0x08011e94   0x08011e94   0x0000005b   Data   RO         8214    .conststring        fal_flash.o
    0x08011eef   0x08011eef   0x00000001   PAD
    0x08011ef0   0x08011ef0   0x00000132   Data   RO         8292    .conststring        fal_partition.o
    0x08012022   0x08012022   0x00000002   PAD
    0x08012024   0x08012024   0x00000020   Data   RO         8969    Region$$Table       anon$$obj.o
    0x08012044   0x08012044   0x00000120   Data   RO         5393    shellCommand        shell.o
    0x08012164   0x08012164   0x00000030   Data   RO         5809    shellCommand        log.o
    0x08012194   0x08012194   0x00000020   Data   RO         5952    shellCommand        commend.o


    Execution Region RW_IRAM2 (Exec base: 0x10000000, Load base: 0x0801224c, Size: 0x00000000, Max: 0x00010000, ABSOLUTE)

    **** No section assigned to this execution region ****


    Execution Region RW_IRAM1 (Exec base: 0x20000000, Load base: 0x080121b4, Size: 0x00006d60, Max: 0x00030000, ABSOLUTE, COMPRESSED[0x00000098])

    Exec Addr    Load Addr    Size         Type   Attr      Idx    E Section Name        Object

    0x20000000   COMPRESSED   0x00000034   Data   RW           21    .data               main.o
    0x20000034   COMPRESSED   0x00000004   Data   RW           22    .data               main.o
    0x20000038   COMPRESSED   0x00000028   Data   RW           23    .data               main.o
    0x20000060   COMPRESSED   0x00000018   Data   RW          327    .data               freertos.o
    0x20000078   COMPRESSED   0x00000004   Data   RW          381    .data               can.o
    0x2000007c   COMPRESSED   0x0000001c   Data   RW          564    .data               usart.o
    0x20000098   COMPRESSED   0x00000001   Data   RW          571    .data               usart.o
    0x20000099   COMPRESSED   0x00000003   PAD
    0x2000009c   COMPRESSED   0x0000000c   Data   RW         2079    .data               stm32f4xx_hal.o
    0x200000a8   COMPRESSED   0x00000004   Data   RW         3976    .data               system_stm32f4xx.o
    0x200000ac   COMPRESSED   0x0000003c   Data   RW         4525    .data               tasks.o
    0x200000e8   COMPRESSED   0x00000020   Data   RW         5169    .data               heap_4.o
    0x20000108   COMPRESSED   0x0000000c   Data   RW         5237    .data               port.o
    0x20000114   COMPRESSED   0x00000054   Data   RW         5392    .data               shell.o
    0x20000168   COMPRESSED   0x00000010   Data   RW         5885    .data               shell_port.o
    0x20000178   COMPRESSED   0x00000020   Data   RW         5951    .data               commend.o
    0x20000198   COMPRESSED   0x00000004   Data   RW         6032    .data               bsp_as5048.o
    0x2000019c   COMPRESSED   0x00000003   Data   RW         6381    .data               bsp_vesc.o
    0x2000019f   COMPRESSED   0x00000001   Data   RW         6478    .data               chassis_behaviour.o
    0x200001a0   COMPRESSED   0x00000004   Data   RW         6529    .data               chassis_task.o
    0x200001a4   COMPRESSED   0x00000002   Data   RW         6780    .data               solenoid_task.o
    0x200001a6   COMPRESSED   0x00000002   PAD
    0x200001a8   COMPRESSED   0x00000008   Data   RW         6900    .data               yutai_task.o
    0x200001b0   COMPRESSED   0x00000074   Data   RW         7092    .data               bldc_interface.o
    0x20000224   COMPRESSED   0x00000001   Data   RW         7533    .data               fdb.o
    0x20000225   COMPRESSED   0x00000001   Data   RW         8193    .data               fal.o
    0x20000226   COMPRESSED   0x00000001   Data   RW         8215    .data               fal_flash.o
    0x20000227   COMPRESSED   0x00000001   PAD
    0x20000228   COMPRESSED   0x00000014   Data   RW         8293    .data               fal_partition.o
    0x2000023c   COMPRESSED   0x00000004   Data   RW         8861    .data               mc_w.l(stdout.o)
    0x20000240   COMPRESSED   0x00000004   Data   RW         8876    .data               mc_w.l(mvars.o)
    0x20000244   COMPRESSED   0x00000004   Data   RW         8877    .data               mc_w.l(mvars.o)
    0x20000248   COMPRESSED   0x00000004   Data   RW         8881    .data               mc_w.l(errno.o)
    0x2000024c        -       0x000002ec   Zero   RW           18    .bss                main.o
    0x20000538        -       0x00000254   Zero   RW          324    .bss                freertos.o
    0x2000078c        -       0x00000050   Zero   RW          380    .bss                can.o
    0x200007dc        -       0x00000058   Zero   RW          452    .bss                spi.o
    0x20000834        -       0x000000d8   Zero   RW          497    .bss                tim.o
    0x2000090c        -       0x000003d0   Zero   RW          560    .bss                usart.o
    0x20000cdc        -       0x00000010   Zero   RW          563    .bss                usart.o
    0x20000cec        -       0x00000018   Zero   RW          683    .bss                stm32f4xx_it.o
    0x20000d04        -       0x00000048   Zero   RW          836    .bss                stm32f4xx_hal_timebase_tim.o
    0x20000d4c        -       0x00000020   Zero   RW         1291    .bss                stm32f4xx_hal_flash.o
    0x20000d6c        -       0x000000f0   Zero   RW         4524    .bss                tasks.o
    0x20000e5c        -       0x00003c00   Zero   RW         5168    .bss                heap_4.o
    0x20004a5c        -       0x0000001d   Zero   RW         5363    .bss                shell.o
    0x20004a79   COMPRESSED   0x00000003   PAD
    0x20004a7c        -       0x00000114   Zero   RW         5801    .bss                log.o
    0x20004b90        -       0x00000308   Zero   RW         5883    .bss                shell_port.o
    0x20004e98        -       0x00000340   Zero   RW         6120    .bss                bsp_can.o
    0x200051d8        -       0x0000003b   Zero   RW         6210    .bss                bsp_sbus.o
    0x20005213   COMPRESSED   0x00000001   PAD
    0x20005214        -       0x00000854   Zero   RW         6528    .bss                chassis_task.o
    0x20005a68        -       0x00000144   Zero   RW         6898    .bss                yutai_task.o
    0x20005bac        -       0x00000694   Zero   RW         7091    .bss                bldc_interface.o
    0x20006240        -       0x00000420   Zero   RW         7499    .bss                packet.o
    0x20006660        -       0x00000300   Zero   RW            2    HEAP                startup_stm32f427xx.o
    0x20006960        -       0x00000400   Zero   RW            1    STACK               startup_stm32f427xx.o


==============================================================================

Image component sizes


      Code (inc. data)   RO Data    RW Data    ZI Data      Debug   Object Name

      3108        284          0        116       1684      14738   bldc_interface.o
        42          8          0          0          0       2438   bldc_interface_uart.o
      1000        182          0          4          0       7092   bsp_as5048.o
       702         18          0          0        832       8867   bsp_can.o
       766         22          0          0         59       4961   bsp_sbus.o
       820        392          0          3          0       3902   bsp_vesc.o
       280         20          0          0          0       5676   buffer.o
       420         40          0          4         80       2474   can.o
       388         38          0          1          0       5314   chassis_behaviour.o
      3104        234          0          4       2132       9823   chassis_task.o
       136          0          0          0          0      23857   cmsis_os.o
      1114        416         89         32          0       7794   commend.o
        44          6        512          0          0       1224   crc.o
        92          4          0          0          0        818   dma.o
         0          0          0          0          0      19952   event_groups.o
       252        178          9          1          0        803   fal.o
       408        212        132          1          0       2021   fal_flash.o
       584        108         56          0          0       5057   fal_flash_stm32f4.o
      2240       1214        619         20          0       8926   fal_partition.o
       854        414        172          1          0       3347   fdb.o
      7508       2102        446          0          0      44712   fdb_kvdb.o
       628        186       1059          0          0      14802   fdb_utils.o
       160         12        197         24        596       2421   freertos.o
       400         28          0          0          0       1211   gpio.o
       472         24          0         32      15360       7375   heap_4.o
       200          0          0          0          0       4764   kfifo.o
       440        280          0          0          0        744   kvdb_basic_sample.o
       288         14          0          0          0       2684   led_task.o
       138          0          0          0          0       3506   list.o
       854        240        237          0        276      10119   log.o
       592        138         68         96        748     820217   main.o
       348         24          0          0       1056       3153   packet.o
       574         16          0          0          0       4557   pid.o
       702         72          0         12          0      10932   port.o
       962         10          0          0          0      13977   queue.o
      4240        230       1188         84         29      48634   shell.o
        66          0          0          0          0       2036   shell_companion.o
       684          8          0          0          0       5426   shell_ext.o
       296        110         14         16        776       7428   shell_port.o
       344         32          0          2          0       2212   solenoid_task.o
       184         24          0          0         88       1673   spi.o
        36          8        428          0       1792        832   startup_stm32f427xx.o
        80         14          0         12          0       8198   stm32f4xx_hal.o
      1682          6          0          0          0      14905   stm32f4xx_hal_can.o
       158         14          0          0          0      33126   stm32f4xx_hal_cortex.o
      1154         16          8          0          0       8162   stm32f4xx_hal_dma.o
       540         66          0          0         32       6550   stm32f4xx_hal_flash.o
       388         24          0          0          0       4342   stm32f4xx_hal_flash_ex.o
       584         54          0          0          0       2851   stm32f4xx_hal_gpio.o
        56          4          0          0          0        858   stm32f4xx_hal_msp.o
       112         14          0          0          0       1276   stm32f4xx_hal_pwr_ex.o
      1412         86          0          0          0       5861   stm32f4xx_hal_rcc.o
      1300         12          0          0          0       6404   stm32f4xx_hal_spi.o
      2020        136          0          0          0      16790   stm32f4xx_hal_tim.o
       232         28          0          0          0       3249   stm32f4xx_hal_tim_ex.o
       152         20          0          0         72       1464   stm32f4xx_hal_timebase_tim.o
      2234         30          0          0          0      16809   stm32f4xx_hal_uart.o
       404        130          0          0         24      11030   stm32f4xx_it.o
         0          0          0          0          0        384   stream_buffer.o
        16          4         24          4          0       1115   system_stm32f4xx.o
      2008        150          0         60        240      24986   tasks.o
        20          0          0          0          0       1292   test_task.o
       736         64          0          0        216       3982   tim.o
      1276        138          0         29        992      17076   usart.o
       604        324        143          0          0       2200   useflash.o
       494         82          0          8        324       3925   yutai_task.o

    ----------------------------------------------------------------------
     54204       8764       5454        572      27412    1349334   Object Totals
         0          0         32          0          0          0   (incl. Generated)
        72          0         21          6          4          0   (incl. Padding)

    ----------------------------------------------------------------------

      Code (inc. data)   RO Data    RW Data    ZI Data      Debug   Library Member Name

       744        106        152          0          0        352   atan.o
       496         64          0          0          0        192   atan2.o
        56         12          0          0          0        132   atof.o
       200         20          0          0          0        164   cos.o
       368         46         48          0          0        200   cos_i.o
       184         44          0          0          0        744   dunder.o
        24          0          0          0          0        124   fabs.o
        48          0          0          0          0        124   fpclassify.o
        32         12          0          0          0        232   funder.o
       142          0          0          0          0        156   ldexpf.o
       248          0          0          0          0        152   poly.o
      3152        296        136          0          0        352   pow.o
         0          0          8          0          0          0   qnan.o
      1080        142        200          0          0        188   rred.o
       200         20          0          0          0        164   sin.o
       304         24         40          0          0        208   sin_i.o
       232          0          0          0          0        296   sqrt.o
        86          0          0          0          0          0   __dczerorl2.o
        28          0          0          0          0         68   _chval.o
        64          0          0          0          0         84   _sgetc.o
       158          0          0          0          0         92   _strtoul.o
        26          0          0          0          0         80   atoi.o
         8          4        133          0          0         68   ctype_o.o
         0          0          0          0          0          0   entry.o
         0          0          0          0          0          0   entry10a.o
         0          0          0          0          0          0   entry11a.o
         8          4          0          0          0          0   entry2.o
         4          0          0          0          0          0   entry5.o
         0          0          0          0          0          0   entry7b.o
         0          0          0          0          0          0   entry8b.o
         8          4          0          0          0          0   entry9a.o
        32         16          0          4          0        204   errno.o
        30          0          0          0          0          0   handlers.o
        36          8          0          0          0         68   init.o
        18          0          0          0          0         76   isspace_o.o
         0          0          0          0          0          0   iusefp.o
        30          0          0          0          0         68   llshl.o
        36          0          0          0          0         68   llsshr.o
        32          0          0          0          0         68   llushr.o
       108         16          0          0          0         84   malloc.o
        36          0          0          0          0         68   memcpya.o
        36          0          0          0          0        108   memseta.o
         0          0          0          8          0          0   mvars.o
      2422        104          0          0          0        836   printfa.o
       878         12          0          0          0        216   scanf_fp.o
         0          0          0          4          0          0   stdout.o
        28          0          0          0          0         76   strcmp.o
        18          0          0          0          0         68   strcpy.o
        14          0          0          0          0         68   strlen.o
        30          0          0          0          0         80   strncmp.o
        24          0          0          0          0         76   strncpy.o
       156         12          0          0          0        120   strtod.o
       112          0          0          0          0         88   strtol.o
        44          0          0          0          0         80   uidiv.o
        98          0          0          0          0         92   uldiv.o
        48          0          0          0          0         68   cdrcmple.o
        56          0          0          0          0         88   d2f.o
       334          0          0          0          0        148   dadd.o
       222          0          0          0          0        100   ddiv.o
       186          0          0          0          0        176   depilogue.o
        62          0          0          0          0         80   dfixi.o
        48          0          0          0          0         68   dfixul.o
        34          0          0          0          0         76   dflti.o
        26          0          0          0          0         76   dfltui.o
        24          0          0          0          0         76   dfltul.o
       228          0          0          0          0         96   dmul.o
        46          0          0          0          0         80   dscalb.o
       162          0          0          0          0        100   dsqrt.o
        38          0          0          0          0         68   f2d.o
       110          0          0          0          0        168   fepilogue.o
        24          0          0          0          0         68   fscalb.o

    ----------------------------------------------------------------------
     13786        970        720         16          0       8320   Library Totals
        20          4          3          0          0          0   (incl. Padding)

    ----------------------------------------------------------------------

      Code (inc. data)   RO Data    RW Data    ZI Data      Debug   Library Name

      7510        786        584          0          0       3780   m_wm.l
      4608        180        133         16          0       3004   mc_w.l
      1648          0          0          0          0       1536   mf_w.l

    ----------------------------------------------------------------------
     13786        970        720         16          0       8320   Library Totals

    ----------------------------------------------------------------------

==============================================================================


      Code (inc. data)   RO Data    RW Data    ZI Data      Debug   

     67990       9734       6174        588      27412    1310290   Grand Totals
     67990       9734       6174        152      27412    1310290   ELF Image Totals (compressed)
     67990       9734       6174        152          0          0   ROM Totals

==============================================================================

    Total RO  Size (Code + RO Data)                74164 (  72.43kB)
    Total RW  Size (RW Data + ZI Data)             28000 (  27.34kB)
    Total ROM Size (Code + RO Data + RW Data)      74316 (  72.57kB)

==============================================================================

